******************************************************************************
                  TI ARM Linker PC v16.9.1                     
******************************************************************************
>> Linked Mon May 15 21:51:27 2017

OUTPUT FILE NAME:   <rfWsnNode_CC1310_LAUNCHXL_tirtos_ccs.out>
ENTRY POINT SYMBOL: "ResetISR"  address: 000085f1


MEMORY CONFIGURATION

         name            origin    length      used     unused   attr    fill
----------------------  --------  ---------  --------  --------  ----  --------
  FLASH                 00000000   00020000  0000dde8  00012218  R  X
  SRAM                  20000000   00005000  000039db  00001625  RW X


SEGMENT ALLOCATION MAP

run origin  load origin   length   init length attrs members
----------  ----------- ---------- ----------- ----- -------
00000000    00000000    00000498   00000498    r--
  00000000    00000000    0000003c   0000003c    r-- .resetVecs
  00000040    00000040    00000458   00000458    r-- .cinit
00001000    00001000    0000d908   0000d908    r-x
  00001000    00001000    0000003c   0000003c    r-- .const:ti_sysbios_knl_Task_Object__PARAMS__C
  0000103c    0000103c    00000034   00000034    r-- .const:ti_sysbios_knl_Mailbox_Object__PARAMS__C
  00001070    00001070    00000030   00000030    r-- .const:ti_sysbios_family_arm_m3_Hwi_Object__PARAMS__C
  000010a0    000010a0    0000002c   0000002c    r-- .const:ti_sysbios_hal_Hwi_Object__PARAMS__C
  000010cc    000010cc    00000028   00000028    r-- .const:ti_sysbios_heaps_HeapMem_Module__FXNS__C
  000010f4    000010f4    00000028   00000028    r-- .const:ti_sysbios_knl_Swi_Object__PARAMS__C
  0000111c    0000111c    00000024   00000024    r-- .const:ti_sysbios_gates_GateHwi_Module__FXNS__C
  00001140    00001140    00000024   00000024    r-- .const:ti_sysbios_gates_GateMutex_Module__FXNS__C
  00001164    00001164    00000024   00000024    r-- .const:ti_sysbios_heaps_HeapMem_Object__PARAMS__C
  00001188    00001188    00000024   00000024    r-- .const:ti_sysbios_knl_Clock_Object__PARAMS__C
  000011ac    000011ac    00000024   00000024    r-- .const:ti_sysbios_knl_Semaphore_Object__PARAMS__C
  000011d0    000011d0    00000020   00000020    r-- .const:ti_sysbios_family_arm_m3_Hwi_Object__DESC__C
  000011f0    000011f0    00000020   00000020    r-- .const:ti_sysbios_gates_GateHwi_Object__DESC__C
  00001210    00001210    00000020   00000020    r-- .const:ti_sysbios_gates_GateMutex_Object__DESC__C
  00001230    00001230    00000020   00000020    r-- .const:ti_sysbios_hal_Hwi_Object__DESC__C
  00001250    00001250    00000020   00000020    r-- .const:ti_sysbios_heaps_HeapMem_Object__DESC__C
  00001270    00001270    00000020   00000020    r-- .const:ti_sysbios_knl_Clock_Object__DESC__C
  00001290    00001290    00000020   00000020    r-- .const:ti_sysbios_knl_Mailbox_Object__DESC__C
  000012b0    000012b0    00000020   00000020    r-- .const:ti_sysbios_knl_Queue_Object__DESC__C
  000012d0    000012d0    00000020   00000020    r-- .const:ti_sysbios_knl_Semaphore_Object__DESC__C
  000012f0    000012f0    00000020   00000020    r-- .const:ti_sysbios_knl_Swi_Object__DESC__C
  00001310    00001310    00000020   00000020    r-- .const:ti_sysbios_knl_Task_Object__DESC__C
  00001330    00001330    00000018   00000018    r-- .const:ti_sysbios_gates_GateHwi_Object__PARAMS__C
  00001348    00001348    00000018   00000018    r-- .const:ti_sysbios_gates_GateMutex_Object__PARAMS__C
  00001360    00001360    00000018   00000018    r-- .const:ti_sysbios_knl_Queue_Object__PARAMS__C
  00001378    00001378    00000008   00000008    r-- .const:ti_sysbios_knl_Idle_funcList__C
  00001384    00001384    00000004   00000004    r-- .const:ti_sysbios_family_arm_cc26xx_Timer_startupNeeded__C
  00001388    00001388    00000004   00000004    r-- .const:ti_sysbios_family_arm_m3_Hwi_E_alreadyDefined__C
  0000138c    0000138c    00000004   00000004    r-- .const:ti_sysbios_family_arm_m3_Hwi_E_hwiLimitExceeded__C
  00001390    00001390    00000004   00000004    r-- .const:ti_sysbios_family_arm_m3_Hwi_NUM_INTERRUPTS__C
  00001394    00001394    00000004   00000004    r-- .const:ti_sysbios_family_arm_m3_Hwi_Object__count__C
  00001398    00001398    00000004   00000004    r-- .const:ti_sysbios_family_arm_m3_Hwi_Object__table__C
  0000139c    0000139c    00000004   00000004    r-- .const:ti_sysbios_family_arm_m3_Hwi_ccr__C
  000013a0    000013a0    00000004   00000004    r-- .const:ti_sysbios_family_arm_m3_Hwi_excHandlerFunc__C
  000013a4    000013a4    00000004   00000004    r-- .const:ti_sysbios_family_arm_m3_Hwi_nullIsrFunc__C
  000013a8    000013a8    00000004   00000004    r-- .const:ti_sysbios_family_arm_m3_Hwi_numSparseInterrupts__C
  000013ac    000013ac    00000004   00000004    r-- .const:ti_sysbios_family_arm_m3_Hwi_priGroup__C
  000013b0    000013b0    00000004   00000004    r-- .const:ti_sysbios_family_arm_m3_TaskSupport_stackAlignment__C
  000013b4    000013b4    00000004   00000004    r-- .const:ti_sysbios_heaps_HeapMem_E_memory__C
  000013b8    000013b8    00000004   00000004    r-- .const:ti_sysbios_heaps_HeapMem_Module__gateObj__C
  000013bc    000013bc    00000004   00000004    r-- .const:ti_sysbios_heaps_HeapMem_Object__count__C
  000013c0    000013c0    00000004   00000004    r-- .const:ti_sysbios_heaps_HeapMem_Object__table__C
  000013c4    000013c4    00000004   00000004    r-- .const:ti_sysbios_heaps_HeapMem_reqAlign__C
  000013c8    000013c8    00000004   00000004    r-- .const:ti_sysbios_knl_Clock_serviceMargin__C
  000013cc    000013cc    00000004   00000004    r-- .const:ti_sysbios_knl_Mailbox_Object__count__C
  000013d0    000013d0    00000004   00000004    r-- .const:ti_sysbios_knl_Mailbox_Object__table__C
  000013d4    000013d4    00000004   00000004    r-- .const:ti_sysbios_knl_Mailbox_maxTypeAlign__C
  000013d8    000013d8    00000004   00000004    r-- .const:ti_sysbios_knl_Queue_Object__count__C
  000013dc    000013dc    00000004   00000004    r-- .const:ti_sysbios_knl_Queue_Object__table__C
  000013e0    000013e0    00000004   00000004    r-- .const:ti_sysbios_knl_Swi_Object__count__C
  000013e4    000013e4    00000004   00000004    r-- .const:ti_sysbios_knl_Swi_Object__table__C
  000013e8    000013e8    00000004   00000004    r-- .const:ti_sysbios_knl_Swi_numPriorities__C
  000013ec    000013ec    00000004   00000004    r-- .const:ti_sysbios_knl_Task_Object__count__C
  000013f0    000013f0    00000004   00000004    r-- .const:ti_sysbios_knl_Task_Object__table__C
  000013f4    000013f4    00000004   00000004    r-- .const:ti_sysbios_knl_Task_allBlockedFunc__C
  000013f8    000013f8    00000004   00000004    r-- .const:ti_sysbios_knl_Task_defaultStackHeap__C
  000013fc    000013fc    00000004   00000004    r-- .const:ti_sysbios_knl_Task_defaultStackSize__C
  00001400    00001400    00000004   00000004    r-- .const:ti_sysbios_knl_Task_numConstructedTasks__C
  00001406    00001406    00000002   00000002    r-- .const:ti_sysbios_family_arm_cc26xx_Timer_Module__id__C
  00001408    00001408    00000002   00000002    r-- .const:ti_sysbios_family_arm_cc26xx_TimestampProvider_useClockTimer__C
  0000140a    0000140a    00000002   00000002    r-- .const:ti_sysbios_family_arm_m3_Hwi_Module__id__C
  0000140c    0000140c    00000002   00000002    r-- .const:ti_sysbios_gates_GateHwi_Module__id__C
  0000140e    0000140e    00000002   00000002    r-- .const:ti_sysbios_gates_GateMutex_Module__id__C
  00001410    00001410    00000002   00000002    r-- .const:ti_sysbios_heaps_HeapMem_Module__id__C
  00001412    00001412    00000002   00000002    r-- .const:ti_sysbios_knl_Task_initStackFlag__C
  00001414    00001414    00000001   00000001    r-- .const:ti_sysbios_knl_Clock_tickMode__C
  00001418    00001418    00000008   00000008    r-- .const:xdc_runtime_Startup_firstFxns__C
  00001420    00001420    00000008   00000008    r-- .const:xdc_runtime_Startup_lastFxns__C
  00001428    00001428    00000004   00000004    r-- .const:xdc_runtime_Assert_E_assertFailed__C
  0000142c    0000142c    00000004   00000004    r-- .const:xdc_runtime_Error_E_memory__C
  00001430    00001430    00000004   00000004    r-- .const:xdc_runtime_Error_policyFxn__C
  00001434    00001434    00000004   00000004    r-- .const:xdc_runtime_IGateProvider_Interface__BASE__C
  00001438    00001438    00000004   00000004    r-- .const:xdc_runtime_IHeap_Interface__BASE__C
  0000143c    0000143c    00000004   00000004    r-- .const:xdc_runtime_IModule_Interface__BASE__C
  00001440    00001440    00000004   00000004    r-- .const:xdc_runtime_Main_Module__diagsEnabled__C
  00001444    00001444    00000004   00000004    r-- .const:xdc_runtime_Main_Module__diagsIncluded__C
  00001448    00001448    00000004   00000004    r-- .const:xdc_runtime_Main_Module__diagsMask__C
  0000144c    0000144c    00000004   00000004    r-- .const:xdc_runtime_Memory_defaultHeapInstance__C
  00001450    00001450    00000004   00000004    r-- .const:xdc_runtime_Startup_execImpl__C
  00001454    00001454    00000004   00000004    r-- .const:xdc_runtime_Startup_maxPasses__C
  00001458    00001458    00000004   00000004    r-- .const:xdc_runtime_Startup_sfxnRts__C
  0000145c    0000145c    00000004   00000004    r-- .const:xdc_runtime_Startup_sfxnTab__C
  00001460    00001460    00000004   00000004    r-- .const:xdc_runtime_Startup_startModsFxn__C
  00001464    00001464    00000004   00000004    r-- .const:xdc_runtime_SysCallback_abortFxn__C
  00001468    00001468    00000004   00000004    r-- .const:xdc_runtime_SysCallback_exitFxn__C
  0000146c    0000146c    00000004   00000004    r-- .const:xdc_runtime_System_abortFxn__C
  00001470    00001470    00000004   00000004    r-- .const:xdc_runtime_System_exitFxn__C
  00001474    00001474    00000004   00000004    r-- .const:xdc_runtime_System_maxAtexitHandlers__C
  00001478    00001478    00000004   00000004    r-- .const:xdc_runtime_Text_charTab__C
  0000147c    0000147c    00000004   00000004    r-- .const:xdc_runtime_Text_nameEmpty__C
  00001480    00001480    00000004   00000004    r-- .const:xdc_runtime_Text_nameStatic__C
  00001484    00001484    00000004   00000004    r-- .const:xdc_runtime_Text_nameUnknown__C
  00001488    00001488    00000002   00000002    r-- .const:xdc_runtime_Main_Module__id__C
  0000148a    0000148a    00000002   00000002    r-- .const:xdc_runtime_Memory_Module__id__C
  0000148c    0000148c    00000002   00000002    r-- .const:xdc_runtime_Text_charCnt__C
  0000148e    0000148e    00000002   00000002    r-- .const:xdc_runtime_Text_isLoaded__C
  00001490    00001490    00000001   00000001    r-- .const:xdc_runtime_Error_policy__C
  00001494    00001494    00000004   00000004    r-- .const:ti_sysbios_rom_ROM_AONRTCChannelEnable
  00001498    00001498    00000004   00000004    r-- .const:ti_sysbios_rom_ROM_AONRTCCompareValueSet
  0000149c    0000149c    00000004   00000004    r-- .const:ti_sysbios_rom_ROM_AONRTCCurrentCompareValueGet
  000014a0    000014a0    00000004   00000004    r-- .const:ti_sysbios_rom_ROM_AONRTCEventClear
  000014a4    000014a4    00000004   00000004    r-- .const:ti_sysbios_rom_ROM_ti_sysbios_family_arm_cc26xx_Timer_getCount64__E
  000014a8    000014a8    00000004   00000004    r-- .const:ti_sysbios_rom_ROM_ti_sysbios_family_arm_cc26xx_Timer_getCurrentTick__E
  000014ac    000014ac    00000004   00000004    r-- .const:ti_sysbios_rom_ROM_ti_sysbios_family_arm_cc26xx_Timer_getMaxTicks__E
  000014b0    000014b0    00000004   00000004    r-- .const:ti_sysbios_rom_ROM_ti_sysbios_family_arm_cc26xx_Timer_initDevice__I
  000014b4    000014b4    00000004   00000004    r-- .const:ti_sysbios_rom_ROM_ti_sysbios_family_arm_cc26xx_Timer_setNextTick__E
  000014b8    000014b8    00000004   00000004    r-- .const:ti_sysbios_rom_ROM_ti_sysbios_family_arm_cc26xx_Timer_setThreshold__I
  000014bc    000014bc    00000004   00000004    r-- .const:ti_sysbios_rom_ROM_ti_sysbios_family_arm_cc26xx_Timer_start__E
  000014c0    000014c0    00000004   00000004    r-- .const:ti_sysbios_rom_ROM_ti_sysbios_family_arm_cc26xx_TimestampProvider_get32__E
  000014c4    000014c4    00000004   00000004    r-- .const:ti_sysbios_rom_ROM_xdc_runtime_Startup_getState__I
  000014c8    000014c8    00000004   00000004    r-- .const:ti_sysbios_rom_ROM_xdc_runtime_System_SupportProxy_abort__E
  000014cc    000014cc    00000004   00000004    r-- .const:ti_sysbios_rom_ROM_xdc_runtime_System_SupportProxy_exit__E
  000014d0    000014d0    00000004   00000004    r-- .const:ti_sysbios_gates_GateMutex_Instance_State_sem__O
  000014d4    000014d4    00000004   00000004    r-- .const:ti_sysbios_knl_Clock_Module_State_clockQ__O
  000014d8    000014d8    00000004   00000004    r-- .const:ti_sysbios_knl_Mailbox_Instance_State_dataQue__O
  000014dc    000014dc    00000004   00000004    r-- .const:ti_sysbios_knl_Mailbox_Instance_State_dataSem__O
  000014e0    000014e0    00000004   00000004    r-- .const:ti_sysbios_knl_Mailbox_Instance_State_freeQue__O
  000014e4    000014e4    00000004   00000004    r-- .const:ti_sysbios_knl_Mailbox_Instance_State_freeSem__O
  000014e8    000014e8    00000004   00000004    r-- .const:ti_sysbios_knl_Semaphore_Instance_State_pendQ__O
  000014ec    000014ec    00000004   00000004    r-- .const:ti_sysbios_knl_Task_Module_State_inactiveQ__O
  000014f0    000014f0    00008b8c   00008b8c    r-x .text
  0000a07c    0000a07c    0000488c   0000488c    r-- .const
0001ffa8    0001ffa8    00000058   00000058    r--
  0001ffa8    0001ffa8    00000058   00000058    r-- .ccfg
20000100    20000100    000019e1   00000000    rw-
  20000100    20000100    00000044   00000000    rw- .data:ti_sysbios_knl_Task_Module__state__V
  20000144    20000144    00000034   00000000    rw- .data:ti_sysbios_family_arm_m3_Hwi_Module__state__V
  20000178    20000178    0000002c   00000000    rw- .data:ti_sysbios_knl_Clock_Module__state__V
  200001a4    200001a4    00000024   00000000    rw- .data:ti_sysbios_BIOS_Module__state__V
  200001c8    200001c8    0000001c   00000000    rw- .data:ti_sysbios_knl_Swi_Module__state__V
  200001e4    200001e4    00000008   00000000    rw- .data:ti_sysbios_family_arm_cc26xx_Timer_Module__state__V
  200001ec    200001ec    00000004   00000000    rw- .data:ti_sysbios_family_arm_cc26xx_TimestampProvider_Module__state__V
  200001f0    200001f0    00000008   00000000    rw- .data:xdc_runtime_Startup_Module__state__V
  200001f8    200001f8    00000008   00000000    rw- .data:xdc_runtime_System_Module__state__V
  20000200    20000200    00000004   00000000    rw- .data:xdc_runtime_Memory_Module__state__V
  20000208    20000208    000018d9   00000000    rw- .bss
20001ae8    20001ae8    00001000   00000000    r--
  20001ae8    20001ae8    00001000   00000000    r-- .priheap
20002ae8    20002ae8    00000b36   00000000    rw-
  20002ae8    20002ae8    00000b36   00000000    rw- .data
20004c00    20004c00    00000400   00000000    rw-
  20004c00    20004c00    00000400   00000000    rw- .stack


SECTION ALLOCATION MAP

 output                                  attributes/
section   page    origin      length       input sections
--------  ----  ----------  ----------   ----------------
.text      0    000014f0    00008b8c     
                  000014f0    00000434     rf_multiMode_cc13x0.aem3 : RFCC26XX_multiMode.oem3 (.text:fsmActiveState)
                  00001924    000003c4     EasyLink.obj (.text:EasyLink_init)
                  00001ce8    0000033c     rom_sysbios.aem3 : rom_sysbios.obj (.text:xdc_runtime_System_doPrint__I)
                  00002024    0000030c     drivers_cc13x0.aem3 : PowerCC26XX_calibrateRCOSC.oem3 (.text:PowerCC26XX_auxISR)
                  00002330    00000228     driverlib.lib : sys_ctrl.obj (.text:NOROM_SysCtrlSetRechargeBeforePowerDown)
                  00002558    00000228     drivers_cc13x0.aem3 : PowerCC26XX.oem3 (.text:Power_sleep)
                  00002780    000001f4     rtsv7M3_T_le_eabi.lib : ull_div_t2.obj (.text)
                  00002974    000001d4     NodeRadioTask.obj (.text:nodeRadioTaskFunction)
                  00002b48    000001b6     rtsv7M3_T_le_eabi.lib : fd_add_t2.obj (.text)
                  00002cfe    00000002     SceAdc.obj (.text:ctrlReadyCallback)
                  00002d00    000001b4     drivers_cc13x0.aem3 : PINCC26XX.oem3 (.text:PIN_init)
                  00002eb4    000001a4     rf_multiMode_cc13x0.aem3 : RFCC26XX_multiMode.oem3 (.text:fsmSetupState)
                  00003058    00000198     drivers_cc13x0.aem3 : PowerCC26XX_calibrateRCOSC.oem3 (.text:PowerCC26XX_doCalibrate)
                  000031f0    00000198                         : UARTCC26XX.oem3 (.text:UARTCC26XX_open)
                  00003388    00000188     EasyLink.obj (.text:rxDoneCallback)
                  00003510    00000174     NodeRadioTask.obj (.text:sendDmPacket)
                  00003684    00000170     EasyLink.obj (.text:EasyLink_receiveAsync)
                  000037f4    00000168     NodeTask.obj (.text:nodeTaskFunction)
                  0000395c    00000168     release_pem3.oem3 (.text:xdc_runtime_System_printfExtend__I)
                  00003ac4    00000160     EasyLink.obj (.text:enableTestMode)
                  00003c24    00000158     rf_multiMode_cc13x0.aem3 : RFCC26XX_multiMode.oem3 (.text:RF_postCmd)
                  00003d7c    00000154                              : RFCC26XX_multiMode.oem3 (.text:radioOpDoneCb)
                  00003ed0    00000150                              : RFCC26XX_multiMode.oem3 (.text:fsmChangePhyState)
                  00004020    00000150     smartrf_settings_predefined.obj (.text:rf_patch_mce_genook)
                  00004170    0000013c     EasyLink.obj (.text:EasyLink_transmit)
                  000042ac    00000134     drivers_cc13x0.aem3 : PowerCC26XX.oem3 (.text:Power_init)
                  000043e0    00000134     UartTask.obj (.text:UART_setup)
                  00004514    00000130     driverlib.lib : setup_rom.obj (.text:NOROM_SetupAfterColdResetWakeupFromShutDownCfg3)
                  00004644    00000130     rf_multiMode_cc13x0.aem3 : RFCC26XX_multiMode.oem3 (.text:rf_init)
                  00004774    00000128                              : RFCC26XX_multiMode.oem3 (.text:fsmPowerUpState)
                  0000489c    00000128     smartrf_settings.obj (.text:rf_patch_rfe_genfsk)
                  000049c4    00000128     smartrf_settings_predefined.obj (.text:rf_patch_rfe_genfsk)
                  00004aec    00000128     smartrf_settings_predefined.obj (.text:rf_patch_rfe_lrm)
                  00004c14    00000128     smartrf_settings_predefined.obj (.text:rf_patch_rfe_sl_longrange)
                  00004d3c    00000118     drivers_cc13x0.aem3 : UARTCC26XX.oem3 (.text:UARTCC26XX_read)
                  00004e54    00000118     UartTask.obj (.text:runProtocol)
                  00004f6c    00000114     smartrf_settings_predefined.obj (.text:rf_patch_mce_hsp_4mbps)
                  00005080    00000110     rf_multiMode_cc13x0.aem3 : RFCC26XX_multiMode.oem3 (.text:RF_close)
                  00005190    0000010c                              : RFCC26XX_multiMode.oem3 (.text:RF_open)
                  0000529c    0000010c                              : RFCC26XX_multiMode.oem3 (.text:hwiFxnCpe0Active)
                  000053a8    0000010a     drivers_cc13x0.aem3 : UARTCC26XX.oem3 (.text:UARTCC26XX_hwiIntFxn)
                  000054b2    00000002     rf_multiMode_cc13x0.aem3 : RFCC26XX_multiMode.oem3 (.text:defaultErrCb)
                  000054b4    00000100     scif_framework.obj (.text:scifInit)
                  000055b4    000000fc     drivers_cc13x0.aem3 : UARTCC26XX.oem3 (.text:UARTCC26XX_write)
                  000056b0    000000fc     rtsv7M3_T_le_eabi.lib : fd_mul_t2.obj (.text)
                  000057ac    000000f0     driverlib.lib : setup_rom.obj (.text:NOROM_SetupAfterColdResetWakeupFromShutDownCfg2)
                  0000589c    000000e8     rom_sysbios.aem3 : rom_sysbios.obj (.text:ti_sysbios_knl_Event_pend__E)
                  00005984    000000e0     scif_framework.obj (.text:scifCtrlTasksNbl)
                  00005a64    000000dc     drivers_cc13x0.aem3 : PINCC26XX.oem3 (.text:PINCC26XX_setIoCfg)
                  00005b40    000000d8     EasyLink.obj (.text:EasyLink_enableRxAddrFilter)
                  00005c18    000000d8     driverlib.lib : rfc.obj (.text:NOROM_RFCRTrim)
                  00005cf0    000000d8     smartrf_settings_predefined.obj (.text:rf_patch_rfe_genook)
                  00005dc8    000000d8     smartrf_settings_predefined.obj (.text:rf_patch_rfe_hsp_4mbps)
                  00005ea0    000000d4     driverlib.lib : rfc.obj (.text:NOROM_RFCRfTrimRead)
                  00005f74    000000d0     dpl_cc13x0.aem3 : PowerCC26XX_tirtos.oem3 (.text:PowerCC26XX_standbyPolicy)
                  00006044    000000c4     driverlib.lib : setup.obj (.text:TrimAfterColdResetWakeupFromShutDown)
                  00006108    000000c4     smartrf_settings_predefined.obj (.text:rf_patch_mce_sl_longrange)
                  000061cc    000000c0     EasyLink.obj (.text:EasyLink_setCtrl)
                  0000628c    000000bc     drivers_cc13x0.aem3 : PowerCC26XX.oem3 (.text:Power_releaseDependency)
                  00006348    000000bc                         : UARTCC26XX.oem3 (.text:UARTCC26XX_initHw)
                  00006404    000000b4     NodeTask.obj (.text:NodeTask_init)
                  000064b8    000000b4     drivers_cc13x0.aem3 : PowerCC26XX.oem3 (.text:Power_setDependency)
                  0000656c    000000b0     UartTask.obj (.text:uartTaskFunction)
                  0000661c    000000ac     NodeRadioTask.obj (.text:NodeRadioTask_init)
                  000066c8    000000a8     driverlib.lib : setup.obj (.text:NOROM_SetupTrimDevice)
                  00006770    000000a8     rf_multiMode_cc13x0.aem3 : RFCC26XX_multiMode.oem3 (.text:RF_issueRadioFreeCb)
                  00006818    000000a4     driverlib.lib : setup_rom.obj (.text:NOROM_SetupAfterColdResetWakeupFromShutDownCfg1)
                  000068bc    000000a4     rf_multiMode_cc13x0.aem3 : RFCC26XX_multiMode.oem3 (.text:RF_dispatchCmd)
                  00006960    000000a0     auto_init.aem3 : auto_init.oem3 (.text)
                  00006a00    0000009c     rtsv7M3_T_le_eabi.lib : memcpy_t2.obj (.text)
                  00006a9c    0000009c     rf_multiMode_cc13x0.aem3 : RFCC26XX_multiMode.oem3 (.text:swiFxnHw)
                  00006b38    00000098     drivers_cc13x0.aem3 : PINCC26XX.oem3 (.text:PIN_open)
                  00006bd0    00000098                         : UARTCC26XX.oem3 (.text:UARTCC26XX_initIO)
                  00006c68    00000098     rf_multiMode_cc13x0.aem3 : RFCC26XX_multiMode.oem3 (.text:hwiFxnCpe0PowerFsm)
                  00006d00    00000098     rom_sysbios.aem3 : rom_sysbios.obj (.text:ti_sysbios_knl_Clock_workFuncDynamic__E)
                  00006d98    00000094     drivers_cc13x0.aem3 : UARTCC26XX.oem3 (.text:writeFinishedDoCallback)
                  00006e2c    0000008c     rf_multiMode_cc13x0.aem3 : RFCC26XX_multiMode.oem3 (.text:RF_pendCmd)
                  00006eb8    0000008c     drivers_cc13x0.aem3 : UARTCC26XX.oem3 (.text:UARTCC26XX_close)
                  00006f44    0000008c                         : UARTCC26XX.oem3 (.text:UARTCC26XX_writeCancel)
                  00006fd0    0000008c     scif_framework.obj (.text:scifInitIo)
                  0000705c    00000088     drivers_cc13x0.aem3 : PowerCC26XX.oem3 (.text:disableLFClockQualifiers)
                  000070e4    00000086     rtsv7M3_T_le_eabi.lib : fd_cmp_t2.obj (.text:__aeabi_cdcmple)
                  0000716a    00000086                           : fd_cmp_t2.obj (.text:__aeabi_cdrcmple)
                  000071f0    00000084     drivers_cc13x0.aem3 : PowerCC26XX.oem3 (.text:switchXOSCHFclockFunc)
                  00007274    0000007a     rtsv7M3_T_le_eabi.lib : memset_t2.obj (.text)
                  000072ee    00000078     drivers_cc13x0.aem3 : UARTCC26XX.oem3 (.text:writeTxFifoFlush)
                  00007366    00000002                         : PowerCC26XX.oem3 (.text:emptyClockFunc)
                  00007368    00000074     driverlib.lib : setup_rom.obj (.text:NOROM_SetupSetVddrLevel)
                  000073dc    00000074     NodeRadioTask.obj (.text:resendPacket)
                  00007450    00000074     rom_sysbios.aem3 : rom_sysbios.obj (.text:ti_sysbios_family_arm_cc26xx_Timer_start__E)
                  000074c4    00000070     scif_framework.obj (.text:scifGetTaskStruct)
                  00007534    00000070     rom_sysbios.aem3 : rom_sysbios.obj (.text:ti_sysbios_knl_Event_post__E)
                  000075a4    0000006d                      : rom_sysbios.obj (.text:xdc_runtime_System_formatNum__I)
                  00007611    00000001     --HOLE-- [fill = 0]
                  00007612    00000002     smartrf_settings.obj (.text:enterGenfskSysPatch)
                  00007614    0000006c     drivers_cc13x0.aem3 : PowerCC26XX.oem3 (.text:PowerCC26XX_calibrate)
                  00007680    0000006c                         : PowerCC26XX_calibrateRCOSC.oem3 (.text:PowerCC26XX_initiateCalibration)
                  000076ec    00000068     driverlib.lib : setup_rom.obj (.text:NOROM_SetupGetTrimForAmpcompCtrl)
                  00007754    00000068                   : setup_rom.obj (.text:NOROM_SetupGetTrimForAnabypassValue1)
                  000077bc    00000068                   : sys_ctrl.obj (.text:NOROM_SysCtrl_DCDC_VoltageConditionalControl)
                  00007824    00000068     drivers_cc13x0.aem3 : UARTCC26XX.oem3 (.text:UARTCC26XX_readCancel)
                  0000788c    00000068     rtsv7M3_T_le_eabi.lib : copy_decompress_lzss.obj (.text:decompress:lzss)
                  000078f4    00000068     rf_multiMode_cc13x0.aem3 : RFCC26XX_multiMode.oem3 (.text:fsmXOSCState)
                  0000795c    00000068                              : RFCC26XX_multiMode.oem3 (.text:syncCb)
                  000079c4    00000064     driverlib.lib : osc.obj (.text:NOROM_OSCHF_AttemptToSwitchToXosc)
                  00007a28    00000064     rf_multiMode_cc13x0.aem3 : RFCC26XX_multiMode.oem3 (.text:dispatchOpWhen)
                  00007a8c    00000060     driverlib.lib : osc.obj (.text:NOROM_OSCClockSourceSet)
                  00007aec    00000060     drivers_cc13x0.aem3 : UARTCC26XX.oem3 (.text:UARTCC26XX_control)
                  00007b4c    00000060     UartTask.obj (.text:UartTask_init)
                  00007bac    00000060     smartrf_settings.obj (.text:configureGenfskPatch)
                  00007c0c    00000060     smartrf_settings_predefined.obj (.text:configureGenfskPatch)
                  00007c6c    00000060     smartrf_settings_predefined.obj (.text:configureGenookPatch)
                  00007ccc    00000060     smartrf_settings_predefined.obj (.text:configureLrmPatch)
                  00007d2c    00000060     smartrf_settings_predefined.obj (.text:configureSl_longrangePatch)
                  00007d8c    00000060     drivers_cc13x0.aem3 : PowerCC26XX.oem3 (.text:configureXOSCHF)
                  00007dec    0000005c     driverlib.lib : sys_ctrl.obj (.text:NOROM_SysCtrlAdjustRechargeAfterPowerDown)
                  00007e48    0000005c     NodeRadioTask.obj (.text:NodeRadioTask_sendAdcData)
                  00007ea4    0000005c     drivers_cc13x0.aem3 : PowerCC26XX_calibrateRCOSC.oem3 (.text:PowerCC26XX_RCOSC_clockFunc)
                  00007f00    0000005c     rf_multiMode_cc13x0.aem3 : RFCC26XX_multiMode.oem3 (.text:ratChanFree)
                  00007f5c    0000005c     rom_sysbios.aem3 : rom_sysbios.obj (.text:ti_sysbios_heaps_HeapMem_initPrimary__I)
                  00007fb8    0000005c     release_pem3.oem3 (.text:xdc_runtime_Startup_getState__I)
                  00008014    00000058     drivers_cc13x0.aem3 : PINCC26XX.oem3 (.text:PIN_remove)
                  0000806c    00000058     rf_multiMode_cc13x0.aem3 : RFCC26XX_multiMode.oem3 (.text:applyRfCorePatch)
                  000080c4    00000058     NodeRadioTask.obj (.text:rxDoneCallback)
                  0000811c    00000058     scif_framework.obj (.text:scifReinitIo)
                  00008174    00000058     scif_framework.obj (.text:scifUninitIo)
                  000081cc    00000054     rf_multiMode_cc13x0.aem3 : RFCC26XX_multiMode.oem3 (.text:RF_getCurrentTime)
                  00008220    00000054     SceAdc.obj (.text:SceAdc_init)
                  00008274    00000054     rf_multiMode_cc13x0.aem3 : RFCC26XX_multiMode.oem3 (.text:hwiFxnHw)
                  000082c8    00000050     driverlib.lib : setup_rom.obj (.text:NOROM_SetupSetCacheModeAccordingToCcfgSetting)
                  00008318    00000050     drivers_cc13x0.aem3 : UARTCC26XX.oem3 (.text:startTxFifoEmptyClk)
                  00008368    0000004c     rf_multiMode_cc13x0.aem3 : RFCC26XX_multiMode.oem3 (.text:RF_wakeupNotifyFxn)
                  000083b4    0000004c     rtsv7M3_T_le_eabi.lib : atoi.obj (.text)
                  00008400    0000004c                           : cpy_tbl.obj (.text)
                  0000844c    00000048     drivers_cc13x0.aem3 : PINCC26XX.oem3 (.text:PIN_setOutputEnable)
                  00008494    00000048     rf_multiMode_cc13x0.aem3 : RFCC26XX_multiMode.oem3 (.text:RF_checkCmdFsError)
                  000084dc    00000048     rtsv7M3_T_le_eabi.lib : fd_toi_t2.obj (.text)
                  00008524    00000044     drivers_cc13x0.aem3 : PINCC26XX.oem3 (.text:PIN_swi)
                  00008568    00000044     rf_multiMode_cc13x0.aem3 : RFCC26XX_multiMode.oem3 (.text:RF_releasePowerConstraint)
                  000085ac    00000044     drivers_cc13x0.aem3 : RingBuf.oem3 (.text:RingBuf_put)
                  000085f0    00000044     boot.aem3 : boot.oem3 (.text)
                  00008634    00000044     drivers_cc13x0.aem3 : PowerCC26XX.oem3 (.text:notify)
                  00008678    00000044     rtsv7M3_T_le_eabi.lib : fd_tou_t2.obj (.text)
                  000086bc    00000044     scif.obj (.text:scifStartRtcTicks)
                  00008700    00000040     drivers_cc13x0.aem3 : UART.oem3 (.text:UART_init)
                  00008740    00000040                         : UART.oem3 (.text:UART_open)
                  00008780    00000040     rtsv7M3_T_le_eabi.lib : u_divt2.obj (.text)
                  000087c0    00000040     scif.obj (.text:scifStartRtcTicksNow)
                  00008800    0000003e     drivers_cc13x0.aem3 : RingBuf.oem3 (.text:RingBuf_get)
                  0000883e    00000002     smartrf_settings_predefined.obj (.text:enterGenfskSysPatch)
                  00008840    0000003c     driverlib.lib : chipinfo.obj (.text:NOROM_ChipInfo_GetHwRevision)
                  0000887c    0000003c                   : osc.obj (.text:NOROM_OSC_HPOSCRelativeFrequencyOffsetGet)
                  000088b8    0000003c                   : rfc.obj (.text:NOROM_RFCSynthPowerDown)
                  000088f4    0000003c     drivers_cc13x0.aem3 : PowerCC26XX.oem3 (.text:PowerCC26XX_isStableXOSC_HF)
                  00008930    0000003c                         : PowerCC26XX.oem3 (.text:PowerCC26XX_switchXOSC_HF)
                  0000896c    0000003c     rf_multiMode_cc13x0.aem3 : RFCC26XX_multiMode.oem3 (.text:RF_runCmd)
                  000089a8    00000038     drivers_cc13x0.aem3 : PINCC26XX.oem3 (.text:PIN_setOutputValue)
                  000089e0    00000038     rf_multiMode_cc13x0.aem3 : RFCC26XX_multiMode.oem3 (.text:Q_end)
                  00008a18    00000038     drivers_cc13x0.aem3 : UARTCC26XX.oem3 (.text:UARTCC26XX_swiIntFxn)
                  00008a50    00000038                         : UARTCC26XX.oem3 (.text:readData)
                  00008a88    00000038     rtsv7M3_T_le_eabi.lib : fs_tod_t2.obj (.text)
                  00008ac0    00000038     drivers_cc13x0.aem3 : UARTCC26XX.oem3 (.text:writeData)
                  00008af8    00000034     CC1310_LAUNCHXL.obj (.text:CC1310_LAUNCHXL_initGeneral)
                  00008b2c    00000034     driverlib.lib : osc.obj (.text:NOROM_OSCHF_SwitchToRcOscTurnOffXosc)
                  00008b60    00000034     drivers_cc13x0.aem3 : PINCC26XX.oem3 (.text:PIN_setConfig)
                  00008b94    00000034                         : PowerCC26XX.oem3 (.text:Power_releaseConstraint)
                  00008bc8    00000034     rf_multiMode_cc13x0.aem3 : RFCC26XX_multiMode.oem3 (.text:Q_push)
                  00008bfc    00000034     NodeTask.obj (.text:buttonCallback)
                  00008c30    00000034     scif_framework.obj (.text:scifAckAlertEvents)
                  00008c64    00000034     SceAdc.obj (.text:taskAlertCallback)
                  00008c98    00000034     rom_sysbios.aem3 : rom_sysbios.obj (.text:ti_sysbios_family_arm_cc26xx_Timer_initDevice__I)
                  00008ccc    00000032                      : rom_sysbios.obj (.text:ti_sysbios_family_arm_cc26xx_Timer_setNextTick__E)
                  00008cfe    00000002     smartrf_settings_predefined.obj (.text:enterGenookSysPatch)
                  00008d00    00000030     driverlib.lib : chipinfo.obj (.text:NOROM_ChipInfo_GetChipType)
                  00008d30    00000030                   : setup_rom.obj (.text:NOROM_SetupSetAonRtcSubSecInc)
                  00008d60    00000030     drivers_cc13x0.aem3 : PowerCC26XX.oem3 (.text:Power_setConstraint)
                  00008d90    00000030     rf_multiMode_cc13x0.aem3 : RFCC26XX_multiMode.oem3 (.text:clkPowerUpFxn)
                  00008dc0    00000030     scif_framework.obj (.text:osalRegisterCtrlReadyInt)
                  00008df0    00000030     scif_framework.obj (.text:osalRegisterTaskAlertInt)
                  00008e20    00000030     drivers_cc13x0.aem3 : UARTCC26XX.oem3 (.text:readData2RingBuf)
                  00008e50    00000030     release_pem3.oem3 (.text:ti_sysbios_BIOS_atExitFunc__I)
                  00008e80    00000030     release_pem3.oem3 (.text:ti_sysbios_BIOS_startFunc__I)
                  00008eb0    00000030     rom_sysbios.aem3 : rom_sysbios.obj (.text:ti_sysbios_family_arm_cc26xx_Timer_getCurrentTick__E)
                  00008ee0    00000030                      : rom_sysbios.obj (.text:ti_sysbios_family_arm_cc26xx_Timer_setThreshold__I)
                  00008f10    0000002e     rfWsnNode.obj (.text:main)
                  00008f3e    0000002e     rtsv7M3_T_le_eabi.lib : i_tofd_t2.obj (.text)
                  00008f6c    0000002c     driverlib.lib : ddi.obj (.text:NOROM_DDI32RegWrite)
                  00008f98    0000002c                   : osc.obj (.text:NOROM_OSCClockSourceGet)
                  00008fc4    0000002c                   : rfc.obj (.text:NOROM_RFCCPEPatchReset)
                  00008ff0    0000002c                   : setup_rom.obj (.text:NOROM_SetupGetTrimForRadcExtCfg)
                  0000901c    0000002c     drivers_cc13x0.aem3 : PINCC26XX.oem3 (.text:PINCC26XX_setMux)
                  00009048    0000002c     EasyLink.obj (.text:asyncCmdCallback)
                  00009074    0000002c     rf_multiMode_cc13x0.aem3 : RFCC26XX_multiMode.oem3 (.text:getCmd)
                  000090a0    0000002c     scif_framework.obj (.text:osalLockCtrlTaskNbl)
                  000090cc    0000002c     rom_sysbios.aem3 : rom_sysbios.obj (.text:ti_sysbios_knl_Clock_getTicksUntilInterrupt__E)
                  000090f8    0000002c     release_pem3.oem3 (.text:ti_sysbios_knl_Event_construct)
                  00009124    0000002c     rom_sysbios.aem3 : rom_sysbios.obj (.text:ti_sysbios_knl_Event_pendTimeout__I)
                  00009150    0000002a                      : rom_sysbios.obj (.text:xdc_runtime_System_putchar__I)
                  0000917a    00000002     smartrf_settings_predefined.obj (.text:enterLrmSysPatch)
                  0000917c    00000028     driverlib.lib : aon_batmon.obj (.text:NOROM_AONBatMonTemperatureGetDegC)
                  000091a4    00000028     drivers_cc13x0.aem3 : PowerCC26XX.oem3 (.text:Power_registerNotify)
                  000091cc    00000028     driverlib.lib : adi.obj (.text:SafeHapiVoid)
                  000091f4    00000024     drivers_cc13x0.aem3 : PINCC26XX.oem3 (.text:PINCC26XX_getPinCount)
                  00009218    00000024     SceAdc.obj (.text:SceAdc_setReportInterval)
                  0000923c    00000024     NodeTask.obj (.text:adcCallback)
                  00009260    00000024     rf_multiMode_cc13x0.aem3 : RFCC26XX_multiMode.oem3 (.text:allocCmd)
                  00009284    00000024     scif_framework.obj (.text:osalIndicateCtrlReady)
                  000092a8    00000024     scif_framework.obj (.text:scifOsalInit)
                  000092cc    00000024     release_pem3.oem3 (.text:ti_sysbios_BIOS_registerRTSLock__I)
                  000092f0    00000024     release_pem3.oem3 (.text:ti_sysbios_BIOS_removeRTSLock__I)
                  00009314    00000024     rom_sysbios.aem3 : rom_sysbios.obj (.text:ti_sysbios_family_arm_cc26xx_Timer_getMaxTicks__E)
                  00009338    00000024                      : rom_sysbios.obj (.text:xdc_runtime_System_vprintf__E)
                  0000935c    00000022     drivers_cc13x0.aem3 : List.oem3 (.text:List_put)
                  0000937e    00000002     smartrf_settings_predefined.obj (.text:enterSl_longrangeSysPatch)
                  00009380    00000020     driverlib.lib : rfc.obj (.text:NOROM_RFCAdi3VcoLdoVoltageMode)
                  000093a0    00000020                   : rfc.obj (.text:NOROM_RFCDoorbellSendTo)
                  000093c0    00000020                   : setup_rom.obj (.text:NOROM_SetupGetTrimForXoscHfCtl)
                  000093e0    00000020     drivers_cc13x0.aem3 : PowerCC26XX.oem3 (.text:Power_unregisterNotify)
                  00009400    00000020     UartTask.obj (.text:manage_message)
                  00009420    00000020     NodeRadioTask.obj (.text:returnRadioOperationStatus)
                  00009440    00000020     release_pem3.oem3 (.text:ti_sysbios_BIOS_rtsLock__I)
                  00009460    00000020     rom_sysbios.aem3 : rom_sysbios.obj (.text:ti_sysbios_family_arm_cc26xx_Timer_dynamicStub__E)
                  00009480    00000020                      : rom_sysbios.obj (.text:ti_sysbios_knl_Clock_stop__E)
                  000094a0    00000020                      : rom_sysbios.obj (.text:ti_sysbios_knl_Event_checkEvents__I)
                  000094c0    00000020                      : rom_sysbios.obj (.text:xdc_runtime_Error_policyMin__E)
                  000094e0    0000001e     drivers_cc13x0.aem3 : PINCC26XX.oem3 (.text:PIN_close)
                  000094fe    0000001e                         : PowerCC26XX.oem3 (.text:Power_getTransitionLatency)
                  0000951c    0000001c     driverlib.lib : chipinfo.obj (.text:NOROM_ChipInfo_GetChipFamily)
                  00009538    0000001c                   : setup_rom.obj (.text:NOROM_SetupGetTrimForAmpcompTh2)
                  00009554    0000001c                   : setup_rom.obj (.text:NOROM_SetupGetTrimForRcOscLfRtuneCtuneTrim)
                  00009570    0000001c     drivers_cc13x0.aem3 : PINCC26XX.oem3 (.text:PINCC26XX_setIoCfgMux)
                  0000958c    0000001c                         : PINCC26XX.oem3 (.text:PIN_hwi)
                  000095a8    0000001c     rf_multiMode_cc13x0.aem3 : RFCC26XX_multiMode.oem3 (.text:RF_setPowerConstraint)
                  000095c4    0000001c                              : RFCC26XX_multiMode.oem3 (.text:clkInactivityFxn)
                  000095e0    0000001c     smartrf_settings.obj (.text:enterGenfskCpePatch)
                  000095fc    0000001c     smartrf_settings_predefined.obj (.text:enterGenfskCpePatch)
                  00009618    0000001c     smartrf_settings_predefined.obj (.text:enterGenookCpePatch)
                  00009634    0000001c     smartrf_settings_predefined.obj (.text:enterLrmCpePatch)
                  00009650    0000001c     smartrf_settings_predefined.obj (.text:enterSl_longrangeCpePatch)
                  0000966c    0000001c     rf_multiMode_cc13x0.aem3 : RFCC26XX_multiMode.oem3 (.text:hwiFxnCpe0ChangePhy)
                  00009688    0000001c     rom_sysbios.aem3 : rom_sysbios.obj (.text:ti_sysbios_family_arm_m3_Hwi_clearInterrupt__E)
                  000096a4    0000001a                      : rom_sysbios_config.obj (.text:xdc_runtime_System_printf__E)
                  000096be    00000002     rtsv7M3_T_le_eabi.lib : i_div0.obj (.text)
                  000096c0    00000018     driverlib.lib : aon_rtc.obj (.text:NOROM_AONRTCCurrentCompareValueGet)
                  000096d8    00000018                   : chipinfo.obj (.text:NOROM_ChipInfo_GetPackageType)
                  000096f0    00000018                   : osc.obj (.text:NOROM_OSCHF_TurnOnXosc)
                  00009708    00000018                   : rfc.obj (.text:NOROM_RFCCpeIntGetAndClear)
                  00009720    00000018                   : setup_rom.obj (.text:NOROM_SetupGetTrimForAdcShModeEn)
                  00009738    00000018                   : setup_rom.obj (.text:NOROM_SetupGetTrimForAdcShVbufEn)
                  00009750    00000018                   : setup_rom.obj (.text:NOROM_SetupGetTrimForAmpcompTh1)
                  00009768    00000018                   : setup_rom.obj (.text:NOROM_SetupGetTrimForDblrLoopFilterResetVoltage)
                  00009780    00000018                   : setup_rom.obj (.text:NOROM_SetupGetTrimForRcOscLfIBiasTrim)
                  00009798    00000018                   : setup_rom.obj (.text:NOROM_SetupGetTrimForXoscLfRegulatorAndCmirrwrRatio)
                  000097b0    00000018     drivers_cc13x0.aem3 : PowerCC26XX.oem3 (.text:Power_idleFunc)
                  000097c8    00000018                         : UARTCC26XX.oem3 (.text:UARTCC26XX_init)
                  000097e0    00000018                         : UART.oem3 (.text:UART_Params_init)
                  000097f8    00000018                         : PowerCC26XX.oem3 (.text:configureRFCoreClocks)
                  00009810    00000018     rtsv7M3_T_le_eabi.lib : args_main.obj (.text)
                  00009828    00000018                           : ll_mul_t2.obj (.text)
                  00009840    00000018     scif_framework.obj (.text:scifClearAlertIntSource)
                  00009858    00000018     rf_multiMode_cc13x0.aem3 : RFCC26XX_multiMode.oem3 (.text:swiFxnFsm)
                  00009870    00000018     release_pem3.oem3 (.text:ti_sysbios_BIOS_rtsUnlock__I)
                  00009888    00000018     rom_sysbios.aem3 : rom_sysbios.obj (.text:ti_sysbios_knl_Clock_getTimeout__E)
                  000098a0    00000018                      : rom_sysbios.obj (.text:ti_sysbios_knl_Swi_or__E)
                  000098b8    00000018     release_pem3.oem3 (.text:ti_sysbios_rom_cortexm_cc13xx_CC13xx_checkRevision__E)
                  000098d0    00000018     rom_sysbios.aem3 : rom_sysbios.obj (.text:xdc_runtime_Error_init__E)
                  000098e8    00000016     drivers_cc13x0.aem3 : List.oem3 (.text:List_remove)
                  000098fe    00000016     driverlib.lib : chipinfo.obj (.text:NOROM_ThisLibraryIsFor_CC13x0_HwRev20AndLater_HaltIfViolated)
                  00009914    00000016     rf_multiMode_cc13x0.aem3 : RFCC26XX_multiMode.oem3 (.text:Q_pop)
                  0000992a    00000016     release_pem3.oem3 (.text:ti_sysbios_BIOS_exitFunc__I)
                  00009940    00000016     scif_framework.obj (.text:ti_sysbios_family_arm_m3_Hwi_Params_init)
                  00009956    00000016     NodeRadioTask.obj (.text:ti_sysbios_knl_Event_Params_init)
                  0000996c    00000016     NodeTask.obj (.text:ti_sysbios_knl_Event_Params_init)
                  00009982    00000016     EasyLink.obj (.text:ti_sysbios_knl_Semaphore_Params_init)
                  00009998    00000016     NodeRadioTask.obj (.text:ti_sysbios_knl_Semaphore_Params_init)
                  000099ae    00000016     scif_framework.obj (.text:ti_sysbios_knl_Semaphore_Params_init)
                  000099c4    00000016     NodeRadioTask.obj (.text:ti_sysbios_knl_Task_Params_init)
                  000099da    00000016     NodeTask.obj (.text:ti_sysbios_knl_Task_Params_init)
                  000099f0    00000016     UartTask.obj (.text:ti_sysbios_knl_Task_Params_init)
                  00009a06    00000002     rom_sysbios.aem3 : rom_sysbios.obj (.text:ti_sysbios_BIOS_linkedWithIncorrectBootLibrary__E)
                  00009a08    00000014     NodeRadioTask.obj (.text:AONBatMonBatteryVoltageGet)
                  00009a1c    00000014     driverlib.lib : aon_rtc.obj (.text:NOROM_AONRTCCurrent64BitValueGet)
                  00009a30    00000014     drivers_cc13x0.aem3 : PINCC26XX.oem3 (.text:PINCC26XX_getInputValue)
                  00009a44    00000014                         : PINCC26XX.oem3 (.text:PINCC26XX_getOutputValue)
                  00009a58    00000014     rf_multiMode_cc13x0.aem3 : RFCC26XX_multiMode.oem3 (.text:RF_Params_init)
                  00009a6c    00000014     SceAdc.obj (.text:SceAdc_registerAdcCallback)
                  00009a80    00000014     scif_framework.obj (.text:osalIndicateTaskAlert)
                  00009a94    00000014     rtsv7M3_T_le_eabi.lib : _lock.obj (.text)
                  00009aa8    00000014                           : strlen.obj (.text)
                  00009abc    00000014     scif_framework.obj (.text:scifOsalRegisterCtrlReadyCallback)
                  00009ad0    00000014     scif_framework.obj (.text:scifOsalRegisterTaskAlertCallback)
                  00009ae4    00000014     release_pem3.oem3 (.text:ti_sysbios_knl_Clock_doTick__I)
                  00009af8    00000014     rom_sysbios.aem3 : rom_sysbios.obj (.text:ti_sysbios_knl_Event_Instance_init__E)
                  00009b0c    00000012     drivers_cc13x0.aem3 : RingBuf.oem3 (.text:RingBuf_construct)
                  00009b1e    00000012     scif_framework.obj (.text:scifStartTasksNbl)
                  00009b30    00000012     scif.obj (.text:scifTaskResourceInit)
                  00009b42    00000012     release_pem3.oem3 (.text:xdc_runtime_Startup_exec__I)
                  00009b54    00000010     driverlib.lib : rfc.obj (.text:NOROM_RFCRfTrimSet)
                  00009b64    00000010                   : setup_rom.obj (.text:NOROM_SetupGetTrimForXoscHfFastStart)
                  00009b74    00000010                   : setup_rom.obj (.text:NOROM_SetupGetTrimForXoscHfIbiastherm)
                  00009b84    00000010     smartrf_settings.obj (.text:applyGenfskPatch)
                  00009b94    00000010     smartrf_settings_predefined.obj (.text:applyGenfskPatch)
                  00009ba4    00000010     smartrf_settings_predefined.obj (.text:applyGenookPatch)
                  00009bb4    00000010     smartrf_settings_predefined.obj (.text:applyLrmPatch)
                  00009bc4    00000010     smartrf_settings_predefined.obj (.text:applySl_longrangePatch)
                  00009bd4    00000010     NodeTask.obj (.text:fastReportTimeoutCallback)
                  00009be4    00000010     rom_sysbios.aem3 : rom_sysbios.obj (.text:ti_sysbios_family_arm_m3_Hwi_post__E)
                  00009bf4    00000010     drivers_cc13x0.aem3 : UARTCC26XX.oem3 (.text:uartPostNotify)
                  00009c04    00000010     rom_sysbios.aem3 : rom_sysbios.obj (.text:xdc_runtime_SysCallback_putch__E)
                  00009c14    00000010                      : rom_sysbios.obj (.text:xdc_runtime_SysCallback_ready__E)
                  00009c24    0000000e     driverlib.lib : vims.obj (.text:NOROM_VIMSModeGet)
                  00009c32    0000000e     rtsv7M3_T_le_eabi.lib : copy_decompress_none.obj (.text:decompress:none)
                  00009c40    0000000e     scif_framework.obj (.text:osalCtrlReadyIsr)
                  00009c4e    0000000e     scif_framework.obj (.text:osalTaskAlertIsr)
                  00009c5c    0000000e     scif.obj (.text:scifTaskResourceUninit)
                  00009c6a    0000000e     rom_sysbios.aem3 : rom_sysbios.obj (.text:ti_sysbios_family_arm_cc26xx_TimestampProvider_get32__E)
                  00009c78    0000000c     rf_multiMode_cc13x0.aem3 : RFCC26XX_multiMode.oem3 (.text:FsmNextState)
                  00009c84    0000000c     drivers_cc13x0.aem3 : List.oem3 (.text:List_empty)
                  00009c90    0000000c     driverlib.lib : cpu.obj (.text:NOROM_CPUcpsid)
                  00009c9c    0000000c                   : cpu.obj (.text:NOROM_CPUcpsie)
                  00009ca8    0000000c                   : osc.obj (.text:NOROM_OSC_HPOSCRelativeFrequencyOffsetToRFCoreFormatConvert)
                  00009cb4    0000000c     drivers_cc13x0.aem3 : PINCC26XX.oem3 (.text:PIN_registerIntCb)
                  00009cc0    0000000c                         : PowerCC26XX.oem3 (.text:Power_getConstraintMask)
                  00009ccc    0000000c                         : PowerCC26XX.oem3 (.text:Power_getDependencyCount)
                  00009cd8    0000000c     NodeRadioTask.obj (.text:TRNGDisable)
                  00009ce4    0000000c     NodeRadioTask.obj (.text:TRNGEnable)
                  00009cf0    0000000c     NodeRadioTask.obj (.text:TRNGStatusGet)
                  00009cfc    0000000c     rtsv7M3_T_le_eabi.lib : copy_zero_init.obj (.text:decompress:ZI)
                  00009d08    0000000c     scif_framework.obj (.text:osalUnlockCtrlTaskNbl)
                  00009d14    0000000c     scif_framework.obj (.text:scifGetAlertEvents)
                  00009d20    0000000c     scif_framework.obj (.text:scifOsalLeaveCriticalSection)
                  00009d2c    0000000c     NodeTask.obj (.text:ti_sysbios_knl_Clock_handle)
                  00009d38    0000000c     release_pem3.oem3 (.text:ti_sysbios_knl_Event_Params__init__S)
                  00009d44    0000000c     NodeRadioTask.obj (.text:ti_sysbios_knl_Event_handle)
                  00009d50    0000000c     NodeTask.obj (.text:ti_sysbios_knl_Event_handle)
                  00009d5c    0000000c     NodeRadioTask.obj (.text:ti_sysbios_knl_Semaphore_handle)
                  00009d68    0000000c     scif_framework.obj (.text:ti_sysbios_knl_Semaphore_handle)
                  00009d74    0000000c     rom_sysbios.aem3 : rom_sysbios.obj (.text:ti_sysbios_knl_Swi_getTrigger__E)
                  00009d80    0000000c     release_pem3.oem3 (.text:xdc_runtime_Startup_reset__I)
                  00009d8c    0000000c     rom_sysbios.aem3 : rom_sysbios.obj (.text:xdc_runtime_Startup_rtsDone__E)
                  00009d98    0000000a     SceAdc.obj (.text:SceAdc_start)
                  00009da2    0000000a     drivers_cc13x0.aem3 : UART.oem3 (.text:UART_read)
                  00009dac    0000000a                         : UART.oem3 (.text:UART_write)
                  00009db6    0000000a     scif_framework.obj (.text:osalClearCtrlReadyInt)
                  00009dc0    0000000a     scif_framework.obj (.text:osalClearTaskAlertInt)
                  00009dca    0000000a     scif_framework.obj (.text:osalDisableCtrlReadyInt)
                  00009dd4    0000000a     scif_framework.obj (.text:osalDisableTaskAlertInt)
                  00009dde    0000000a     scif_framework.obj (.text:osalEnableCtrlReadyInt)
                  00009de8    0000000a     scif_framework.obj (.text:osalEnableTaskAlertInt)
                  00009df2    00000008     drivers_cc13x0.aem3 : UARTCC26XX.oem3 (.text:readSemCallback)
                  00009dfa    00000008     smartrf_settings.obj (.text:rf_patch_cpe_genfsk)
                  00009e02    00000008     smartrf_settings_predefined.obj (.text:rf_patch_cpe_genfsk)
                  00009e0a    00000008     smartrf_settings_predefined.obj (.text:rf_patch_cpe_genook)
                  00009e12    00000008     smartrf_settings_predefined.obj (.text:rf_patch_cpe_lrm)
                  00009e1a    00000008     smartrf_settings_predefined.obj (.text:rf_patch_cpe_sl_longrange)
                  00009e22    00000008     scif_framework.obj (.text:scifOsalEnterCriticalSection)
                  00009e2a    00000008     drivers_cc13x0.aem3 : UARTCC26XX.oem3 (.text:writeSemCallback)
                  00009e32    00000006     driverlib.lib : cpu.obj (.text:NOROM_CPUdelay)
                  00009e38    00000006     drivers_cc13x0.aem3 : UARTCC26XX.oem3 (.text:UARTCC26XX_readPolling)
                  00009e3e    00000006                         : UARTCC26XX.oem3 (.text:UARTCC26XX_writePolling)
                  00009e44    00000006     rf_multiMode_cc13x0.aem3 : RFCC26XX_multiMode.oem3 (.text:clkReqAccessFxn)
                  00009e4a    00000006     rom_sysbios.aem3 : rom_sysbios.obj (.text:ti_sysbios_family_arm_m3_Hwi_setFunc__E)
                  00009e50    00000004     dpl_cc13x0.aem3 : PowerCC26XX_tirtos.oem3 (.text:CPUwfi)
                  00009e54    00000004                     : HwiP_tirtos.oem3 (.text:HwiP_disable)
                  00009e58    00000004     drivers_cc13x0.aem3 : List.oem3 (.text:List_head)
                  00009e5c    00000004                         : List.oem3 (.text:List_next)
                  00009e60    00000004     rf_multiMode_cc13x0.aem3 : RFCC26XX_multiMode.oem3 (.text:Q_peek)
                  00009e64    00000004     drivers_cc13x0.aem3 : PowerCC26XX.oem3 (.text:nopResourceHandler)
                  00009e68    00000004     rom_sysbios.aem3 : rom_sysbios.obj (.text:ti_sysbios_family_arm_cc26xx_Timer_getCount64__E)
                  00009e6c    00000004                      : rom_sysbios.obj (.text:ti_sysbios_knl_Clock_isActive__E)
                  00009e70    00000004                      : rom_sysbios.obj (.text:xdc_runtime_SysCallback_defaultReady)
                  00009e74    00000004                      : rom_sysbios.obj (.text:xdc_runtime_System_printf_va__F)
                  00009e78    00000002     release_pem3.oem3 (.text:ti_sysbios_BIOS_nullFunc__I)
                  00009e7a    00000002     rom_sysbios.aem3 : rom_sysbios.obj (.text:ti_sysbios_knl_Clock_triggerFunc__I)
                  00009e7c    00000002     release_pem3.oem3 (.text:ti_sysbios_rom_cortexm_cc13xx_CC13xx_badRomRevision__E)
                  00009e7e    00000002     rom_sysbios.aem3 : rom_sysbios.obj (.text:xdc_runtime_SysCallback_defaultAbort)
                  00009e80    00000002                      : rom_sysbios.obj (.text:xdc_runtime_SysCallback_defaultExit)
                  00009e82    00000002                      : rom_sysbios.obj (.text:xdc_runtime_SysCallback_defaultPutch)
                  00009e84    00000008     (.tramp.ti_sysbios_family_arm_m3_Hwi_disableInterrupt__E.1)
                  00009e8c    00000008     (.tramp.xdc_runtime_Core_assignParams__I.1)
                  00009e94    00000008     (.tramp.xdc_runtime_Startup_startMods__I.1)
                  00009e9c    00000008     (.tramp.ti_sysbios_knl_Queue_construct.1)
                  00009ea4    00000008     (.tramp.ti_sysbios_knl_Clock_logTick__E.1)
                  00009eac    00000008     (.tramp.ti_sysbios_knl_Task_Params__init__S.1)
                  00009eb4    00000008     (.tramp.ti_sysbios_BIOS_RtsGateProxy_leave__E.1)
                  00009ebc    00000008     (.tramp.ti_sysbios_BIOS_RtsGateProxy_enter__E.1)
                  00009ec4    00000008     (.tramp.xdc_runtime_Core_constructObject__I.1)
                  00009ecc    00000008     (.tramp.ti_sysbios_BIOS_start__E.1)
                  00009ed4    00000008     (.tramp.ti_sysbios_knl_Task_startup__E.1)
                  00009edc    00000008     (.tramp.ti_sysbios_knl_Swi_startup__E.1)
                  00009ee4    00000008     (.tramp.ti_sysbios_hal_Hwi_startup__E.1)
                  00009eec    00000008     (.tramp.ti_sysbios_family_arm_cc26xx_Timer_startup__E.1)
                  00009ef4    00000008     (.tramp.xdc_runtime_System_atexit__E.1)
                  00009efc    00000008     (.tramp.ti_sysbios_BIOS_setThreadType__E.1)
                  00009f04    00000008     (.tramp.xdc_runtime_System_exit__E.1)
                  00009f0c    00000008     (.tramp.ti_sysbios_heaps_HeapMem_restore__E.1)
                  00009f14    00000008     (.tramp.ti_sysbios_heaps_HeapMem_Object__get__S.1)
                  00009f1c    00000008     (.tramp.ti_sysbios_knl_Task_unblockI__E.1)
                  00009f24    00000008     (.tramp.ti_sysbios_knl_Queue_remove__E.1)
                  00009f2c    00000008     (.tramp.ti_sysbios_knl_Queue_head__E.1)
                  00009f34    00000008     (.tramp.ti_sysbios_knl_Queue_empty__E.1)
                  00009f3c    00000008     (.tramp.ti_sysbios_knl_Clock_scheduleNextTick__E.1)
                  00009f44    00000008     (.tramp.ti_sysbios_knl_Clock_walkQueueDynamic__E.1)
                  00009f4c    00000008     (.tramp.ti_sysbios_knl_Clock_TimerProxy_getCurrentTick__E.1)
                  00009f54    00000008     (.tramp.ti_sysbios_knl_Task_construct.1)
                  00009f5c    00000008     (.tramp.ti_sysbios_BIOS_getCpuFreq__E.1)
                  00009f64    00000008     (.tramp.ti_sysbios_knl_Clock_removeI__E.1)
                  00009f6c    00000008     (.tramp.ti_sysbios_knl_Clock_startI__E.1)
                  00009f74    00000008     (.tramp.ti_sysbios_knl_Task_blockI__E.1)
                  00009f7c    00000008     (.tramp.ti_sysbios_knl_Queue_enqueue__E.1)
                  00009f84    00000008     (.tramp.ti_sysbios_knl_Task_self__E.1)
                  00009f8c    00000008     (.tramp.ti_sysbios_knl_Clock_addI__E.1)
                  00009f94    00000008     (.tramp.ti_sysbios_family_arm_m3_Hwi_destruct.1)
                  00009f9c    00000008     (.tramp.ti_sysbios_knl_Swi_destruct.1)
                  00009fa4    00000008     (.tramp.ti_sysbios_knl_Clock_destruct.1)
                  00009fac    00000008     (.tramp.ti_sysbios_knl_Semaphore_destruct.1)
                  00009fb4    00000008     (.tramp.ti_sysbios_knl_Swi_post__E.1)
                  00009fbc    00000008     (.tramp.ti_sysbios_family_arm_m3_Hwi_enableInterrupt__E.1)
                  00009fc4    00000008     (.tramp.ti_sysbios_knl_Task_sleep__E.1)
                  00009fcc    00000008     (.tramp.ti_sysbios_knl_Clock_setTimeout__E.1)
                  00009fd4    00000008     (.tramp.ti_sysbios_knl_Clock_construct.1)
                  00009fdc    00000008     (.tramp.ti_sysbios_knl_Clock_Params__init__S.1)
                  00009fe4    00000008     (.tramp.ti_sysbios_knl_Clock_start__E.1)
                  00009fec    00000008     (.tramp.xdc_runtime_System_abortSpin__E.1)
                  00009ff4    00000008     (.tramp.ti_sysbios_knl_Swi_construct.1)
                  00009ffc    00000008     (.tramp.ti_sysbios_knl_Swi_Params__init__S.1)
                  0000a004    00000008     (.tramp.ti_sysbios_family_arm_m3_Hwi_construct.1)
                  0000a00c    00000008     (.tramp.ti_sysbios_family_arm_m3_Hwi_Params__init__S.1)
                  0000a014    00000008     (.tramp.ti_sysbios_knl_Semaphore_construct.1)
                  0000a01c    00000008     (.tramp.ti_sysbios_knl_Semaphore_Params__init__S.1)
                  0000a024    00000008     (.tramp.ti_sysbios_knl_Clock_getTicks__E.1)
                  0000a02c    00000008     (.tramp.xdc_runtime_System_abort__E.1)
                  0000a034    00000008     (.tramp.ti_sysbios_knl_Swi_restore__E.1)
                  0000a03c    00000008     (.tramp.ti_sysbios_knl_Swi_disable__E.1)
                  0000a044    00000008     (.tramp.ti_sysbios_knl_Task_restore__E.1)
                  0000a04c    00000008     (.tramp.ti_sysbios_knl_Task_disable__E.1)
                  0000a054    00000008     (.tramp.ti_sysbios_knl_Semaphore_create.1)
                  0000a05c    00000008     (.tramp.ti_sysbios_knl_Semaphore_pend__E.1)
                  0000a064    00000008     (.tramp.ti_sysbios_knl_Semaphore_post__E.1)
                  0000a06c    00000008     (.tramp.ti_sysbios_family_arm_m3_Hwi_restoreFxn__E.1)
                  0000a074    00000008     (.tramp.ti_sysbios_family_arm_m3_Hwi_disableFxn__E.1)

.const     0    0000a07c    0000488c     
                  0000a07c    0000073c     smartrf_settings_predefined.obj (.const:patchGenookMce)
                  0000a7b8    000006b4     smartrf_settings.obj (.const:patchGenfskRfe)
                  0000ae6c    000006b4     smartrf_settings_predefined.obj (.const:patchGenfskRfe)
                  0000b520    000006b4     smartrf_settings_predefined.obj (.const:patchLrmRfe)
                  0000bbd4    000006b4     smartrf_settings_predefined.obj (.const:patchSl_longrangeRfe)
                  0000c288    000006a4     smartrf_settings_predefined.obj (.const:patchGenookRfe)
                  0000c92c    00000504     smartrf_settings_predefined.obj (.const:patchHsp4mbpsRfe)
                  0000ce30    00000400     smartrf_settings_predefined.obj (.const:patchSl_longrangeMce)
                  0000d230    000003f0     smartrf_settings_predefined.obj (.const:patchHsp4mbpsMce)
                  0000d620    000002b0     smartrf_settings.obj (.const:patchImageGenfsk)
                  0000d8d0    000002b0     smartrf_settings_predefined.obj (.const:patchImageGenfsk)
                  0000db80    000002b0     smartrf_settings_predefined.obj (.const:patchImageGenook)
                  0000de30    000002b0     smartrf_settings_predefined.obj (.const:patchImageLrm)
                  0000e0e0    000002b0     smartrf_settings_predefined.obj (.const:patchImageSl_longrange)
                  0000e390    000001ae     scif.obj (.const:pAuxRamImage)
                  0000e53e    00000101     rtsv7M3_T_le_eabi.lib : ctype.obj (.const:.string:_ctypes_)
                  0000e63f    00000001     release_pem3.oem3 (.const:xdc_runtime_Text_charTab__A)
                  0000e640    0000004c     drivers_cc13x0.aem3 : PowerCC26XX.oem3 (.const:resourceDB)
                  0000e68c    00000048     release_pem3.oem3 (.const:.string)
                  0000e6d4    00000040     drivers_cc13x0.aem3 : UARTCC26XX.oem3 (.const:$O1$$)
                  0000e714    0000002c     CC1310_LAUNCHXL.obj (.const:BoardGpioInitTable)
                  0000e740    00000028     drivers_cc13x0.aem3 : UARTCC26XX.oem3 (.const:UARTCC26XX_fxnTable)
                  0000e768    00000024                         : UART.oem3 (.const:UART_defaultParams)
                  0000e78c    00000024     scif.obj (.const:scifDriverSetup)
                  0000e7b0    00000024     release_pem3.oem3 (.const:xdc_runtime_Startup_sfxnTab__A)
                  0000e7d4    00000020     release_pem3.oem3 (.const:ti_sysbios_knl_Event_Object__DESC__C)
                  0000e7f4    00000020     CC1310_LAUNCHXL.obj (.const:uartCC26XXHWAttrs)
                  0000e814    0000001c     rf_multiMode_cc13x0.aem3 : RFCC26XX_multiMode.oem3 (.const:RF_defaultParams)
                  0000e830    00000018     driverlib.lib : rfc.obj (.const:rfc_defaultIrqAddr)
                  0000e848    00000018     release_pem3.oem3 (.const:ti_sysbios_knl_Event_Object__PARAMS__C)
                  0000e860    00000016     UartTask.obj (.const:.string:echoPrompt)
                  0000e876    00000012     release_pem3.oem3 (.const:xdc_runtime_Startup_sfxnRts__A)
                  0000e888    00000010     scif.obj (.const:.string:pAuxIoIndexToMcuIocfgOffsetLut)
                  0000e898    00000010     CC1310_LAUNCHXL.obj (.const:PowerCC26XX_config)
                  0000e8a8    00000010     scif.obj (.const:pScifTaskDataStructInfoLut)
                  0000e8b8    0000000c     CC1310_LAUNCHXL.obj (.const:UART_config)
                  0000e8c4    0000000c     release_pem3.oem3 (.const:xdc_runtime_Startup_firstFxns__A)
                  0000e8d0    00000008     CC1310_LAUNCHXL.obj (.const)
                  0000e8d8    00000008     CC1310_LAUNCHXL.obj (.const:PINCC26XX_hwAttrs)
                  0000e8e0    00000004     CC1310_LAUNCHXL.obj (.const:RFCC26XX_hwAttrs)
                  0000e8e4    00000004     release_pem3.oem3 (.const:ti_sysbios_heaps_HeapMem_primaryHeapBaseAddr__C)
                  0000e8e8    00000004     release_pem3.oem3 (.const:ti_sysbios_heaps_HeapMem_primaryHeapEndAddr__C)
                  0000e8ec    00000004     release_pem3.oem3 (.const:ti_sysbios_knl_Clock_tickPeriod__C)
                  0000e8f0    00000004     release_pem3.oem3 (.const:ti_sysbios_knl_Clock_triggerClock__C)
                  0000e8f4    00000004     release_pem3.oem3 (.const:ti_sysbios_knl_Event_Instance_State_pendQ__O)
                  0000e8f8    00000004     release_pem3.oem3 (.const:ti_sysbios_knl_Idle_funcList__A)
                  0000e8fc    00000004     release_pem3.oem3 (.const:xdc_runtime_SysCallback_putchFxn__C)
                  0000e900    00000004     release_pem3.oem3 (.const:xdc_runtime_SysCallback_readyFxn__C)
                  0000e904    00000004     release_pem3.oem3 (.const:xdc_runtime_System_extendFxn__C)

.cinit     0    00000040    00000458     
                  00000040    0000031c     (.cinit..data.load) [load image, compression = lzss]
                  0000035c    00000029     (.cinit..data:ti_sysbios_family_arm_m3_Hwi_Module__state__V.load) [load image, compression = lzss]
                  00000385    00000021     (.cinit..data:ti_sysbios_knl_Task_Module__state__V.load) [load image, compression = lzss]
                  000003a6    0000001f     (.cinit..data:ti_sysbios_BIOS_Module__state__V.load) [load image, compression = lzss]
                  000003c5    0000001e     (.cinit..data:ti_sysbios_knl_Clock_Module__state__V.load) [load image, compression = lzss]
                  000003e3    00000010     (.cinit..data:ti_sysbios_knl_Swi_Module__state__V.load) [load image, compression = lzss]
                  000003f3    00000001     --HOLE-- [fill = 0]
                  000003f4    0000000c     (__TI_handler_table)
                  00000400    0000000b     (.cinit..data:ti_sysbios_family_arm_cc26xx_Timer_Module__state__V.load) [load image, compression = lzss]
                  0000040b    0000000b     (.cinit..data:xdc_runtime_System_Module__state__V.load) [load image, compression = lzss]
                  00000416    00000002     --HOLE-- [fill = 0]
                  00000418    00000008     (.cinit..bss.load) [load image, compression = zero_init]
                  00000420    00000008     (.cinit..data:xdc_runtime_Memory_Module__state__V.load) [load image, compression = lzss]
                  00000428    00000007     (.cinit..data:ti_sysbios_family_arm_cc26xx_TimestampProvider_Module__state__V.load) [load image, compression = lzss]
                  0000042f    00000007     (.cinit..data:xdc_runtime_Startup_Module__state__V.load) [load image, compression = lzss]
                  00000436    00000002     --HOLE-- [fill = 0]
                  00000438    00000060     (__TI_cinit_table)

.init_array 
*          0    00000000    00000000     UNINITIALIZED

.resetVecs 
*          0    00000000    0000003c     
                  00000000    0000003c     release_pem3.oem3 (.resetVecs)

.binit     0    00000000    00000000     

.const:ti_sysbios_knl_Task_Object__PARAMS__C 
*          0    00001000    0000003c     
                  00001000    0000003c     release_pem3.oem3 (.const:ti_sysbios_knl_Task_Object__PARAMS__C)

.const:ti_sysbios_knl_Mailbox_Object__PARAMS__C 
*          0    0000103c    00000034     
                  0000103c    00000034     release_pem3.oem3 (.const:ti_sysbios_knl_Mailbox_Object__PARAMS__C)

.const:ti_sysbios_family_arm_m3_Hwi_Object__PARAMS__C 
*          0    00001070    00000030     
                  00001070    00000030     release_pem3.oem3 (.const:ti_sysbios_family_arm_m3_Hwi_Object__PARAMS__C)

.const:ti_sysbios_hal_Hwi_Object__PARAMS__C 
*          0    000010a0    0000002c     
                  000010a0    0000002c     release_pem3.oem3 (.const:ti_sysbios_hal_Hwi_Object__PARAMS__C)

.const:ti_sysbios_heaps_HeapMem_Module__FXNS__C 
*          0    000010cc    00000028     
                  000010cc    00000028     release_pem3.oem3 (.const:ti_sysbios_heaps_HeapMem_Module__FXNS__C)

.const:ti_sysbios_knl_Swi_Object__PARAMS__C 
*          0    000010f4    00000028     
                  000010f4    00000028     release_pem3.oem3 (.const:ti_sysbios_knl_Swi_Object__PARAMS__C)

.const:ti_sysbios_gates_GateHwi_Module__FXNS__C 
*          0    0000111c    00000024     
                  0000111c    00000024     release_pem3.oem3 (.const:ti_sysbios_gates_GateHwi_Module__FXNS__C)

.const:ti_sysbios_gates_GateMutex_Module__FXNS__C 
*          0    00001140    00000024     
                  00001140    00000024     release_pem3.oem3 (.const:ti_sysbios_gates_GateMutex_Module__FXNS__C)

.const:ti_sysbios_heaps_HeapMem_Object__PARAMS__C 
*          0    00001164    00000024     
                  00001164    00000024     release_pem3.oem3 (.const:ti_sysbios_heaps_HeapMem_Object__PARAMS__C)

.const:ti_sysbios_knl_Clock_Object__PARAMS__C 
*          0    00001188    00000024     
                  00001188    00000024     release_pem3.oem3 (.const:ti_sysbios_knl_Clock_Object__PARAMS__C)

.const:ti_sysbios_knl_Semaphore_Object__PARAMS__C 
*          0    000011ac    00000024     
                  000011ac    00000024     release_pem3.oem3 (.const:ti_sysbios_knl_Semaphore_Object__PARAMS__C)

.const:ti_sysbios_family_arm_m3_Hwi_Object__DESC__C 
*          0    000011d0    00000020     
                  000011d0    00000020     release_pem3.oem3 (.const:ti_sysbios_family_arm_m3_Hwi_Object__DESC__C)

.const:ti_sysbios_gates_GateHwi_Object__DESC__C 
*          0    000011f0    00000020     
                  000011f0    00000020     release_pem3.oem3 (.const:ti_sysbios_gates_GateHwi_Object__DESC__C)

.const:ti_sysbios_gates_GateMutex_Object__DESC__C 
*          0    00001210    00000020     
                  00001210    00000020     release_pem3.oem3 (.const:ti_sysbios_gates_GateMutex_Object__DESC__C)

.const:ti_sysbios_hal_Hwi_Object__DESC__C 
*          0    00001230    00000020     
                  00001230    00000020     release_pem3.oem3 (.const:ti_sysbios_hal_Hwi_Object__DESC__C)

.const:ti_sysbios_heaps_HeapMem_Object__DESC__C 
*          0    00001250    00000020     
                  00001250    00000020     release_pem3.oem3 (.const:ti_sysbios_heaps_HeapMem_Object__DESC__C)

.const:ti_sysbios_knl_Clock_Object__DESC__C 
*          0    00001270    00000020     
                  00001270    00000020     release_pem3.oem3 (.const:ti_sysbios_knl_Clock_Object__DESC__C)

.const:ti_sysbios_knl_Mailbox_Object__DESC__C 
*          0    00001290    00000020     
                  00001290    00000020     release_pem3.oem3 (.const:ti_sysbios_knl_Mailbox_Object__DESC__C)

.const:ti_sysbios_knl_Queue_Object__DESC__C 
*          0    000012b0    00000020     
                  000012b0    00000020     release_pem3.oem3 (.const:ti_sysbios_knl_Queue_Object__DESC__C)

.const:ti_sysbios_knl_Semaphore_Object__DESC__C 
*          0    000012d0    00000020     
                  000012d0    00000020     release_pem3.oem3 (.const:ti_sysbios_knl_Semaphore_Object__DESC__C)

.const:ti_sysbios_knl_Swi_Object__DESC__C 
*          0    000012f0    00000020     
                  000012f0    00000020     release_pem3.oem3 (.const:ti_sysbios_knl_Swi_Object__DESC__C)

.const:ti_sysbios_knl_Task_Object__DESC__C 
*          0    00001310    00000020     
                  00001310    00000020     release_pem3.oem3 (.const:ti_sysbios_knl_Task_Object__DESC__C)

.const:ti_sysbios_gates_GateHwi_Object__PARAMS__C 
*          0    00001330    00000018     
                  00001330    00000018     release_pem3.oem3 (.const:ti_sysbios_gates_GateHwi_Object__PARAMS__C)

.const:ti_sysbios_gates_GateMutex_Object__PARAMS__C 
*          0    00001348    00000018     
                  00001348    00000018     release_pem3.oem3 (.const:ti_sysbios_gates_GateMutex_Object__PARAMS__C)

.const:ti_sysbios_knl_Queue_Object__PARAMS__C 
*          0    00001360    00000018     
                  00001360    00000018     release_pem3.oem3 (.const:ti_sysbios_knl_Queue_Object__PARAMS__C)

.const:ti_sysbios_knl_Idle_funcList__C 
*          0    00001378    00000008     
                  00001378    00000008     release_pem3.oem3 (.const:ti_sysbios_knl_Idle_funcList__C)

.const:ti_sysbios_family_arm_cc26xx_Timer_startupNeeded__C 
*          0    00001384    00000004     
                  00001384    00000004     release_pem3.oem3 (.const:ti_sysbios_family_arm_cc26xx_Timer_startupNeeded__C)

.const:ti_sysbios_family_arm_m3_Hwi_E_alreadyDefined__C 
*          0    00001388    00000004     
                  00001388    00000004     release_pem3.oem3 (.const:ti_sysbios_family_arm_m3_Hwi_E_alreadyDefined__C)

.const:ti_sysbios_family_arm_m3_Hwi_E_hwiLimitExceeded__C 
*          0    0000138c    00000004     
                  0000138c    00000004     release_pem3.oem3 (.const:ti_sysbios_family_arm_m3_Hwi_E_hwiLimitExceeded__C)

.const:ti_sysbios_family_arm_m3_Hwi_NUM_INTERRUPTS__C 
*          0    00001390    00000004     
                  00001390    00000004     release_pem3.oem3 (.const:ti_sysbios_family_arm_m3_Hwi_NUM_INTERRUPTS__C)

.const:ti_sysbios_family_arm_m3_Hwi_Object__count__C 
*          0    00001394    00000004     
                  00001394    00000004     release_pem3.oem3 (.const:ti_sysbios_family_arm_m3_Hwi_Object__count__C)

.const:ti_sysbios_family_arm_m3_Hwi_Object__table__C 
*          0    00001398    00000004     
                  00001398    00000004     release_pem3.oem3 (.const:ti_sysbios_family_arm_m3_Hwi_Object__table__C)

.const:ti_sysbios_family_arm_m3_Hwi_ccr__C 
*          0    0000139c    00000004     
                  0000139c    00000004     release_pem3.oem3 (.const:ti_sysbios_family_arm_m3_Hwi_ccr__C)

.const:ti_sysbios_family_arm_m3_Hwi_excHandlerFunc__C 
*          0    000013a0    00000004     
                  000013a0    00000004     release_pem3.oem3 (.const:ti_sysbios_family_arm_m3_Hwi_excHandlerFunc__C)

.const:ti_sysbios_family_arm_m3_Hwi_nullIsrFunc__C 
*          0    000013a4    00000004     
                  000013a4    00000004     release_pem3.oem3 (.const:ti_sysbios_family_arm_m3_Hwi_nullIsrFunc__C)

.const:ti_sysbios_family_arm_m3_Hwi_numSparseInterrupts__C 
*          0    000013a8    00000004     
                  000013a8    00000004     release_pem3.oem3 (.const:ti_sysbios_family_arm_m3_Hwi_numSparseInterrupts__C)

.const:ti_sysbios_family_arm_m3_Hwi_priGroup__C 
*          0    000013ac    00000004     
                  000013ac    00000004     release_pem3.oem3 (.const:ti_sysbios_family_arm_m3_Hwi_priGroup__C)

.const:ti_sysbios_family_arm_m3_TaskSupport_stackAlignment__C 
*          0    000013b0    00000004     
                  000013b0    00000004     release_pem3.oem3 (.const:ti_sysbios_family_arm_m3_TaskSupport_stackAlignment__C)

.const:ti_sysbios_heaps_HeapMem_E_memory__C 
*          0    000013b4    00000004     
                  000013b4    00000004     release_pem3.oem3 (.const:ti_sysbios_heaps_HeapMem_E_memory__C)

.const:ti_sysbios_heaps_HeapMem_Module__gateObj__C 
*          0    000013b8    00000004     
                  000013b8    00000004     release_pem3.oem3 (.const:ti_sysbios_heaps_HeapMem_Module__gateObj__C)

.const:ti_sysbios_heaps_HeapMem_Object__count__C 
*          0    000013bc    00000004     
                  000013bc    00000004     release_pem3.oem3 (.const:ti_sysbios_heaps_HeapMem_Object__count__C)

.const:ti_sysbios_heaps_HeapMem_Object__table__C 
*          0    000013c0    00000004     
                  000013c0    00000004     release_pem3.oem3 (.const:ti_sysbios_heaps_HeapMem_Object__table__C)

.const:ti_sysbios_heaps_HeapMem_reqAlign__C 
*          0    000013c4    00000004     
                  000013c4    00000004     release_pem3.oem3 (.const:ti_sysbios_heaps_HeapMem_reqAlign__C)

.const:ti_sysbios_knl_Clock_serviceMargin__C 
*          0    000013c8    00000004     
                  000013c8    00000004     release_pem3.oem3 (.const:ti_sysbios_knl_Clock_serviceMargin__C)

.const:ti_sysbios_knl_Mailbox_Object__count__C 
*          0    000013cc    00000004     
                  000013cc    00000004     release_pem3.oem3 (.const:ti_sysbios_knl_Mailbox_Object__count__C)

.const:ti_sysbios_knl_Mailbox_Object__table__C 
*          0    000013d0    00000004     
                  000013d0    00000004     release_pem3.oem3 (.const:ti_sysbios_knl_Mailbox_Object__table__C)

.const:ti_sysbios_knl_Mailbox_maxTypeAlign__C 
*          0    000013d4    00000004     
                  000013d4    00000004     release_pem3.oem3 (.const:ti_sysbios_knl_Mailbox_maxTypeAlign__C)

.const:ti_sysbios_knl_Queue_Object__count__C 
*          0    000013d8    00000004     
                  000013d8    00000004     release_pem3.oem3 (.const:ti_sysbios_knl_Queue_Object__count__C)

.const:ti_sysbios_knl_Queue_Object__table__C 
*          0    000013dc    00000004     
                  000013dc    00000004     release_pem3.oem3 (.const:ti_sysbios_knl_Queue_Object__table__C)

.const:ti_sysbios_knl_Swi_Object__count__C 
*          0    000013e0    00000004     
                  000013e0    00000004     release_pem3.oem3 (.const:ti_sysbios_knl_Swi_Object__count__C)

.const:ti_sysbios_knl_Swi_Object__table__C 
*          0    000013e4    00000004     
                  000013e4    00000004     release_pem3.oem3 (.const:ti_sysbios_knl_Swi_Object__table__C)

.const:ti_sysbios_knl_Swi_numPriorities__C 
*          0    000013e8    00000004     
                  000013e8    00000004     release_pem3.oem3 (.const:ti_sysbios_knl_Swi_numPriorities__C)

.const:ti_sysbios_knl_Task_Object__count__C 
*          0    000013ec    00000004     
                  000013ec    00000004     release_pem3.oem3 (.const:ti_sysbios_knl_Task_Object__count__C)

.const:ti_sysbios_knl_Task_Object__table__C 
*          0    000013f0    00000004     
                  000013f0    00000004     release_pem3.oem3 (.const:ti_sysbios_knl_Task_Object__table__C)

.const:ti_sysbios_knl_Task_allBlockedFunc__C 
*          0    000013f4    00000004     
                  000013f4    00000004     release_pem3.oem3 (.const:ti_sysbios_knl_Task_allBlockedFunc__C)

.const:ti_sysbios_knl_Task_defaultStackHeap__C 
*          0    000013f8    00000004     
                  000013f8    00000004     release_pem3.oem3 (.const:ti_sysbios_knl_Task_defaultStackHeap__C)

.const:ti_sysbios_knl_Task_defaultStackSize__C 
*          0    000013fc    00000004     
                  000013fc    00000004     release_pem3.oem3 (.const:ti_sysbios_knl_Task_defaultStackSize__C)

.const:ti_sysbios_knl_Task_numConstructedTasks__C 
*          0    00001400    00000004     
                  00001400    00000004     release_pem3.oem3 (.const:ti_sysbios_knl_Task_numConstructedTasks__C)

[...]
1001c2a5  ti_sysbios_knl_Clock_TimerProxy_Module__startupDone__S                    
1001c2a9  ti_sysbios_knl_Clock_TimerProxy_getExpiredTicks__E                        
1001c2ad  ti_sysbios_knl_Clock_TimerProxy_getPeriod__E                              
1001c2b1  ti_sysbios_knl_Clock_delete                                               
1001c2b5  ti_sysbios_knl_Clock_destruct                                             
1001c2b9  ti_sysbios_knl_Clock_removeI__E                                           
1001c2bd  ti_sysbios_knl_Clock_setTimeout__E                                        
1001c2c1  ti_sysbios_knl_Mailbox_delete                                             
1001c2c5  ti_sysbios_knl_Mailbox_destruct                                           
1001c2c9  ti_sysbios_knl_Queue_delete                                               
1001c2cd  ti_sysbios_knl_Queue_destruct                                             
1001c2d1  ti_sysbios_knl_Queue_head__E                                              
1001c2d5  ti_sysbios_knl_Queue_next__E                                              
1001c2d9  ti_sysbios_knl_Semaphore_delete                                           
1001c2dd  ti_sysbios_knl_Semaphore_destruct                                         
1001c2e1  ti_sysbios_knl_Swi_delete                                                 
1001c2e5  ti_sysbios_knl_Swi_destruct                                               
1001c2e9  ti_sysbios_knl_Swi_postInit__I                                            
1001c2ed  ti_sysbios_knl_Task_SupportProxy_Module__startupDone__S                   
1001c2f1  ti_sysbios_knl_Task_SupportProxy_getStackAlignment__E                     
1001c2f5  ti_sysbios_knl_Task_SupportProxy_start__E                                 
1001c2f9  ti_sysbios_knl_Task_SupportProxy_swap__E                                  
1001c2fd  ti_sysbios_knl_Task_delete                                                
1001c301  ti_sysbios_knl_Task_destruct                                              
1001c305  ti_sysbios_knl_Task_startup__E                                            
1001c309  xdc_runtime_Startup_startMods__I                                          
1001c401  xdc_runtime_Core_createObject__I                                          
1001c483  xdc_runtime_Error_policySpin__E                                           
1001c485  xdc_runtime_Memory_alloc__E                                               
1001c4f5  xdc_runtime_Core_deleteObject__I                                          
1001c555  xdc_runtime_Startup_exec__E                                               
1001c5a5  xdc_runtime_Assert_raise__I                                               
1001c5ed  xdc_runtime_Core_assignParams__I                                          
1001c635  xdc_runtime_Core_constructObject__I                                       
1001c67d  xdc_runtime_System_atexit__E                                              
1001c6b5  xdc_runtime_System_processAtExit__E                                       
1001c6e9  xdc_runtime_Core_assignLabel__I                                           
1001c719  xdc_runtime_Text_cordText__E                                              
1001c745  xdc_runtime_System_abort__E                                               
1001c765  xdc_runtime_Error_raiseX__E                                               
1001c781  xdc_runtime_Memory_valloc__E                                              
1001c79d  xdc_runtime_Core_destructObject__I                                        
1001c7b5  xdc_runtime_Error_check__E                                                
1001c7cd  xdc_runtime_System_exit__E                                                
1001c7e5  xdc_runtime_Text_ropeText__E                                              
1001c7fd  xdc_runtime_Memory_free__E                                                
1001c80d  xdc_runtime_SysCallback_abort__E                                          
1001c81d  xdc_runtime_SysCallback_exit__E                                           
1001c82d  xdc_runtime_Timestamp_SupportProxy_get32__E                               
1001c82d  xdc_runtime_Timestamp_get32__E                                            
1001c849  xdc_runtime_Memory_calloc__E                                              
1001c855  xdc_runtime_Memory_getMaxDefaultTypeAlign__E                              
1001c875  xdc_runtime_Gate_leaveSystem__E                                           
1001c87b  xdc_runtime_System_Module_startup__E                                      
1001c881  xdc_runtime_Gate_enterSystem__E                                           
1001c885  xdc_runtime_Memory_HeapProxy_alloc__E                                     
1001c889  xdc_runtime_Memory_HeapProxy_free__E                                      
1001c88d  xdc_runtime_System_Module_GateProxy_enter__E                              
1001c891  xdc_runtime_System_Module_GateProxy_leave__E                              
1001c895  xdc_runtime_System_abortSpin__E                                           
1001c897  xdc_runtime_System_exitSpin__E                                            
1001c899  ti_sysbios_family_arm_m3_Hwi_dispatch__I                                  
1001c969  ti_sysbios_family_arm_m3_TaskSupport_buildTaskStack                       
1001c9b5  ti_sysbios_family_arm_m3_Hwi_initStacks__E                                
1001c9fd  ti_sysbios_family_arm_m3_Hwi_excHandlerAsm__I                             
1001ca1d  ti_sysbios_family_xxx_Hwi_switchAndRunFunc                                
1001ca3b  ti_sysbios_family_arm_m3_Hwi_pendSV__I                                    
1001ca53  ti_sysbios_family_arm_m3_Hwi_return                                       
1001ca55  ti_sysbios_family_arm_m3_TaskSupport_glue                                 
1001ca65  ti_sysbios_family_arm_m3_TaskSupport_swap__E                              
1001ca6d  ti_sysbios_knl_Task_swapReturn                                            
1001ca97  ti_sysbios_rom_cortexm_cc13xx_CC13xx_getRevision__E                       
20000000  ti_sysbios_family_arm_m3_Hwi_ramVectors                                   
20000100  ti_sysbios_knl_Task_Module__state__V                                      
20000144  ti_sysbios_family_arm_m3_Hwi_Module__state__V                             
20000178  ti_sysbios_knl_Clock_Module__state__V                                     
200001a4  ti_sysbios_BIOS_Module__state__V                                          
200001c8  ti_sysbios_knl_Swi_Module__state__V                                       
200001e4  ti_sysbios_family_arm_cc26xx_Timer_Module__state__V                       
200001ec  ti_sysbios_family_arm_cc26xx_TimestampProvider_Module__state__V           
200001f0  xdc_runtime_Startup_Module__state__V                                      
200001f8  xdc_runtime_System_Module__state__V                                       
20000200  xdc_runtime_Memory_Module__state__V                                       
20000e08  ti_sysbios_knl_Task_Instance_State_0_stack__A                             
20001008  uartCC26XXObjects                                                         
20001134  PIN_NumPins                                                               
200011c8  PIN_HandleTable                                                           
20001310  ti_sysbios_family_arm_m3_Hwi_dispatchTable                                
20001630  receivedMessage                                                           
20001694  nodeRadioTask                                                             
200016e4  nodeTask                                                                  
20001734  uartTask                                                                  
200018b4  fastReportTimeoutClock                                                    
200018d8  uartParams                                                                
200018fc  pv2wifi_commands                                                          
2000198c  radioAccessSem                                                            
200019a8  radioResultSem                                                            
20001a30  nodeEvent                                                                 
20001a44  radioOperationEvent                                                       
20001a88  pv2wifi_                                                                  
20001abc  receivedNumber                                                            
20001ad8  uart                                                                      
20001ae0  driverlib_release_0_48412                                                 
20001ae8  __primary_heap_start__                                                    
20002ae8  __primary_heap_end__                                                      
20002db8  PowerCC26XX_module                                                        
20002ecc  pOverrides_sl_lr                                                          
20002f34  pOverrides_hsm                                                            
20002f94  pOverrides_lrm                                                            
20002ff0  pOverrides_ook                                                            
200030a4  pOverrides_fsk                                                            
200030fc  ti_sysbios_knl_Task_Object__table__V                                      
20003148  ti_sysbios_family_arm_cc26xx_Timer_Object__table__V                       
20003190  RF_pProp_fsk                                                              
20003194  RF_pProp_lrm                                                              
20003198  RF_pProp_ook                                                              
2000319c  RF_pProp_hsm                                                              
200031a0  RF_pProp_sl_lr                                                            
200031a4  RF_pProp_2_4G_fsk                                                         
200031a8  RF_pCmdPropRadioDivSetup_fsk                                              
200031ac  RF_pCmdPropRadioDivSetup_lrm                                              
200031b0  RF_pCmdPropRadioDivSetup_ook                                              
200031b4  RF_pCmdRadioSetup_hsm                                                     
200031b8  RF_pCmdPropRadioDivSetup_sl_lr                                            
200031bc  RF_pCmdPropRadioSetup_2_4G_fsk                                            
200031c0  RF_pCmdTxHS                                                               
200031c4  RF_pCmdRxHS                                                               
200031c8  RF_pCmdFs_preDef                                                          
200031cc  RF_pCmdPropTx_preDef                                                      
200031d0  RF_pCmdPropRxAdv_preDef                                                   
200031d4  ti_sysbios_gates_GateMutex_Object__table__V                               
2000320c  RF_cmdPropRxAdv_preDef                                                    
2000323c  ti_sysbios_knl_Swi_Module_State_0_readyQ__A                               
2000326c  ti_sysbios_knl_Swi_Object__table__V                                       
2000329c  ti_sysbios_knl_Task_Module_State_0_readyQ__A                              
200032cc  RF_cmdPropRadioDivSetup                                                   
200032f4  RF_cmdPropRadioDivSetup_fsk                                               
2000331c  RF_cmdPropRadioDivSetup_lrm                                               
20003344  RF_cmdPropRadioDivSetup_ook                                               
2000336c  RF_cmdPropRadioDivSetup_sl_lr                                             
20003394  RF_cmdRxHS                                                                
200033b8  ti_sysbios_knl_Clock_Object__table__V                                     
200033d8  xdc_runtime_Error_IgnoreBlock                                             
20003414  RF_cmdFs                                                                  
2000342c  RF_cmdFs_preDef                                                           
20003444  RF_cmdPropTx                                                              
2000345c  RF_cmdPropTx_preDef                                                       
20003474  RF_cmdRadioSetup_hsm                                                      
200034a4  shapeovr                                                                  
200034bc  ti_sysbios_family_arm_m3_Hwi_Object__table__V                             
200034d4  ti_sysbios_heaps_HeapMem_Object__table__V                                 
200034ec  RF_cmdTxHS                                                                
20003500  RF_prop                                                                   
20003510  RF_prop_fsk                                                               
20003520  RF_prop_hsm                                                               
20003530  RF_prop_lrm                                                               
20003540  RF_prop_ook                                                               
20003550  RF_prop_sl_lr                                                             
20003560  STATE_cardinal                                                            
20003564  toSendCRC                                                                 
20003568  nbytes                                                                    
2000356c  cnt                                                                       
2000357e  ti_sysbios_family_arm_m3_Hwi_Module_State_0_excActive__A                  
2000358c  _lock                                                                     
20003590  _unlock                                                                   
20003594  buttonPinTable                                                            
2000359c  pinTable                                                                  
200035a4  ti_sysbios_family_arm_m3_Hwi_Module__root__V                              
200035ac  ti_sysbios_gates_GateHwi_Module__root__V                                  
200035b4  ti_sysbios_gates_GateMutex_Module__root__V                                
200035bc  ti_sysbios_hal_Hwi_Module__root__V                                        
200035c4  ti_sysbios_heaps_HeapMem_Module__root__V                                  
200035cc  ti_sysbios_knl_Clock_Module__root__V                                      
200035d4  ti_sysbios_knl_Event_Module__root__V                                      
200035dc  ti_sysbios_knl_Mailbox_Module__root__V                                    
200035e4  ti_sysbios_knl_Queue_Module__root__V                                      
200035ec  ti_sysbios_knl_Semaphore_Module__root__V                                  
200035f4  ti_sysbios_knl_Swi_Module__root__V                                        
200035fc  ti_sysbios_knl_Task_Module__root__V                                       
20003604  xdc_runtime_System_Module_State_0_atexitHandlers__A                       
2000360c  main_func_sp                                                              
20003610  ti_sysbios_family_arm_m3_Hwi_Module_State_0_excContext__A                 
20003614  ti_sysbios_family_arm_m3_Hwi_Module_State_0_excStack__A                   
20003618  ti_sysbios_knl_Task_Module_State_0_idleTask__A                            
20004c00  __stack                                                                   
20005000  __STACK_END                                                               
e000e000  ti_sysbios_family_arm_m3_Hwi_nvic                                         
ffffffff  __TI_pprof_out_hndl                                                       
ffffffff  __TI_prof_data_size                                                       
ffffffff  __TI_prof_data_start                                                      
ffffffff  __binit__                                                                 
ffffffff  __c_args__                                                                
ffffffff  binit                                                                     
UNDEFED   HwiP_restore                                                              
UNDEFED   SHT$$INIT_ARRAY$$Base                                                     
UNDEFED   SHT$$INIT_ARRAY$$Limit                                                    
UNDEFED   ti_sysbios_BIOS_RtsGateProxy_Handle__label__S__mangled__                  
UNDEFED   ti_sysbios_BIOS_RtsGateProxy_Params__init__S__mangled__                   
UNDEFED   ti_sysbios_BIOS_RtsGateProxy_query__E__mangled__                          
UNDEFED   ti_sysbios_hal_Hwi_HwiProxy_Module__startupDone__S__mangled__             
UNDEFED   ti_sysbios_hal_Hwi_HwiProxy_Params__init__S__mangled__                    
UNDEFED   ti_sysbios_hal_Hwi_HwiProxy_disableInterrupt__E__mangled__                
UNDEFED   ti_sysbios_hal_Hwi_HwiProxy_enableInterrupt__E__mangled__                 
UNDEFED   ti_sysbios_hal_Hwi_HwiProxy_getStackInfo__E__mangled__                    
UNDEFED   ti_sysbios_hal_Hwi_HwiProxy_startup__E__mangled__                         
UNDEFED   ti_sysbios_hal_Hwi_HwiProxy_switchFromBootStack__E__mangled__             
UNDEFED   ti_sysbios_hal_Hwi_disableInterrupt__E                                    
UNDEFED   ti_sysbios_hal_Hwi_enableInterrupt__E                                     
UNDEFED   ti_sysbios_hal_Hwi_getStackInfo__E                                        
UNDEFED   ti_sysbios_hal_Hwi_startup__E                                             
UNDEFED   ti_sysbios_hal_Hwi_switchFromBootStack__E                                 
UNDEFED   ti_sysbios_heaps_HeapMem_Module_GateProxy_Handle__label__S__mangled__     
UNDEFED   ti_sysbios_heaps_HeapMem_Module_GateProxy_Params__init__S__mangled__      
UNDEFED   ti_sysbios_heaps_HeapMem_Module_GateProxy_query__E__mangled__             
UNDEFED   ti_sysbios_knl_Clock_TimerProxy_Module__startupDone__S__mangled__         
UNDEFED   ti_sysbios_knl_Clock_TimerProxy_startup__E__mangled__                     
UNDEFED   ti_sysbios_knl_Task_SupportProxy_Module__startupDone__S__mangled__        
UNDEFED   ti_sysbios_knl_Task_SupportProxy_getStackAlignment__E__mangled__          
UNDEFED   ti_sysbios_knl_Task_SupportProxy_start__E__mangled__                      
UNDEFED   ti_sysbios_knl_Task_SupportProxy_swap__E__mangled__                       
UNDEFED   xdc_runtime_Main_Module_GateProxy_Handle__label__S                        
UNDEFED   xdc_runtime_Main_Module_GateProxy_query__E                                
UNDEFED   xdc_runtime_Memory_HeapProxy_Handle__label__S__mangled__                  
UNDEFED   xdc_runtime_System_Module_GateProxy_Handle__label__S__mangled__           
UNDEFED   xdc_runtime_System_Module_GateProxy_query__E__mangled__                   
UNDEFED   xdc_runtime_System_SupportProxy_abort__E                                  
UNDEFED   xdc_runtime_System_SupportProxy_exit__E                                   
UNDEFED   xdc_runtime_Timestamp_SupportProxy_get64__E__mangled__                    
UNDEFED   xdc_runtime_Timestamp_SupportProxy_getFreq__E__mangled__                  
UNDEFED   xdc_runtime_Timestamp_get32__E                                            
UNDEFED   xdc_runtime_Timestamp_get64__E                                            
UNDEFED   xdc_runtime_Timestamp_getFreq__E                                          

[892 symbols]
