******************************************************************************
                  TI ARM Linker PC v16.9.1                     
******************************************************************************
>> Linked Tue May 16 20:31:28 2017

OUTPUT FILE NAME:   <rfWsnNode_CC1310_LAUNCHXL_tirtos_ccs.out>
ENTRY POINT SYMBOL: "ResetISR"  address: 000086f1


MEMORY CONFIGURATION

         name            origin    length      used     unused   attr    fill
----------------------  --------  ---------  --------  --------  ----  --------
  FLASH                 00000000   00020000  0000dec4  0001213c  R  X
  SRAM                  20000000   00005000  0000399f  00001661  RW X


SEGMENT ALLOCATION MAP

run origin  load origin   length   init length attrs members
----------  ----------- ---------- ----------- ----- -------
00000000    00000000    00000498   00000498    r--
  00000000    00000000    0000003c   0000003c    r-- .resetVecs
  00000040    00000040    00000458   00000458    r-- .cinit
00001000    00001000    0000d9e4   0000d9e4    r-x
  00001000    00001000    0000003c   0000003c    r-- .const:ti_sysbios_knl_Task_Object__PARAMS__C
  0000103c    0000103c    00000034   00000034    r-- .const:ti_sysbios_knl_Mailbox_Object__PARAMS__C
  00001070    00001070    00000030   00000030    r-- .const:ti_sysbios_family_arm_m3_Hwi_Object__PARAMS__C
  000010a0    000010a0    0000002c   0000002c    r-- .const:ti_sysbios_hal_Hwi_Object__PARAMS__C
  000010cc    000010cc    00000028   00000028    r-- .const:ti_sysbios_heaps_HeapMem_Module__FXNS__C
  000010f4    000010f4    00000028   00000028    r-- .const:ti_sysbios_knl_Swi_Object__PARAMS__C
  0000111c    0000111c    00000024   00000024    r-- .const:ti_sysbios_gates_GateHwi_Module__FXNS__C
  00001140    00001140    00000024   00000024    r-- .const:ti_sysbios_gates_GateMutex_Module__FXNS__C
  00001164    00001164    00000024   00000024    r-- .const:ti_sysbios_heaps_HeapMem_Object__PARAMS__C
  00001188    00001188    00000024   00000024    r-- .const:ti_sysbios_knl_Clock_Object__PARAMS__C
  000011ac    000011ac    00000024   00000024    r-- .const:ti_sysbios_knl_Semaphore_Object__PARAMS__C
  000011d0    000011d0    00000020   00000020    r-- .const:ti_sysbios_family_arm_m3_Hwi_Object__DESC__C
  000011f0    000011f0    00000020   00000020    r-- .const:ti_sysbios_gates_GateHwi_Object__DESC__C
  00001210    00001210    00000020   00000020    r-- .const:ti_sysbios_gates_GateMutex_Object__DESC__C
  00001230    00001230    00000020   00000020    r-- .const:ti_sysbios_hal_Hwi_Object__DESC__C
  00001250    00001250    00000020   00000020    r-- .const:ti_sysbios_heaps_HeapMem_Object__DESC__C
  00001270    00001270    00000020   00000020    r-- .const:ti_sysbios_knl_Clock_Object__DESC__C
  00001290    00001290    00000020   00000020    r-- .const:ti_sysbios_knl_Mailbox_Object__DESC__C
  000012b0    000012b0    00000020   00000020    r-- .const:ti_sysbios_knl_Queue_Object__DESC__C
  000012d0    000012d0    00000020   00000020    r-- .const:ti_sysbios_knl_Semaphore_Object__DESC__C
  000012f0    000012f0    00000020   00000020    r-- .const:ti_sysbios_knl_Swi_Object__DESC__C
  00001310    00001310    00000020   00000020    r-- .const:ti_sysbios_knl_Task_Object__DESC__C
  00001330    00001330    00000018   00000018    r-- .const:ti_sysbios_gates_GateHwi_Object__PARAMS__C
  00001348    00001348    00000018   00000018    r-- .const:ti_sysbios_gates_GateMutex_Object__PARAMS__C
  00001360    00001360    00000018   00000018    r-- .const:ti_sysbios_knl_Queue_Object__PARAMS__C
  00001378    00001378    00000008   00000008    r-- .const:ti_sysbios_knl_Idle_funcList__C
  00001384    00001384    00000004   00000004    r-- .const:ti_sysbios_family_arm_cc26xx_Timer_startupNeeded__C
  00001388    00001388    00000004   00000004    r-- .const:ti_sysbios_family_arm_m3_Hwi_E_alreadyDefined__C
  0000138c    0000138c    00000004   00000004    r-- .const:ti_sysbios_family_arm_m3_Hwi_E_hwiLimitExceeded__C
  00001390    00001390    00000004   00000004    r-- .const:ti_sysbios_family_arm_m3_Hwi_NUM_INTERRUPTS__C
  00001394    00001394    00000004   00000004    r-- .const:ti_sysbios_family_arm_m3_Hwi_Object__count__C
  00001398    00001398    00000004   00000004    r-- .const:ti_sysbios_family_arm_m3_Hwi_Object__table__C
  0000139c    0000139c    00000004   00000004    r-- .const:ti_sysbios_family_arm_m3_Hwi_ccr__C
  000013a0    000013a0    00000004   00000004    r-- .const:ti_sysbios_family_arm_m3_Hwi_excHandlerFunc__C
  000013a4    000013a4    00000004   00000004    r-- .const:ti_sysbios_family_arm_m3_Hwi_nullIsrFunc__C
  000013a8    000013a8    00000004   00000004    r-- .const:ti_sysbios_family_arm_m3_Hwi_numSparseInterrupts__C
  000013ac    000013ac    00000004   00000004    r-- .const:ti_sysbios_family_arm_m3_Hwi_priGroup__C
  000013b0    000013b0    00000004   00000004    r-- .const:ti_sysbios_family_arm_m3_TaskSupport_stackAlignment__C
  000013b4    000013b4    00000004   00000004    r-- .const:ti_sysbios_heaps_HeapMem_E_memory__C
  000013b8    000013b8    00000004   00000004    r-- .const:ti_sysbios_heaps_HeapMem_Module__gateObj__C
  000013bc    000013bc    00000004   00000004    r-- .const:ti_sysbios_heaps_HeapMem_Object__count__C
  000013c0    000013c0    00000004   00000004    r-- .const:ti_sysbios_heaps_HeapMem_Object__table__C
  000013c4    000013c4    00000004   00000004    r-- .const:ti_sysbios_heaps_HeapMem_reqAlign__C
  000013c8    000013c8    00000004   00000004    r-- .const:ti_sysbios_knl_Clock_serviceMargin__C
  000013cc    000013cc    00000004   00000004    r-- .const:ti_sysbios_knl_Mailbox_Object__count__C
  000013d0    000013d0    00000004   00000004    r-- .const:ti_sysbios_knl_Mailbox_Object__table__C
  000013d4    000013d4    00000004   00000004    r-- .const:ti_sysbios_knl_Mailbox_maxTypeAlign__C
  000013d8    000013d8    00000004   00000004    r-- .const:ti_sysbios_knl_Queue_Object__count__C
  000013dc    000013dc    00000004   00000004    r-- .const:ti_sysbios_knl_Queue_Object__table__C
  000013e0    000013e0    00000004   00000004    r-- .const:ti_sysbios_knl_Swi_Object__count__C
  000013e4    000013e4    00000004   00000004    r-- .const:ti_sysbios_knl_Swi_Object__table__C
  000013e8    000013e8    00000004   00000004    r-- .const:ti_sysbios_knl_Swi_numPriorities__C
  000013ec    000013ec    00000004   00000004    r-- .const:ti_sysbios_knl_Task_Object__count__C
  000013f0    000013f0    00000004   00000004    r-- .const:ti_sysbios_knl_Task_Object__table__C
  000013f4    000013f4    00000004   00000004    r-- .const:ti_sysbios_knl_Task_allBlockedFunc__C
  000013f8    000013f8    00000004   00000004    r-- .const:ti_sysbios_knl_Task_defaultStackHeap__C
  000013fc    000013fc    00000004   00000004    r-- .const:ti_sysbios_knl_Task_defaultStackSize__C
  00001400    00001400    00000004   00000004    r-- .const:ti_sysbios_knl_Task_numConstructedTasks__C
  00001406    00001406    00000002   00000002    r-- .const:ti_sysbios_family_arm_cc26xx_Timer_Module__id__C
  00001408    00001408    00000002   00000002    r-- .const:ti_sysbios_family_arm_cc26xx_TimestampProvider_useClockTimer__C
  0000140a    0000140a    00000002   00000002    r-- .const:ti_sysbios_family_arm_m3_Hwi_Module__id__C
  0000140c    0000140c    00000002   00000002    r-- .const:ti_sysbios_gates_GateHwi_Module__id__C
  0000140e    0000140e    00000002   00000002    r-- .const:ti_sysbios_gates_GateMutex_Module__id__C
  00001410    00001410    00000002   00000002    r-- .const:ti_sysbios_heaps_HeapMem_Module__id__C
  00001412    00001412    00000002   00000002    r-- .const:ti_sysbios_knl_Task_initStackFlag__C
  00001414    00001414    00000001   00000001    r-- .const:ti_sysbios_knl_Clock_tickMode__C
  00001418    00001418    00000008   00000008    r-- .const:xdc_runtime_Startup_firstFxns__C
  00001420    00001420    00000008   00000008    r-- .const:xdc_runtime_Startup_lastFxns__C
  00001428    00001428    00000004   00000004    r-- .const:xdc_runtime_Assert_E_assertFailed__C
  0000142c    0000142c    00000004   00000004    r-- .const:xdc_runtime_Error_E_memory__C
  00001430    00001430    00000004   00000004    r-- .const:xdc_runtime_Error_policyFxn__C
  00001434    00001434    00000004   00000004    r-- .const:xdc_runtime_IGateProvider_Interface__BASE__C
  00001438    00001438    00000004   00000004    r-- .const:xdc_runtime_IHeap_Interface__BASE__C
  0000143c    0000143c    00000004   00000004    r-- .const:xdc_runtime_IModule_Interface__BASE__C
  00001440    00001440    00000004   00000004    r-- .const:xdc_runtime_Main_Module__diagsEnabled__C
  00001444    00001444    00000004   00000004    r-- .const:xdc_runtime_Main_Module__diagsIncluded__C
  00001448    00001448    00000004   00000004    r-- .const:xdc_runtime_Main_Module__diagsMask__C
  0000144c    0000144c    00000004   00000004    r-- .const:xdc_runtime_Memory_defaultHeapInstance__C
  00001450    00001450    00000004   00000004    r-- .const:xdc_runtime_Startup_execImpl__C
  00001454    00001454    00000004   00000004    r-- .const:xdc_runtime_Startup_maxPasses__C
  00001458    00001458    00000004   00000004    r-- .const:xdc_runtime_Startup_sfxnRts__C
  0000145c    0000145c    00000004   00000004    r-- .const:xdc_runtime_Startup_sfxnTab__C
  00001460    00001460    00000004   00000004    r-- .const:xdc_runtime_Startup_startModsFxn__C
  00001464    00001464    00000004   00000004    r-- .const:xdc_runtime_SysCallback_abortFxn__C
  00001468    00001468    00000004   00000004    r-- .const:xdc_runtime_SysCallback_exitFxn__C
  0000146c    0000146c    00000004   00000004    r-- .const:xdc_runtime_System_abortFxn__C
  00001470    00001470    00000004   00000004    r-- .const:xdc_runtime_System_exitFxn__C
  00001474    00001474    00000004   00000004    r-- .const:xdc_runtime_System_maxAtexitHandlers__C
  00001478    00001478    00000004   00000004    r-- .const:xdc_runtime_Text_charTab__C
  0000147c    0000147c    00000004   00000004    r-- .const:xdc_runtime_Text_nameEmpty__C
  00001480    00001480    00000004   00000004    r-- .const:xdc_runtime_Text_nameStatic__C
  00001484    00001484    00000004   00000004    r-- .const:xdc_runtime_Text_nameUnknown__C
  00001488    00001488    00000002   00000002    r-- .const:xdc_runtime_Main_Module__id__C
  0000148a    0000148a    00000002   00000002    r-- .const:xdc_runtime_Memory_Module__id__C
  0000148c    0000148c    00000002   00000002    r-- .const:xdc_runtime_Text_charCnt__C
  0000148e    0000148e    00000002   00000002    r-- .const:xdc_runtime_Text_isLoaded__C
  00001490    00001490    00000001   00000001    r-- .const:xdc_runtime_Error_policy__C
  00001494    00001494    00000004   00000004    r-- .const:ti_sysbios_rom_ROM_AONRTCChannelEnable
  00001498    00001498    00000004   00000004    r-- .const:ti_sysbios_rom_ROM_AONRTCCompareValueSet
  0000149c    0000149c    00000004   00000004    r-- .const:ti_sysbios_rom_ROM_AONRTCCurrentCompareValueGet
  000014a0    000014a0    00000004   00000004    r-- .const:ti_sysbios_rom_ROM_AONRTCEventClear
  000014a4    000014a4    00000004   00000004    r-- .const:ti_sysbios_rom_ROM_ti_sysbios_family_arm_cc26xx_Timer_getCount64__E
  000014a8    000014a8    00000004   00000004    r-- .const:ti_sysbios_rom_ROM_ti_sysbios_family_arm_cc26xx_Timer_getCurrentTick__E
  000014ac    000014ac    00000004   00000004    r-- .const:ti_sysbios_rom_ROM_ti_sysbios_family_arm_cc26xx_Timer_getMaxTicks__E
  000014b0    000014b0    00000004   00000004    r-- .const:ti_sysbios_rom_ROM_ti_sysbios_family_arm_cc26xx_Timer_initDevice__I
  000014b4    000014b4    00000004   00000004    r-- .const:ti_sysbios_rom_ROM_ti_sysbios_family_arm_cc26xx_Timer_setNextTick__E
  000014b8    000014b8    00000004   00000004    r-- .const:ti_sysbios_rom_ROM_ti_sysbios_family_arm_cc26xx_Timer_setThreshold__I
  000014bc    000014bc    00000004   00000004    r-- .const:ti_sysbios_rom_ROM_ti_sysbios_family_arm_cc26xx_Timer_start__E
  000014c0    000014c0    00000004   00000004    r-- .const:ti_sysbios_rom_ROM_ti_sysbios_family_arm_cc26xx_TimestampProvider_get32__E
  000014c4    000014c4    00000004   00000004    r-- .const:ti_sysbios_rom_ROM_xdc_runtime_Startup_getState__I
  000014c8    000014c8    00000004   00000004    r-- .const:ti_sysbios_rom_ROM_xdc_runtime_System_SupportProxy_abort__E
  000014cc    000014cc    00000004   00000004    r-- .const:ti_sysbios_rom_ROM_xdc_runtime_System_SupportProxy_exit__E
  000014d0    000014d0    00000004   00000004    r-- .const:ti_sysbios_gates_GateMutex_Instance_State_sem__O
  000014d4    000014d4    00000004   00000004    r-- .const:ti_sysbios_knl_Clock_Module_State_clockQ__O
  000014d8    000014d8    00000004   00000004    r-- .const:ti_sysbios_knl_Mailbox_Instance_State_dataQue__O
  000014dc    000014dc    00000004   00000004    r-- .const:ti_sysbios_knl_Mailbox_Instance_State_dataSem__O
  000014e0    000014e0    00000004   00000004    r-- .const:ti_sysbios_knl_Mailbox_Instance_State_freeQue__O
  000014e4    000014e4    00000004   00000004    r-- .const:ti_sysbios_knl_Mailbox_Instance_State_freeSem__O
  000014e8    000014e8    00000004   00000004    r-- .const:ti_sysbios_knl_Semaphore_Instance_State_pendQ__O
  000014ec    000014ec    00000004   00000004    r-- .const:ti_sysbios_knl_Task_Module_State_inactiveQ__O
  000014f0    000014f0    00008c7c   00008c7c    r-x .text
  0000a16c    0000a16c    00004878   00004878    r-- .const
0001ffa8    0001ffa8    00000058   00000058    r--
  0001ffa8    0001ffa8    00000058   00000058    r-- .ccfg
20000100    20000100    000019a5   00000000    rw-
  20000100    20000100    00000044   00000000    rw- .data:ti_sysbios_knl_Task_Module__state__V
  20000144    20000144    00000034   00000000    rw- .data:ti_sysbios_family_arm_m3_Hwi_Module__state__V
  20000178    20000178    0000002c   00000000    rw- .data:ti_sysbios_knl_Clock_Module__state__V
  200001a4    200001a4    00000024   00000000    rw- .data:ti_sysbios_BIOS_Module__state__V
  200001c8    200001c8    0000001c   00000000    rw- .data:ti_sysbios_knl_Swi_Module__state__V
  200001e4    200001e4    00000008   00000000    rw- .data:ti_sysbios_family_arm_cc26xx_Timer_Module__state__V
  200001ec    200001ec    00000004   00000000    rw- .data:ti_sysbios_family_arm_cc26xx_TimestampProvider_Module__state__V
  200001f0    200001f0    00000008   00000000    rw- .data:xdc_runtime_Startup_Module__state__V
  200001f8    200001f8    00000008   00000000    rw- .data:xdc_runtime_System_Module__state__V
  20000200    20000200    00000004   00000000    rw- .data:xdc_runtime_Memory_Module__state__V
  20000208    20000208    0000189d   00000000    rw- .bss
20001aa8    20001aa8    00001000   00000000    r--
  20001aa8    20001aa8    00001000   00000000    r-- .priheap
20002aa8    20002aa8    00000b36   00000000    rw-
  20002aa8    20002aa8    00000b36   00000000    rw- .data
20004c00    20004c00    00000400   00000000    rw-
  20004c00    20004c00    00000400   00000000    rw- .stack


SECTION ALLOCATION MAP

 output                                  attributes/
section   page    origin      length       input sections
--------  ----  ----------  ----------   ----------------
.text      0    000014f0    00008c7c     
                  000014f0    00000434     rf_multiMode_cc13x0.aem3 : RFCC26XX_multiMode.oem3 (.text:fsmActiveState)
                  00001924    000003c4     EasyLink.obj (.text:EasyLink_init)
                  00001ce8    0000033c     rom_sysbios.aem3 : rom_sysbios.obj (.text:xdc_runtime_System_doPrint__I)
                  00002024    0000030c     drivers_cc13x0.aem3 : PowerCC26XX_calibrateRCOSC.oem3 (.text:PowerCC26XX_auxISR)
                  00002330    00000228     driverlib.lib : sys_ctrl.obj (.text:NOROM_SysCtrlSetRechargeBeforePowerDown)
                  00002558    00000228     drivers_cc13x0.aem3 : PowerCC26XX.oem3 (.text:Power_sleep)
                  00002780    00000220     NodeRadioTask.obj (.text:nodeRadioTaskFunction)
                  000029a0    0000020c     NodeRadioTask.obj (.text:sendDmPacket)
                  00002bac    000001f4     rtsv7M3_T_le_eabi.lib : ull_div_t2.obj (.text)
                  00002da0    000001b6                           : fd_add_t2.obj (.text)
                  00002f56    00000002     SceAdc.obj (.text:ctrlReadyCallback)
                  00002f58    000001b4     drivers_cc13x0.aem3 : PINCC26XX.oem3 (.text:PIN_init)
                  0000310c    000001a4     rf_multiMode_cc13x0.aem3 : RFCC26XX_multiMode.oem3 (.text:fsmSetupState)
                  000032b0    00000198     drivers_cc13x0.aem3 : PowerCC26XX_calibrateRCOSC.oem3 (.text:PowerCC26XX_doCalibrate)
                  00003448    00000198                         : UARTCC26XX.oem3 (.text:UARTCC26XX_open)
                  000035e0    00000188     EasyLink.obj (.text:rxDoneCallback)
                  00003768    00000170     EasyLink.obj (.text:EasyLink_receiveAsync)
                  000038d8    00000168     release_pem3.oem3 (.text:xdc_runtime_System_printfExtend__I)
                  00003a40    00000164     NodeTask.obj (.text:nodeTaskFunction)
                  00003ba4    00000160     EasyLink.obj (.text:enableTestMode)
                  00003d04    00000158     rf_multiMode_cc13x0.aem3 : RFCC26XX_multiMode.oem3 (.text:RF_postCmd)
                  00003e5c    00000154                              : RFCC26XX_multiMode.oem3 (.text:radioOpDoneCb)
                  00003fb0    00000150                              : RFCC26XX_multiMode.oem3 (.text:fsmChangePhyState)
                  00004100    00000150     smartrf_settings_predefined.obj (.text:rf_patch_mce_genook)
                  00004250    00000144     UartTask.obj (.text:UART_setup)
                  00004394    0000013c     EasyLink.obj (.text:EasyLink_transmit)
                  000044d0    00000134     drivers_cc13x0.aem3 : PowerCC26XX.oem3 (.text:Power_init)
                  00004604    00000130     driverlib.lib : setup_rom.obj (.text:NOROM_SetupAfterColdResetWakeupFromShutDownCfg3)
                  00004734    00000130     rf_multiMode_cc13x0.aem3 : RFCC26XX_multiMode.oem3 (.text:rf_init)
                  00004864    00000130     UartTask.obj (.text:runProtocol)
                  00004994    00000128     rf_multiMode_cc13x0.aem3 : RFCC26XX_multiMode.oem3 (.text:fsmPowerUpState)
                  00004abc    00000128     smartrf_settings.obj (.text:rf_patch_rfe_genfsk)
                  00004be4    00000128     smartrf_settings_predefined.obj (.text:rf_patch_rfe_genfsk)
                  00004d0c    00000128     smartrf_settings_predefined.obj (.text:rf_patch_rfe_lrm)
                  00004e34    00000128     smartrf_settings_predefined.obj (.text:rf_patch_rfe_sl_longrange)
                  00004f5c    00000118     drivers_cc13x0.aem3 : UARTCC26XX.oem3 (.text:UARTCC26XX_read)
                  00005074    00000114     smartrf_settings_predefined.obj (.text:rf_patch_mce_hsp_4mbps)
                  00005188    00000110     rf_multiMode_cc13x0.aem3 : RFCC26XX_multiMode.oem3 (.text:RF_close)
                  00005298    0000010c                              : RFCC26XX_multiMode.oem3 (.text:RF_open)
                  000053a4    0000010c                              : RFCC26XX_multiMode.oem3 (.text:hwiFxnCpe0Active)
                  000054b0    0000010a     drivers_cc13x0.aem3 : UARTCC26XX.oem3 (.text:UARTCC26XX_hwiIntFxn)
                  000055ba    00000002     rf_multiMode_cc13x0.aem3 : RFCC26XX_multiMode.oem3 (.text:defaultErrCb)
                  000055bc    00000100     scif_framework.obj (.text:scifInit)
                  000056bc    000000fc     drivers_cc13x0.aem3 : UARTCC26XX.oem3 (.text:UARTCC26XX_write)
                  000057b8    000000fc     rtsv7M3_T_le_eabi.lib : fd_mul_t2.obj (.text)
                  000058b4    000000f0     driverlib.lib : setup_rom.obj (.text:NOROM_SetupAfterColdResetWakeupFromShutDownCfg2)
                  000059a4    000000e8     rom_sysbios.aem3 : rom_sysbios.obj (.text:ti_sysbios_knl_Event_pend__E)
                  00005a8c    000000e0     scif_framework.obj (.text:scifCtrlTasksNbl)
                  00005b6c    000000dc     drivers_cc13x0.aem3 : PINCC26XX.oem3 (.text:PINCC26XX_setIoCfg)
                  00005c48    000000d8     EasyLink.obj (.text:EasyLink_enableRxAddrFilter)
                  00005d20    000000d8     driverlib.lib : rfc.obj (.text:NOROM_RFCRTrim)
                  00005df8    000000d8     smartrf_settings_predefined.obj (.text:rf_patch_rfe_genook)
                  00005ed0    000000d8     smartrf_settings_predefined.obj (.text:rf_patch_rfe_hsp_4mbps)
                  00005fa8    000000d4     driverlib.lib : rfc.obj (.text:NOROM_RFCRfTrimRead)
                  0000607c    000000d0     dpl_cc13x0.aem3 : PowerCC26XX_tirtos.oem3 (.text:PowerCC26XX_standbyPolicy)
                  0000614c    000000c4     driverlib.lib : setup.obj (.text:TrimAfterColdResetWakeupFromShutDown)
                  00006210    000000c4     smartrf_settings_predefined.obj (.text:rf_patch_mce_sl_longrange)
                  000062d4    000000c0     EasyLink.obj (.text:EasyLink_setCtrl)
                  00006394    000000bc     drivers_cc13x0.aem3 : PowerCC26XX.oem3 (.text:Power_releaseDependency)
                  00006450    000000bc                         : UARTCC26XX.oem3 (.text:UARTCC26XX_initHw)
                  0000650c    000000b4     NodeTask.obj (.text:NodeTask_init)
                  000065c0    000000b4     drivers_cc13x0.aem3 : PowerCC26XX.oem3 (.text:Power_setDependency)
                  00006674    000000ac     NodeRadioTask.obj (.text:NodeRadioTask_init)
                  00006720    000000a8     driverlib.lib : setup.obj (.text:NOROM_SetupTrimDevice)
                  000067c8    000000a8     rf_multiMode_cc13x0.aem3 : RFCC26XX_multiMode.oem3 (.text:RF_issueRadioFreeCb)
                  00006870    000000a8     UartTask.obj (.text:uartTaskFunction)
                  00006918    000000a4     driverlib.lib : setup_rom.obj (.text:NOROM_SetupAfterColdResetWakeupFromShutDownCfg1)
                  000069bc    000000a4     rf_multiMode_cc13x0.aem3 : RFCC26XX_multiMode.oem3 (.text:RF_dispatchCmd)
                  00006a60    000000a0     auto_init.aem3 : auto_init.oem3 (.text)
                  00006b00    0000009c     rtsv7M3_T_le_eabi.lib : memcpy_t2.obj (.text)
                  00006b9c    0000009c     rf_multiMode_cc13x0.aem3 : RFCC26XX_multiMode.oem3 (.text:swiFxnHw)
                  00006c38    00000098     drivers_cc13x0.aem3 : PINCC26XX.oem3 (.text:PIN_open)
                  00006cd0    00000098                         : UARTCC26XX.oem3 (.text:UARTCC26XX_initIO)
                  00006d68    00000098     rf_multiMode_cc13x0.aem3 : RFCC26XX_multiMode.oem3 (.text:hwiFxnCpe0PowerFsm)
                  00006e00    00000098     rom_sysbios.aem3 : rom_sysbios.obj (.text:ti_sysbios_knl_Clock_workFuncDynamic__E)
                  00006e98    00000094     drivers_cc13x0.aem3 : UARTCC26XX.oem3 (.text:writeFinishedDoCallback)
                  00006f2c    0000008c     rf_multiMode_cc13x0.aem3 : RFCC26XX_multiMode.oem3 (.text:RF_pendCmd)
                  00006fb8    0000008c     drivers_cc13x0.aem3 : UARTCC26XX.oem3 (.text:UARTCC26XX_close)
                  00007044    0000008c                         : UARTCC26XX.oem3 (.text:UARTCC26XX_writeCancel)
                  000070d0    0000008c     scif_framework.obj (.text:scifInitIo)
                  0000715c    00000088     drivers_cc13x0.aem3 : PowerCC26XX.oem3 (.text:disableLFClockQualifiers)
                  000071e4    00000086     rtsv7M3_T_le_eabi.lib : fd_cmp_t2.obj (.text:__aeabi_cdcmple)
                  0000726a    00000086                           : fd_cmp_t2.obj (.text:__aeabi_cdrcmple)
                  000072f0    00000084     drivers_cc13x0.aem3 : PowerCC26XX.oem3 (.text:switchXOSCHFclockFunc)
                  00007374    0000007a     rtsv7M3_T_le_eabi.lib : memset_t2.obj (.text)
                  000073ee    00000078     drivers_cc13x0.aem3 : UARTCC26XX.oem3 (.text:writeTxFifoFlush)
                  00007466    00000002                         : PowerCC26XX.oem3 (.text:emptyClockFunc)
                  00007468    00000074     driverlib.lib : setup_rom.obj (.text:NOROM_SetupSetVddrLevel)
                  000074dc    00000074     NodeRadioTask.obj (.text:resendPacket)
                  00007550    00000074     rom_sysbios.aem3 : rom_sysbios.obj (.text:ti_sysbios_family_arm_cc26xx_Timer_start__E)
                  000075c4    00000070     scif_framework.obj (.text:scifGetTaskStruct)
                  00007634    00000070     rom_sysbios.aem3 : rom_sysbios.obj (.text:ti_sysbios_knl_Event_post__E)
                  000076a4    0000006d                      : rom_sysbios.obj (.text:xdc_runtime_System_formatNum__I)
                  00007711    00000001     --HOLE-- [fill = 0]
                  00007712    00000002     smartrf_settings.obj (.text:enterGenfskSysPatch)
                  00007714    0000006c     drivers_cc13x0.aem3 : PowerCC26XX.oem3 (.text:PowerCC26XX_calibrate)
                  00007780    0000006c                         : PowerCC26XX_calibrateRCOSC.oem3 (.text:PowerCC26XX_initiateCalibration)
                  000077ec    00000068     driverlib.lib : setup_rom.obj (.text:NOROM_SetupGetTrimForAmpcompCtrl)
                  00007854    00000068                   : setup_rom.obj (.text:NOROM_SetupGetTrimForAnabypassValue1)
                  000078bc    00000068                   : sys_ctrl.obj (.text:NOROM_SysCtrl_DCDC_VoltageConditionalControl)
                  00007924    00000068     drivers_cc13x0.aem3 : UARTCC26XX.oem3 (.text:UARTCC26XX_readCancel)
                  0000798c    00000068     rtsv7M3_T_le_eabi.lib : copy_decompress_lzss.obj (.text:decompress:lzss)
                  000079f4    00000068     rf_multiMode_cc13x0.aem3 : RFCC26XX_multiMode.oem3 (.text:fsmXOSCState)
                  00007a5c    00000068                              : RFCC26XX_multiMode.oem3 (.text:syncCb)
                  00007ac4    00000064     driverlib.lib : osc.obj (.text:NOROM_OSCHF_AttemptToSwitchToXosc)
                  00007b28    00000064     rf_multiMode_cc13x0.aem3 : RFCC26XX_multiMode.oem3 (.text:dispatchOpWhen)
                  00007b8c    00000060     driverlib.lib : osc.obj (.text:NOROM_OSCClockSourceSet)
                  00007bec    00000060     drivers_cc13x0.aem3 : UARTCC26XX.oem3 (.text:UARTCC26XX_control)
                  00007c4c    00000060     UartTask.obj (.text:UartTask_init)
                  00007cac    00000060     smartrf_settings.obj (.text:configureGenfskPatch)
                  00007d0c    00000060     smartrf_settings_predefined.obj (.text:configureGenfskPatch)
                  00007d6c    00000060     smartrf_settings_predefined.obj (.text:configureGenookPatch)
                  00007dcc    00000060     smartrf_settings_predefined.obj (.text:configureLrmPatch)
                  00007e2c    00000060     smartrf_settings_predefined.obj (.text:configureSl_longrangePatch)
                  00007e8c    00000060     drivers_cc13x0.aem3 : PowerCC26XX.oem3 (.text:configureXOSCHF)
                  00007eec    0000005c     driverlib.lib : sys_ctrl.obj (.text:NOROM_SysCtrlAdjustRechargeAfterPowerDown)
                  00007f48    0000005c     NodeRadioTask.obj (.text:NodeRadioTask_sendAdcData)
                  00007fa4    0000005c     drivers_cc13x0.aem3 : PowerCC26XX_calibrateRCOSC.oem3 (.text:PowerCC26XX_RCOSC_clockFunc)
                  00008000    0000005c     rf_multiMode_cc13x0.aem3 : RFCC26XX_multiMode.oem3 (.text:ratChanFree)
                  0000805c    0000005c     rom_sysbios.aem3 : rom_sysbios.obj (.text:ti_sysbios_heaps_HeapMem_initPrimary__I)
                  000080b8    0000005c     release_pem3.oem3 (.text:xdc_runtime_Startup_getState__I)
                  00008114    00000058     drivers_cc13x0.aem3 : PINCC26XX.oem3 (.text:PIN_remove)
                  0000816c    00000058     rf_multiMode_cc13x0.aem3 : RFCC26XX_multiMode.oem3 (.text:applyRfCorePatch)
                  000081c4    00000058     NodeRadioTask.obj (.text:rxDoneCallback)
                  0000821c    00000058     scif_framework.obj (.text:scifReinitIo)
                  00008274    00000058     scif_framework.obj (.text:scifUninitIo)
                  000082cc    00000054     rf_multiMode_cc13x0.aem3 : RFCC26XX_multiMode.oem3 (.text:RF_getCurrentTime)
                  00008320    00000054     SceAdc.obj (.text:SceAdc_init)
                  00008374    00000054     rf_multiMode_cc13x0.aem3 : RFCC26XX_multiMode.oem3 (.text:hwiFxnHw)
                  000083c8    00000050     driverlib.lib : setup_rom.obj (.text:NOROM_SetupSetCacheModeAccordingToCcfgSetting)
                  00008418    00000050     drivers_cc13x0.aem3 : UARTCC26XX.oem3 (.text:startTxFifoEmptyClk)
                  00008468    0000004c     rf_multiMode_cc13x0.aem3 : RFCC26XX_multiMode.oem3 (.text:RF_wakeupNotifyFxn)
                  000084b4    0000004c     rtsv7M3_T_le_eabi.lib : atoi.obj (.text)
                  00008500    0000004c                           : cpy_tbl.obj (.text)
                  0000854c    00000048     drivers_cc13x0.aem3 : PINCC26XX.oem3 (.text:PIN_setOutputEnable)
                  00008594    00000048     rf_multiMode_cc13x0.aem3 : RFCC26XX_multiMode.oem3 (.text:RF_checkCmdFsError)
                  000085dc    00000048     rtsv7M3_T_le_eabi.lib : fd_toi_t2.obj (.text)
                  00008624    00000044     drivers_cc13x0.aem3 : PINCC26XX.oem3 (.text:PIN_swi)
                  00008668    00000044     rf_multiMode_cc13x0.aem3 : RFCC26XX_multiMode.oem3 (.text:RF_releasePowerConstraint)
                  000086ac    00000044     drivers_cc13x0.aem3 : RingBuf.oem3 (.text:RingBuf_put)
                  000086f0    00000044     boot.aem3 : boot.oem3 (.text)
                  00008734    00000044     drivers_cc13x0.aem3 : PowerCC26XX.oem3 (.text:notify)
                  00008778    00000044     rtsv7M3_T_le_eabi.lib : fd_tou_t2.obj (.text)
                  000087bc    00000044     scif.obj (.text:scifStartRtcTicks)
                  00008800    00000040     drivers_cc13x0.aem3 : UART.oem3 (.text:UART_init)
                  00008840    00000040                         : UART.oem3 (.text:UART_open)
                  00008880    00000040     rtsv7M3_T_le_eabi.lib : u_divt2.obj (.text)
                  000088c0    00000040     scif.obj (.text:scifStartRtcTicksNow)
                  00008900    0000003e     drivers_cc13x0.aem3 : RingBuf.oem3 (.text:RingBuf_get)
                  0000893e    00000002     smartrf_settings_predefined.obj (.text:enterGenfskSysPatch)
                  00008940    0000003c     driverlib.lib : chipinfo.obj (.text:NOROM_ChipInfo_GetHwRevision)
                  0000897c    0000003c                   : osc.obj (.text:NOROM_OSC_HPOSCRelativeFrequencyOffsetGet)
                  000089b8    0000003c                   : rfc.obj (.text:NOROM_RFCSynthPowerDown)
                  000089f4    0000003c     drivers_cc13x0.aem3 : PowerCC26XX.oem3 (.text:PowerCC26XX_isStableXOSC_HF)
                  00008a30    0000003c                         : PowerCC26XX.oem3 (.text:PowerCC26XX_switchXOSC_HF)
                  00008a6c    0000003c     rf_multiMode_cc13x0.aem3 : RFCC26XX_multiMode.oem3 (.text:RF_runCmd)
                  00008aa8    00000038     drivers_cc13x0.aem3 : PINCC26XX.oem3 (.text:PIN_setOutputValue)
                  00008ae0    00000038     rf_multiMode_cc13x0.aem3 : RFCC26XX_multiMode.oem3 (.text:Q_end)
                  00008b18    00000038     drivers_cc13x0.aem3 : UARTCC26XX.oem3 (.text:UARTCC26XX_swiIntFxn)
                  00008b50    00000038                         : UARTCC26XX.oem3 (.text:readData)
                  00008b88    00000038     rtsv7M3_T_le_eabi.lib : fs_tod_t2.obj (.text)
                  00008bc0    00000038     drivers_cc13x0.aem3 : UARTCC26XX.oem3 (.text:writeData)
                  00008bf8    00000034     CC1310_LAUNCHXL.obj (.text:CC1310_LAUNCHXL_initGeneral)
                  00008c2c    00000034     driverlib.lib : osc.obj (.text:NOROM_OSCHF_SwitchToRcOscTurnOffXosc)
                  00008c60    00000034     drivers_cc13x0.aem3 : PINCC26XX.oem3 (.text:PIN_setConfig)
                  00008c94    00000034                         : PowerCC26XX.oem3 (.text:Power_releaseConstraint)
                  00008cc8    00000034     rf_multiMode_cc13x0.aem3 : RFCC26XX_multiMode.oem3 (.text:Q_push)
                  00008cfc    00000034     NodeTask.obj (.text:buttonCallback)
                  00008d30    00000034     scif_framework.obj (.text:scifAckAlertEvents)
                  00008d64    00000034     SceAdc.obj (.text:taskAlertCallback)
                  00008d98    00000034     rom_sysbios.aem3 : rom_sysbios.obj (.text:ti_sysbios_family_arm_cc26xx_Timer_initDevice__I)
                  00008dcc    00000032                      : rom_sysbios.obj (.text:ti_sysbios_family_arm_cc26xx_Timer_setNextTick__E)
                  00008dfe    00000002     smartrf_settings_predefined.obj (.text:enterGenookSysPatch)
                  00008e00    00000030     driverlib.lib : chipinfo.obj (.text:NOROM_ChipInfo_GetChipType)
                  00008e30    00000030                   : setup_rom.obj (.text:NOROM_SetupSetAonRtcSubSecInc)
                  00008e60    00000030     drivers_cc13x0.aem3 : PowerCC26XX.oem3 (.text:Power_setConstraint)
                  00008e90    00000030     rf_multiMode_cc13x0.aem3 : RFCC26XX_multiMode.oem3 (.text:clkPowerUpFxn)
                  00008ec0    00000030     scif_framework.obj (.text:osalRegisterCtrlReadyInt)
                  00008ef0    00000030     scif_framework.obj (.text:osalRegisterTaskAlertInt)
                  00008f20    00000030     drivers_cc13x0.aem3 : UARTCC26XX.oem3 (.text:readData2RingBuf)
                  00008f50    00000030     release_pem3.oem3 (.text:ti_sysbios_BIOS_atExitFunc__I)
                  00008f80    00000030     release_pem3.oem3 (.text:ti_sysbios_BIOS_startFunc__I)
                  00008fb0    00000030     rom_sysbios.aem3 : rom_sysbios.obj (.text:ti_sysbios_family_arm_cc26xx_Timer_getCurrentTick__E)
                  00008fe0    00000030                      : rom_sysbios.obj (.text:ti_sysbios_family_arm_cc26xx_Timer_setThreshold__I)
                  00009010    0000002e     rfWsnNode.obj (.text:main)
                  0000903e    0000002e     rtsv7M3_T_le_eabi.lib : i_tofd_t2.obj (.text)
                  0000906c    0000002c     driverlib.lib : ddi.obj (.text:NOROM_DDI32RegWrite)
                  00009098    0000002c                   : osc.obj (.text:NOROM_OSCClockSourceGet)
                  000090c4    0000002c                   : rfc.obj (.text:NOROM_RFCCPEPatchReset)
                  000090f0    0000002c                   : setup_rom.obj (.text:NOROM_SetupGetTrimForRadcExtCfg)
                  0000911c    0000002c     drivers_cc13x0.aem3 : PINCC26XX.oem3 (.text:PINCC26XX_setMux)
                  00009148    0000002c     EasyLink.obj (.text:asyncCmdCallback)
                  00009174    0000002c     rf_multiMode_cc13x0.aem3 : RFCC26XX_multiMode.oem3 (.text:getCmd)
                  000091a0    0000002c     scif_framework.obj (.text:osalLockCtrlTaskNbl)
                  000091cc    0000002c     rom_sysbios.aem3 : rom_sysbios.obj (.text:ti_sysbios_knl_Clock_getTicksUntilInterrupt__E)
                  000091f8    0000002c     release_pem3.oem3 (.text:ti_sysbios_knl_Event_construct)
                  00009224    0000002c     rom_sysbios.aem3 : rom_sysbios.obj (.text:ti_sysbios_knl_Event_pendTimeout__I)
                  00009250    0000002a                      : rom_sysbios.obj (.text:xdc_runtime_System_putchar__I)
                  0000927a    00000002     smartrf_settings_predefined.obj (.text:enterLrmSysPatch)
                  0000927c    00000028     driverlib.lib : aon_batmon.obj (.text:NOROM_AONBatMonTemperatureGetDegC)
                  000092a4    00000028     drivers_cc13x0.aem3 : PowerCC26XX.oem3 (.text:Power_registerNotify)
                  000092cc    00000028     driverlib.lib : adi.obj (.text:SafeHapiVoid)
                  000092f4    00000024     drivers_cc13x0.aem3 : PINCC26XX.oem3 (.text:PINCC26XX_getPinCount)
                  00009318    00000024     SceAdc.obj (.text:SceAdc_setReportInterval)
                  0000933c    00000024     NodeTask.obj (.text:adcCallback)
                  00009360    00000024     rf_multiMode_cc13x0.aem3 : RFCC26XX_multiMode.oem3 (.text:allocCmd)
                  00009384    00000024     scif_framework.obj (.text:osalIndicateCtrlReady)
                  000093a8    00000024     scif_framework.obj (.text:scifOsalInit)
                  000093cc    00000024     release_pem3.oem3 (.text:ti_sysbios_BIOS_registerRTSLock__I)
                  000093f0    00000024     release_pem3.oem3 (.text:ti_sysbios_BIOS_removeRTSLock__I)
                  00009414    00000024     rom_sysbios.aem3 : rom_sysbios.obj (.text:ti_sysbios_family_arm_cc26xx_Timer_getMaxTicks__E)
                  00009438    00000024                      : rom_sysbios.obj (.text:xdc_runtime_System_vprintf__E)
                  0000945c    00000022     drivers_cc13x0.aem3 : List.oem3 (.text:List_put)
                  0000947e    00000002     smartrf_settings_predefined.obj (.text:enterSl_longrangeSysPatch)
                  00009480    00000020     driverlib.lib : rfc.obj (.text:NOROM_RFCAdi3VcoLdoVoltageMode)
                  000094a0    00000020                   : rfc.obj (.text:NOROM_RFCDoorbellSendTo)
                  000094c0    00000020                   : setup_rom.obj (.text:NOROM_SetupGetTrimForXoscHfCtl)
                  000094e0    00000020     drivers_cc13x0.aem3 : PowerCC26XX.oem3 (.text:Power_unregisterNotify)
                  00009500    00000020     NodeRadioTask.obj (.text:returnRadioOperationStatus)
                  00009520    00000020     release_pem3.oem3 (.text:ti_sysbios_BIOS_rtsLock__I)
                  00009540    00000020     rom_sysbios.aem3 : rom_sysbios.obj (.text:ti_sysbios_family_arm_cc26xx_Timer_dynamicStub__E)
                  00009560    00000020                      : rom_sysbios.obj (.text:ti_sysbios_knl_Clock_stop__E)
                  00009580    00000020                      : rom_sysbios.obj (.text:ti_sysbios_knl_Event_checkEvents__I)
                  000095a0    00000020                      : rom_sysbios.obj (.text:xdc_runtime_Error_policyMin__E)
                  000095c0    0000001e     drivers_cc13x0.aem3 : PINCC26XX.oem3 (.text:PIN_close)
                  000095de    0000001e                         : PowerCC26XX.oem3 (.text:Power_getTransitionLatency)
                  000095fc    0000001c     driverlib.lib : chipinfo.obj (.text:NOROM_ChipInfo_GetChipFamily)
                  00009618    0000001c                   : setup_rom.obj (.text:NOROM_SetupGetTrimForAmpcompTh2)
                  00009634    0000001c                   : setup_rom.obj (.text:NOROM_SetupGetTrimForRcOscLfRtuneCtuneTrim)
                  00009650    0000001c     drivers_cc13x0.aem3 : PINCC26XX.oem3 (.text:PINCC26XX_setIoCfgMux)
                  0000966c    0000001c                         : PINCC26XX.oem3 (.text:PIN_hwi)
                  00009688    0000001c     rf_multiMode_cc13x0.aem3 : RFCC26XX_multiMode.oem3 (.text:RF_setPowerConstraint)
                  000096a4    0000001c                              : RFCC26XX_multiMode.oem3 (.text:clkInactivityFxn)
                  000096c0    0000001c     smartrf_settings.obj (.text:enterGenfskCpePatch)
                  000096dc    0000001c     smartrf_settings_predefined.obj (.text:enterGenfskCpePatch)
                  000096f8    0000001c     smartrf_settings_predefined.obj (.text:enterGenookCpePatch)
                  00009714    0000001c     smartrf_settings_predefined.obj (.text:enterLrmCpePatch)
                  00009730    0000001c     smartrf_settings_predefined.obj (.text:enterSl_longrangeCpePatch)
                  0000974c    0000001c     rf_multiMode_cc13x0.aem3 : RFCC26XX_multiMode.oem3 (.text:hwiFxnCpe0ChangePhy)
                  00009768    0000001c     rom_sysbios.aem3 : rom_sysbios.obj (.text:ti_sysbios_family_arm_m3_Hwi_clearInterrupt__E)
                  00009784    0000001a                      : rom_sysbios_config.obj (.text:xdc_runtime_System_printf__E)
                  0000979e    00000002     rtsv7M3_T_le_eabi.lib : i_div0.obj (.text)
                  000097a0    00000018     driverlib.lib : aon_rtc.obj (.text:NOROM_AONRTCCurrentCompareValueGet)
                  000097b8    00000018                   : chipinfo.obj (.text:NOROM_ChipInfo_GetPackageType)
                  000097d0    00000018                   : osc.obj (.text:NOROM_OSCHF_TurnOnXosc)
                  000097e8    00000018                   : rfc.obj (.text:NOROM_RFCCpeIntGetAndClear)
                  00009800    00000018                   : setup_rom.obj (.text:NOROM_SetupGetTrimForAdcShModeEn)
                  00009818    00000018                   : setup_rom.obj (.text:NOROM_SetupGetTrimForAdcShVbufEn)
                  00009830    00000018                   : setup_rom.obj (.text:NOROM_SetupGetTrimForAmpcompTh1)
                  00009848    00000018                   : setup_rom.obj (.text:NOROM_SetupGetTrimForDblrLoopFilterResetVoltage)
                  00009860    00000018                   : setup_rom.obj (.text:NOROM_SetupGetTrimForRcOscLfIBiasTrim)
                  00009878    00000018                   : setup_rom.obj (.text:NOROM_SetupGetTrimForXoscLfRegulatorAndCmirrwrRatio)
                  00009890    00000018     drivers_cc13x0.aem3 : PowerCC26XX.oem3 (.text:Power_idleFunc)
                  000098a8    00000018                         : UARTCC26XX.oem3 (.text:UARTCC26XX_init)
                  000098c0    00000018                         : UART.oem3 (.text:UART_Params_init)
                  000098d8    00000018                         : PowerCC26XX.oem3 (.text:configureRFCoreClocks)
                  000098f0    00000018     rtsv7M3_T_le_eabi.lib : args_main.obj (.text)
                  00009908    00000018                           : ll_mul_t2.obj (.text)
                  00009920    00000018     scif_framework.obj (.text:scifClearAlertIntSource)
                  00009938    00000018     rf_multiMode_cc13x0.aem3 : RFCC26XX_multiMode.oem3 (.text:swiFxnFsm)
                  00009950    00000018     release_pem3.oem3 (.text:ti_sysbios_BIOS_rtsUnlock__I)
                  00009968    00000018     rom_sysbios.aem3 : rom_sysbios.obj (.text:ti_sysbios_knl_Clock_getTimeout__E)
                  00009980    00000018                      : rom_sysbios.obj (.text:ti_sysbios_knl_Swi_or__E)
                  00009998    00000018     release_pem3.oem3 (.text:ti_sysbios_rom_cortexm_cc13xx_CC13xx_checkRevision__E)
                  000099b0    00000018     rom_sysbios.aem3 : rom_sysbios.obj (.text:xdc_runtime_Error_init__E)
                  000099c8    00000016     drivers_cc13x0.aem3 : List.oem3 (.text:List_remove)
                  000099de    00000016     driverlib.lib : chipinfo.obj (.text:NOROM_ThisLibraryIsFor_CC13x0_HwRev20AndLater_HaltIfViolated)
                  000099f4    00000016     rf_multiMode_cc13x0.aem3 : RFCC26XX_multiMode.oem3 (.text:Q_pop)
                  00009a0a    00000016     release_pem3.oem3 (.text:ti_sysbios_BIOS_exitFunc__I)
                  00009a20    00000016     scif_framework.obj (.text:ti_sysbios_family_arm_m3_Hwi_Params_init)
                  00009a36    00000016     NodeRadioTask.obj (.text:ti_sysbios_knl_Event_Params_init)
                  00009a4c    00000016     NodeTask.obj (.text:ti_sysbios_knl_Event_Params_init)
                  00009a62    00000016     EasyLink.obj (.text:ti_sysbios_knl_Semaphore_Params_init)
                  00009a78    00000016     NodeRadioTask.obj (.text:ti_sysbios_knl_Semaphore_Params_init)
                  00009a8e    00000016     scif_framework.obj (.text:ti_sysbios_knl_Semaphore_Params_init)
                  00009aa4    00000016     NodeRadioTask.obj (.text:ti_sysbios_knl_Task_Params_init)
                  00009aba    00000016     NodeTask.obj (.text:ti_sysbios_knl_Task_Params_init)
                  00009ad0    00000016     UartTask.obj (.text:ti_sysbios_knl_Task_Params_init)
                  00009ae6    00000002     rom_sysbios.aem3 : rom_sysbios.obj (.text:ti_sysbios_BIOS_linkedWithIncorrectBootLibrary__E)
                  00009ae8    00000014     NodeRadioTask.obj (.text:AONBatMonBatteryVoltageGet)
                  00009afc    00000014     driverlib.lib : aon_rtc.obj (.text:NOROM_AONRTCCurrent64BitValueGet)
                  00009b10    00000014     drivers_cc13x0.aem3 : PINCC26XX.oem3 (.text:PINCC26XX_getInputValue)
                  00009b24    00000014                         : PINCC26XX.oem3 (.text:PINCC26XX_getOutputValue)
                  00009b38    00000014     rf_multiMode_cc13x0.aem3 : RFCC26XX_multiMode.oem3 (.text:RF_Params_init)
                  00009b4c    00000014     SceAdc.obj (.text:SceAdc_registerAdcCallback)
                  00009b60    00000014     scif_framework.obj (.text:osalIndicateTaskAlert)
                  00009b74    00000014     rtsv7M3_T_le_eabi.lib : _lock.obj (.text)
                  00009b88    00000014                           : strlen.obj (.text)
                  00009b9c    00000014     scif_framework.obj (.text:scifOsalRegisterCtrlReadyCallback)
                  00009bb0    00000014     scif_framework.obj (.text:scifOsalRegisterTaskAlertCallback)
                  00009bc4    00000014     release_pem3.oem3 (.text:ti_sysbios_knl_Clock_doTick__I)
                  00009bd8    00000014     rom_sysbios.aem3 : rom_sysbios.obj (.text:ti_sysbios_knl_Event_Instance_init__E)
                  00009bec    00000012     drivers_cc13x0.aem3 : RingBuf.oem3 (.text:RingBuf_construct)
                  00009bfe    00000012     scif_framework.obj (.text:scifStartTasksNbl)
                  00009c10    00000012     scif.obj (.text:scifTaskResourceInit)
                  00009c22    00000012     release_pem3.oem3 (.text:xdc_runtime_Startup_exec__I)
                  00009c34    00000010     driverlib.lib : rfc.obj (.text:NOROM_RFCRfTrimSet)
                  00009c44    00000010                   : setup_rom.obj (.text:NOROM_SetupGetTrimForXoscHfFastStart)
                  00009c54    00000010                   : setup_rom.obj (.text:NOROM_SetupGetTrimForXoscHfIbiastherm)
                  00009c64    00000010     smartrf_settings.obj (.text:applyGenfskPatch)
                  00009c74    00000010     smartrf_settings_predefined.obj (.text:applyGenfskPatch)
                  00009c84    00000010     smartrf_settings_predefined.obj (.text:applyGenookPatch)
                  00009c94    00000010     smartrf_settings_predefined.obj (.text:applyLrmPatch)
                  00009ca4    00000010     smartrf_settings_predefined.obj (.text:applySl_longrangePatch)
                  00009cb4    00000010     NodeTask.obj (.text:fastReportTimeoutCallback)
                  00009cc4    00000010     UartTask.obj (.text:manage_message)
                  00009cd4    00000010     rom_sysbios.aem3 : rom_sysbios.obj (.text:ti_sysbios_family_arm_m3_Hwi_post__E)
                  00009ce4    00000010     drivers_cc13x0.aem3 : UARTCC26XX.oem3 (.text:uartPostNotify)
                  00009cf4    00000010     rom_sysbios.aem3 : rom_sysbios.obj (.text:xdc_runtime_SysCallback_putch__E)
                  00009d04    00000010                      : rom_sysbios.obj (.text:xdc_runtime_SysCallback_ready__E)
                  00009d14    0000000e     driverlib.lib : vims.obj (.text:NOROM_VIMSModeGet)
                  00009d22    0000000e     rtsv7M3_T_le_eabi.lib : copy_decompress_none.obj (.text:decompress:none)
                  00009d30    0000000e     scif_framework.obj (.text:osalCtrlReadyIsr)
                  00009d3e    0000000e     scif_framework.obj (.text:osalTaskAlertIsr)
                  00009d4c    0000000e     scif.obj (.text:scifTaskResourceUninit)
                  00009d5a    0000000e     rom_sysbios.aem3 : rom_sysbios.obj (.text:ti_sysbios_family_arm_cc26xx_TimestampProvider_get32__E)
                  00009d68    0000000c     rf_multiMode_cc13x0.aem3 : RFCC26XX_multiMode.oem3 (.text:FsmNextState)
                  00009d74    0000000c     drivers_cc13x0.aem3 : List.oem3 (.text:List_empty)
                  00009d80    0000000c     driverlib.lib : cpu.obj (.text:NOROM_CPUcpsid)
                  00009d8c    0000000c                   : cpu.obj (.text:NOROM_CPUcpsie)
                  00009d98    0000000c                   : osc.obj (.text:NOROM_OSC_HPOSCRelativeFrequencyOffsetToRFCoreFormatConvert)
                  00009da4    0000000c     drivers_cc13x0.aem3 : PINCC26XX.oem3 (.text:PIN_registerIntCb)
                  00009db0    0000000c                         : PowerCC26XX.oem3 (.text:Power_getConstraintMask)
                  00009dbc    0000000c                         : PowerCC26XX.oem3 (.text:Power_getDependencyCount)
                  00009dc8    0000000c     NodeRadioTask.obj (.text:TRNGDisable)
                  00009dd4    0000000c     NodeRadioTask.obj (.text:TRNGEnable)
                  00009de0    0000000c     NodeRadioTask.obj (.text:TRNGStatusGet)
                  00009dec    0000000c     rtsv7M3_T_le_eabi.lib : copy_zero_init.obj (.text:decompress:ZI)
                  00009df8    0000000c     scif_framework.obj (.text:osalUnlockCtrlTaskNbl)
                  00009e04    0000000c     scif_framework.obj (.text:scifGetAlertEvents)
                  00009e10    0000000c     scif_framework.obj (.text:scifOsalLeaveCriticalSection)
                  00009e1c    0000000c     NodeTask.obj (.text:ti_sysbios_knl_Clock_handle)
                  00009e28    0000000c     release_pem3.oem3 (.text:ti_sysbios_knl_Event_Params__init__S)
                  00009e34    0000000c     NodeRadioTask.obj (.text:ti_sysbios_knl_Event_handle)
                  00009e40    0000000c     NodeTask.obj (.text:ti_sysbios_knl_Event_handle)
                  00009e4c    0000000c     NodeRadioTask.obj (.text:ti_sysbios_knl_Semaphore_handle)
                  00009e58    0000000c     scif_framework.obj (.text:ti_sysbios_knl_Semaphore_handle)
                  00009e64    0000000c     rom_sysbios.aem3 : rom_sysbios.obj (.text:ti_sysbios_knl_Swi_getTrigger__E)
                  00009e70    0000000c     release_pem3.oem3 (.text:xdc_runtime_Startup_reset__I)
                  00009e7c    0000000c     rom_sysbios.aem3 : rom_sysbios.obj (.text:xdc_runtime_Startup_rtsDone__E)
                  00009e88    0000000a     SceAdc.obj (.text:SceAdc_start)
                  00009e92    0000000a     drivers_cc13x0.aem3 : UART.oem3 (.text:UART_read)
                  00009e9c    0000000a                         : UART.oem3 (.text:UART_write)
                  00009ea6    0000000a     scif_framework.obj (.text:osalClearCtrlReadyInt)
                  00009eb0    0000000a     scif_framework.obj (.text:osalClearTaskAlertInt)
                  00009eba    0000000a     scif_framework.obj (.text:osalDisableCtrlReadyInt)
                  00009ec4    0000000a     scif_framework.obj (.text:osalDisableTaskAlertInt)
                  00009ece    0000000a     scif_framework.obj (.text:osalEnableCtrlReadyInt)
                  00009ed8    0000000a     scif_framework.obj (.text:osalEnableTaskAlertInt)
                  00009ee2    00000008     drivers_cc13x0.aem3 : UARTCC26XX.oem3 (.text:readSemCallback)
                  00009eea    00000008     smartrf_settings.obj (.text:rf_patch_cpe_genfsk)
                  00009ef2    00000008     smartrf_settings_predefined.obj (.text:rf_patch_cpe_genfsk)
                  00009efa    00000008     smartrf_settings_predefined.obj (.text:rf_patch_cpe_genook)
                  00009f02    00000008     smartrf_settings_predefined.obj (.text:rf_patch_cpe_lrm)
                  00009f0a    00000008     smartrf_settings_predefined.obj (.text:rf_patch_cpe_sl_longrange)
                  00009f12    00000008     scif_framework.obj (.text:scifOsalEnterCriticalSection)
                  00009f1a    00000008     drivers_cc13x0.aem3 : UARTCC26XX.oem3 (.text:writeSemCallback)
                  00009f22    00000006     driverlib.lib : cpu.obj (.text:NOROM_CPUdelay)
                  00009f28    00000006     drivers_cc13x0.aem3 : UARTCC26XX.oem3 (.text:UARTCC26XX_readPolling)
                  00009f2e    00000006                         : UARTCC26XX.oem3 (.text:UARTCC26XX_writePolling)
                  00009f34    00000006     rf_multiMode_cc13x0.aem3 : RFCC26XX_multiMode.oem3 (.text:clkReqAccessFxn)
                  00009f3a    00000006     rom_sysbios.aem3 : rom_sysbios.obj (.text:ti_sysbios_family_arm_m3_Hwi_setFunc__E)
                  00009f40    00000004     dpl_cc13x0.aem3 : PowerCC26XX_tirtos.oem3 (.text:CPUwfi)
                  00009f44    00000004                     : HwiP_tirtos.oem3 (.text:HwiP_disable)
                  00009f48    00000004     drivers_cc13x0.aem3 : List.oem3 (.text:List_head)
                  00009f4c    00000004                         : List.oem3 (.text:List_next)
                  00009f50    00000004     rf_multiMode_cc13x0.aem3 : RFCC26XX_multiMode.oem3 (.text:Q_peek)
                  00009f54    00000004     drivers_cc13x0.aem3 : PowerCC26XX.oem3 (.text:nopResourceHandler)
                  00009f58    00000004     rom_sysbios.aem3 : rom_sysbios.obj (.text:ti_sysbios_family_arm_cc26xx_Timer_getCount64__E)
                  00009f5c    00000004                      : rom_sysbios.obj (.text:ti_sysbios_knl_Clock_isActive__E)
                  00009f60    00000004                      : rom_sysbios.obj (.text:xdc_runtime_SysCallback_defaultReady)
                  00009f64    00000004                      : rom_sysbios.obj (.text:xdc_runtime_System_printf_va__F)
                  00009f68    00000002     release_pem3.oem3 (.text:ti_sysbios_BIOS_nullFunc__I)
                  00009f6a    00000002     rom_sysbios.aem3 : rom_sysbios.obj (.text:ti_sysbios_knl_Clock_triggerFunc__I)
                  00009f6c    00000002     release_pem3.oem3 (.text:ti_sysbios_rom_cortexm_cc13xx_CC13xx_badRomRevision__E)
                  00009f6e    00000002     rom_sysbios.aem3 : rom_sysbios.obj (.text:xdc_runtime_SysCallback_defaultAbort)
                  00009f70    00000002                      : rom_sysbios.obj (.text:xdc_runtime_SysCallback_defaultExit)
                  00009f72    00000002                      : rom_sysbios.obj (.text:xdc_runtime_SysCallback_defaultPutch)
                  00009f74    00000008     (.tramp.ti_sysbios_family_arm_m3_Hwi_disableInterrupt__E.1)
                  00009f7c    00000008     (.tramp.xdc_runtime_Core_assignParams__I.1)
                  00009f84    00000008     (.tramp.xdc_runtime_Startup_startMods__I.1)
                  00009f8c    00000008     (.tramp.ti_sysbios_knl_Queue_construct.1)
                  00009f94    00000008     (.tramp.ti_sysbios_knl_Clock_logTick__E.1)
                  00009f9c    00000008     (.tramp.ti_sysbios_knl_Task_Params__init__S.1)
                  00009fa4    00000008     (.tramp.ti_sysbios_BIOS_RtsGateProxy_leave__E.1)
                  00009fac    00000008     (.tramp.ti_sysbios_BIOS_RtsGateProxy_enter__E.1)
                  00009fb4    00000008     (.tramp.xdc_runtime_Core_constructObject__I.1)
                  00009fbc    00000008     (.tramp.ti_sysbios_BIOS_start__E.1)
                  00009fc4    00000008     (.tramp.ti_sysbios_knl_Task_startup__E.1)
                  00009fcc    00000008     (.tramp.ti_sysbios_knl_Swi_startup__E.1)
                  00009fd4    00000008     (.tramp.ti_sysbios_hal_Hwi_startup__E.1)
                  00009fdc    00000008     (.tramp.ti_sysbios_family_arm_cc26xx_Timer_startup__E.1)
                  00009fe4    00000008     (.tramp.xdc_runtime_System_atexit__E.1)
                  00009fec    00000008     (.tramp.ti_sysbios_BIOS_setThreadType__E.1)
                  00009ff4    00000008     (.tramp.xdc_runtime_System_exit__E.1)
                  00009ffc    00000008     (.tramp.ti_sysbios_heaps_HeapMem_restore__E.1)
                  0000a004    00000008     (.tramp.ti_sysbios_heaps_HeapMem_Object__get__S.1)
                  0000a00c    00000008     (.tramp.ti_sysbios_knl_Task_unblockI__E.1)
                  0000a014    00000008     (.tramp.ti_sysbios_knl_Queue_remove__E.1)
                  0000a01c    00000008     (.tramp.ti_sysbios_knl_Queue_head__E.1)
                  0000a024    00000008     (.tramp.ti_sysbios_knl_Queue_empty__E.1)
                  0000a02c    00000008     (.tramp.ti_sysbios_knl_Clock_scheduleNextTick__E.1)
                  0000a034    00000008     (.tramp.ti_sysbios_knl_Clock_walkQueueDynamic__E.1)
                  0000a03c    00000008     (.tramp.ti_sysbios_knl_Clock_TimerProxy_getCurrentTick__E.1)
                  0000a044    00000008     (.tramp.ti_sysbios_knl_Task_construct.1)
                  0000a04c    00000008     (.tramp.ti_sysbios_BIOS_getCpuFreq__E.1)
                  0000a054    00000008     (.tramp.ti_sysbios_knl_Clock_removeI__E.1)
                  0000a05c    00000008     (.tramp.ti_sysbios_knl_Clock_startI__E.1)
                  0000a064    00000008     (.tramp.ti_sysbios_knl_Task_blockI__E.1)
                  0000a06c    00000008     (.tramp.ti_sysbios_knl_Queue_enqueue__E.1)
                  0000a074    00000008     (.tramp.ti_sysbios_knl_Task_self__E.1)
                  0000a07c    00000008     (.tramp.ti_sysbios_knl_Clock_addI__E.1)
                  0000a084    00000008     (.tramp.ti_sysbios_family_arm_m3_Hwi_destruct.1)
                  0000a08c    00000008     (.tramp.ti_sysbios_knl_Swi_destruct.1)
                  0000a094    00000008     (.tramp.ti_sysbios_knl_Clock_destruct.1)
                  0000a09c    00000008     (.tramp.ti_sysbios_knl_Semaphore_destruct.1)
                  0000a0a4    00000008     (.tramp.ti_sysbios_knl_Swi_post__E.1)
                  0000a0ac    00000008     (.tramp.ti_sysbios_family_arm_m3_Hwi_enableInterrupt__E.1)
                  0000a0b4    00000008     (.tramp.ti_sysbios_knl_Task_sleep__E.1)
                  0000a0bc    00000008     (.tramp.ti_sysbios_knl_Clock_setTimeout__E.1)
                  0000a0c4    00000008     (.tramp.ti_sysbios_knl_Clock_construct.1)
                  0000a0cc    00000008     (.tramp.ti_sysbios_knl_Clock_Params__init__S.1)
                  0000a0d4    00000008     (.tramp.ti_sysbios_knl_Clock_start__E.1)
                  0000a0dc    00000008     (.tramp.xdc_runtime_System_abortSpin__E.1)
                  0000a0e4    00000008     (.tramp.ti_sysbios_knl_Swi_construct.1)
                  0000a0ec    00000008     (.tramp.ti_sysbios_knl_Swi_Params__init__S.1)
                  0000a0f4    00000008     (.tramp.ti_sysbios_family_arm_m3_Hwi_construct.1)
                  0000a0fc    00000008     (.tramp.ti_sysbios_family_arm_m3_Hwi_Params__init__S.1)
                  0000a104    00000008     (.tramp.ti_sysbios_knl_Semaphore_construct.1)
                  0000a10c    00000008     (.tramp.ti_sysbios_knl_Semaphore_Params__init__S.1)
                  0000a114    00000008     (.tramp.ti_sysbios_knl_Clock_getTicks__E.1)
                  0000a11c    00000008     (.tramp.xdc_runtime_System_abort__E.1)
                  0000a124    00000008     (.tramp.ti_sysbios_knl_Swi_restore__E.1)
                  0000a12c    00000008     (.tramp.ti_sysbios_knl_Swi_disable__E.1)
                  0000a134    00000008     (.tramp.ti_sysbios_knl_Task_restore__E.1)
                  0000a13c    00000008     (.tramp.ti_sysbios_knl_Task_disable__E.1)
                  0000a144    00000008     (.tramp.ti_sysbios_knl_Semaphore_create.1)
                  0000a14c    00000008     (.tramp.ti_sysbios_knl_Semaphore_pend__E.1)
                  0000a154    00000008     (.tramp.ti_sysbios_knl_Semaphore_post__E.1)
                  0000a15c    00000008     (.tramp.ti_sysbios_family_arm_m3_Hwi_restoreFxn__E.1)
                  0000a164    00000008     (.tramp.ti_sysbios_family_arm_m3_Hwi_disableFxn__E.1)

.const     0    0000a16c    00004878     
                  0000a16c    0000073c     smartrf_settings_predefined.obj (.const:patchGenookMce)
                  0000a8a8    000006b4     smartrf_settings.obj (.const:patchGenfskRfe)
                  0000af5c    000006b4     smartrf_settings_predefined.obj (.const:patchGenfskRfe)
                  0000b610    000006b4     smartrf_settings_predefined.obj (.const:patchLrmRfe)
                  0000bcc4    000006b4     smartrf_settings_predefined.obj (.const:patchSl_longrangeRfe)
                  0000c378    000006a4     smartrf_settings_predefined.obj (.const:patchGenookRfe)
                  0000ca1c    00000504     smartrf_settings_predefined.obj (.const:patchHsp4mbpsRfe)
                  0000cf20    00000400     smartrf_settings_predefined.obj (.const:patchSl_longrangeMce)
                  0000d320    000003f0     smartrf_settings_predefined.obj (.const:patchHsp4mbpsMce)
                  0000d710    000002b0     smartrf_settings.obj (.const:patchImageGenfsk)
                  0000d9c0    000002b0     smartrf_settings_predefined.obj (.const:patchImageGenfsk)
                  0000dc70    000002b0     smartrf_settings_predefined.obj (.const:patchImageGenook)
                  0000df20    000002b0     smartrf_settings_predefined.obj (.const:patchImageLrm)
                  0000e1d0    000002b0     smartrf_settings_predefined.obj (.const:patchImageSl_longrange)
                  0000e480    000001ae     scif.obj (.const:pAuxRamImage)
                  0000e62e    00000101     rtsv7M3_T_le_eabi.lib : ctype.obj (.const:.string:_ctypes_)
                  0000e72f    00000001     release_pem3.oem3 (.const:xdc_runtime_Text_charTab__A)
                  0000e730    0000004c     drivers_cc13x0.aem3 : PowerCC26XX.oem3 (.const:resourceDB)
                  0000e77c    00000048     release_pem3.oem3 (.const:.string)
                  0000e7c4    00000040     drivers_cc13x0.aem3 : UARTCC26XX.oem3 (.const:$O1$$)
                  0000e804    0000002c     CC1310_LAUNCHXL.obj (.const:BoardGpioInitTable)
                  0000e830    00000028     drivers_cc13x0.aem3 : UARTCC26XX.oem3 (.const:UARTCC26XX_fxnTable)
                  0000e858    00000024                         : UART.oem3 (.const:UART_defaultParams)
                  0000e87c    00000024     scif.obj (.const:scifDriverSetup)
                  0000e8a0    00000024     release_pem3.oem3 (.const:xdc_runtime_Startup_sfxnTab__A)
                  0000e8c4    00000020     release_pem3.oem3 (.const:ti_sysbios_knl_Event_Object__DESC__C)
                  0000e8e4    00000020     CC1310_LAUNCHXL.obj (.const:uartCC26XXHWAttrs)
                  0000e904    0000001c     rf_multiMode_cc13x0.aem3 : RFCC26XX_multiMode.oem3 (.const:RF_defaultParams)
                  0000e920    00000018     driverlib.lib : rfc.obj (.const:rfc_defaultIrqAddr)
                  0000e938    00000018     release_pem3.oem3 (.const:ti_sysbios_knl_Event_Object__PARAMS__C)
                  0000e950    00000012     release_pem3.oem3 (.const:xdc_runtime_Startup_sfxnRts__A)
                  0000e962    00000010     scif.obj (.const:.string:pAuxIoIndexToMcuIocfgOffsetLut)
                  0000e972    00000002     --HOLE-- [fill = 0]
                  0000e974    00000010     CC1310_LAUNCHXL.obj (.const:PowerCC26XX_config)
                  0000e984    00000010     scif.obj (.const:pScifTaskDataStructInfoLut)
                  0000e994    0000000c     CC1310_LAUNCHXL.obj (.const:UART_config)
                  0000e9a0    0000000c     release_pem3.oem3 (.const:xdc_runtime_Startup_firstFxns__A)
                  0000e9ac    00000008     CC1310_LAUNCHXL.obj (.const)
                  0000e9b4    00000008     CC1310_LAUNCHXL.obj (.const:PINCC26XX_hwAttrs)
                  0000e9bc    00000004     CC1310_LAUNCHXL.obj (.const:RFCC26XX_hwAttrs)
                  0000e9c0    00000004     release_pem3.oem3 (.const:ti_sysbios_heaps_HeapMem_primaryHeapBaseAddr__C)
                  0000e9c4    00000004     release_pem3.oem3 (.const:ti_sysbios_heaps_HeapMem_primaryHeapEndAddr__C)
                  0000e9c8    00000004     release_pem3.oem3 (.const:ti_sysbios_knl_Clock_tickPeriod__C)
                  0000e9cc    00000004     release_pem3.oem3 (.const:ti_sysbios_knl_Clock_triggerClock__C)
                  0000e9d0    00000004     release_pem3.oem3 (.const:ti_sysbios_knl_Event_Instance_State_pendQ__O)
                  0000e9d4    00000004     release_pem3.oem3 (.const:ti_sysbios_knl_Idle_funcList__A)
                  0000e9d8    00000004     release_pem3.oem3 (.const:xdc_runtime_SysCallback_putchFxn__C)
                  0000e9dc    00000004     release_pem3.oem3 (.const:xdc_runtime_SysCallback_readyFxn__C)
                  0000e9e0    00000004     release_pem3.oem3 (.const:xdc_runtime_System_extendFxn__C)

.cinit     0    00000040    00000458     
                  00000040    0000031c     (.cinit..data.load) [load image, compression = lzss]
                  0000035c    00000028     (.cinit..data:ti_sysbios_family_arm_m3_Hwi_Module__state__V.load) [load image, compression = lzss]
                  00000384    00000021     (.cinit..data:ti_sysbios_knl_Task_Module__state__V.load) [load image, compression = lzss]
                  000003a5    0000001f     (.cinit..data:ti_sysbios_BIOS_Module__state__V.load) [load image, compression = lzss]
                  000003c4    0000001e     (.cinit..data:ti_sysbios_knl_Clock_Module__state__V.load) [load image, compression = lzss]
                  000003e2    00000010     (.cinit..data:ti_sysbios_knl_Swi_Module__state__V.load) [load image, compression = lzss]
                  000003f2    00000002     --HOLE-- [fill = 0]
                  000003f4    0000000c     (__TI_handler_table)
                  00000400    0000000b     (.cinit..data:ti_sysbios_family_arm_cc26xx_Timer_Module__state__V.load) [load image, compression = lzss]
                  0000040b    0000000b     (.cinit..data:xdc_runtime_System_Module__state__V.load) [load image, compression = lzss]
                  00000416    00000002     --HOLE-- [fill = 0]
                  00000418    00000008     (.cinit..bss.load) [load image, compression = zero_init]
                  00000420    00000008     (.cinit..data:xdc_runtime_Memory_Module__state__V.load) [load image, compression = lzss]
                  00000428    00000007     (.cinit..data:ti_sysbios_family_arm_cc26xx_TimestampProvider_Module__state__V.load) [load image, compression = lzss]
                  0000042f    00000007     (.cinit..data:xdc_runtime_Startup_Module__state__V.load) [load image, compression = lzss]
                  00000436    00000002     --HOLE-- [fill = 0]
                  00000438    00000060     (__TI_cinit_table)

.init_array 
*          0    00000000    00000000     UNINITIALIZED

.resetVecs 
*          0    00000000    0000003c     
                  00000000    0000003c     release_pem3.oem3 (.resetVecs)

.binit     0    00000000    00000000     

.const:ti_sysbios_knl_Task_Object__PARAMS__C 
*          0    00001000    0000003c     
                  00001000    0000003c     release_pem3.oem3 (.const:ti_sysbios_knl_Task_Object__PARAMS__C)

.const:ti_sysbios_knl_Mailbox_Object__PARAMS__C 
*          0    0000103c    00000034     
                  0000103c    00000034     release_pem3.oem3 (.const:ti_sysbios_knl_Mailbox_Object__PARAMS__C)

.const:ti_sysbios_family_arm_m3_Hwi_Object__PARAMS__C 
*          0    00001070    00000030     
                  00001070    00000030     release_pem3.oem3 (.const:ti_sysbios_family_arm_m3_Hwi_Object__PARAMS__C)

.const:ti_sysbios_hal_Hwi_Object__PARAMS__C 
*          0    000010a0    0000002c     
                  000010a0    0000002c     release_pem3.oem3 (.const:ti_sysbios_hal_Hwi_Object__PARAMS__C)

.const:ti_sysbios_heaps_HeapMem_Module__FXNS__C 
*          0    000010cc    00000028     
                  000010cc    00000028     release_pem3.oem3 (.const:ti_sysbios_heaps_HeapMem_Module__FXNS__C)

.const:ti_sysbios_knl_Swi_Object__PARAMS__C 
*          0    000010f4    00000028     
                  000010f4    00000028     release_pem3.oem3 (.const:ti_sysbios_knl_Swi_Object__PARAMS__C)

.const:ti_sysbios_gates_GateHwi_Module__FXNS__C 
*          0    0000111c    00000024     
                  0000111c    00000024     release_pem3.oem3 (.const:ti_sysbios_gates_GateHwi_Module__FXNS__C)

.const:ti_sysbios_gates_GateMutex_Module__FXNS__C 
*          0    00001140    00000024     
                  00001140    00000024     release_pem3.oem3 (.const:ti_sysbios_gates_GateMutex_Module__FXNS__C)

.const:ti_sysbios_heaps_HeapMem_Object__PARAMS__C 
*          0    00001164    00000024     
                  00001164    00000024     release_pem3.oem3 (.const:ti_sysbios_heaps_HeapMem_Object__PARAMS__C)

.const:ti_sysbios_knl_Clock_Object__PARAMS__C 
*          0    00001188    00000024     
                  00001188    00000024     release_pem3.oem3 (.const:ti_sysbios_knl_Clock_Object__PARAMS__C)

.const:ti_sysbios_knl_Semaphore_Object__PARAMS__C 
*          0    000011ac    00000024     
                  000011ac    00000024     release_pem3.oem3 (.const:ti_sysbios_knl_Semaphore_Object__PARAMS__C)

.const:ti_sysbios_family_arm_m3_Hwi_Object__DESC__C 
*          0    000011d0    00000020     
                  000011d0    00000020     release_pem3.oem3 (.const:ti_sysbios_family_arm_m3_Hwi_Object__DESC__C)

.const:ti_sysbios_gates_GateHwi_Object__DESC__C 
*          0    000011f0    00000020     
                  000011f0    00000020     release_pem3.oem3 (.const:ti_sysbios_gates_GateHwi_Object__DESC__C)

.const:ti_sysbios_gates_GateMutex_Object__DESC__C 
*          0    00001210    00000020     
                  00001210    00000020     release_pem3.oem3 (.const:ti_sysbios_gates_GateMutex_Object__DESC__C)

.const:ti_sysbios_hal_Hwi_Object__DESC__C 
*          0    00001230    00000020     
                  00001230    00000020     release_pem3.oem3 (.const:ti_sysbios_hal_Hwi_Object__DESC__C)

.const:ti_sysbios_heaps_HeapMem_Object__DESC__C 
*          0    00001250    00000020     
                  00001250    00000020     release_pem3.oem3 (.const:ti_sysbios_heaps_HeapMem_Object__DESC__C)

.const:ti_sysbios_knl_Clock_Object__DESC__C 
*          0    00001270    00000020     
                  00001270    00000020     release_pem3.oem3 (.const:ti_sysbios_knl_Clock_Object__DESC__C)

.const:ti_sysbios_knl_Mailbox_Object__DESC__C 
*          0    00001290    00000020     
                  00001290    00000020     release_pem3.oem3 (.const:ti_sysbios_knl_Mailbox_Object__DESC__C)

.const:ti_sysbios_knl_Queue_Object__DESC__C 
*          0    000012b0    00000020     
                  000012b0    00000020     release_pem3.oem3 (.const:ti_sysbios_knl_Queue_Object__DESC__C)

.const:ti_sysbios_knl_Semaphore_Object__DESC__C 
*          0    000012d0    00000020     
                  000012d0    00000020     release_pem3.oem3 (.const:ti_sysbios_knl_Semaphore_Object__DESC__C)

.const:ti_sysbios_knl_Swi_Object__DESC__C 
*          0    000012f0    00000020     
                  000012f0    00000020     release_pem3.oem3 (.const:ti_sysbios_knl_Swi_Object__DESC__C)

.const:ti_sysbios_knl_Task_Object__DESC__C 
*          0    00001310    00000020     
                  00001310    00000020     release_pem3.oem3 (.const:ti_sysbios_knl_Task_Object__DESC__C)

.const:ti_sysbios_gates_GateHwi_Object__PARAMS__C 
*          0    00001330    00000018     
                  00001330    00000018     release_pem3.oem3 (.const:ti_sysbios_gates_GateHwi_Object__PARAMS__C)

.const:ti_sysbios_gates_GateMutex_Object__PARAMS__C 
*          0    00001348    00000018     
                  00001348    00000018     release_pem3.oem3 (.const:ti_sysbios_gates_GateMutex_Object__PARAMS__C)

.const:ti_sysbios_knl_Queue_Object__PARAMS__C 
*          0    00001360    00000018     
                  00001360    00000018     release_pem3.oem3 (.const:ti_sysbios_knl_Queue_Object__PARAMS__C)

.const:ti_sysbios_knl_Idle_funcList__C 
*          0    00001378    00000008     
                  00001378    00000008     release_pem3.oem3 (.const:ti_sysbios_knl_Idle_funcList__C)

.const:ti_sysbios_family_arm_cc26xx_Timer_startupNeeded__C 
*          0    00001384    00000004     
                  00001384    00000004     release_pem3.oem3 (.const:ti_sysbios_family_arm_cc26xx_Timer_startupNeeded__C)

.const:ti_sysbios_family_arm_m3_Hwi_E_alreadyDefined__C 
*          0    00001388    00000004     
                  00001388    00000004     release_pem3.oem3 (.const:ti_sysbios_family_arm_m3_Hwi_E_alreadyDefined__C)

.const:ti_sysbios_family_arm_m3_Hwi_E_hwiLimitExceeded__C 
*          0    0000138c    00000004     
                  0000138c    00000004     release_pem3.oem3 (.const:ti_sysbios_family_arm_m3_Hwi_E_hwiLimitExceeded__C)

.const:ti_sysbios_family_arm_m3_Hwi_NUM_INTERRUPTS__C 
*          0    00001390    00000004     
                  00001390    00000004     release_pem3.oem3 (.const:ti_sysbios_family_arm_m3_Hwi_NUM_INTERRUPTS__C)

.const:ti_sysbios_family_arm_m3_Hwi_Object__count__C 
*          0    00001394    00000004     
                  00001394    00000004     release_pem3.oem3 (.const:ti_sysbios_family_arm_m3_Hwi_Object__count__C)

.const:ti_sysbios_family_arm_m3_Hwi_Object__table__C 
*          0    00001398    00000004     
                  00001398    00000004     release_pem3.oem3 (.const:ti_sysbios_family_arm_m3_Hwi_Object__table__C)

.const:ti_sysbios_family_arm_m3_Hwi_ccr__C 
*          0    0000139c    00000004     
                  0000139c    00000004     release_pem3.oem3 (.const:ti_sysbios_family_arm_m3_Hwi_ccr__C)

.const:ti_sysbios_family_arm_m3_Hwi_excHandlerFunc__C 
*          0    000013a0    00000004     
                  000013a0    00000004     release_pem3.oem3 (.const:ti_sysbios_family_arm_m3_Hwi_excHandlerFunc__C)

.const:ti_sysbios_family_arm_m3_Hwi_nullIsrFunc__C 
*          0    000013a4    00000004     
                  000013a4    00000004     release_pem3.oem3 (.const:ti_sysbios_family_arm_m3_Hwi_nullIsrFunc__C)

.const:ti_sysbios_family_arm_m3_Hwi_numSparseInterrupts__C 
*          0    000013a8    00000004     
                  000013a8    00000004     release_pem3.oem3 (.const:ti_sysbios_family_arm_m3_Hwi_numSparseInterrupts__C)

.const:ti_sysbios_family_arm_m3_Hwi_priGroup__C 
*          0    000013ac    00000004     
                  000013ac    00000004     release_pem3.oem3 (.const:ti_sysbios_family_arm_m3_Hwi_priGroup__C)

.const:ti_sysbios_family_arm_m3_TaskSupport_stackAlignment__C 
*          0    000013b0    00000004     
                  000013b0    00000004     release_pem3.oem3 (.const:ti_sysbios_family_arm_m3_TaskSupport_stackAlignment__C)

.const:ti_sysbios_heaps_HeapMem_E_memory__C 
*          0    000013b4    00000004     
                  000013b4    00000004     release_pem3.oem3 (.const:ti_sysbios_heaps_HeapMem_E_memory__C)

.const:ti_sysbios_heaps_HeapMem_Module__gateObj__C 
*          0    000013b8    00000004     
                  000013b8    00000004     release_pem3.oem3 (.const:ti_sysbios_heaps_HeapMem_Module__gateObj__C)

.const:ti_sysbios_heaps_HeapMem_Object__count__C 
*          0    000013bc    00000004     
                  000013bc    00000004     release_pem3.oem3 (.const:ti_sysbios_heaps_HeapMem_Object__count__C)

.const:ti_sysbios_heaps_HeapMem_Object__table__C 
*          0    000013c0    00000004     
                  000013c0    00000004     release_pem3.oem3 (.const:ti_sysbios_heaps_HeapMem_Object__table__C)

.const:ti_sysbios_heaps_HeapMem_reqAlign__C 
*          0    000013c4    00000004     
                  000013c4    00000004     release_pem3.oem3 (.const:ti_sysbios_heaps_HeapMem_reqAlign__C)

.const:ti_sysbios_knl_Clock_serviceMargin__C 
*          0    000013c8    00000004     
                  000013c8    00000004     release_pem3.oem3 (.const:ti_sysbios_knl_Clock_serviceMargin__C)

.const:ti_sysbios_knl_Mailbox_Object__count__C 
*          0    000013cc    00000004     
                  000013cc    00000004     release_pem3.oem3 (.const:ti_sysbios_knl_Mailbox_Object__count__C)

.const:ti_sysbios_knl_Mailbox_Object__table__C 
*          0    000013d0    00000004     
                  000013d0    00000004     release_pem3.oem3 (.const:ti_sysbios_knl_Mailbox_Object__table__C)

.const:ti_sysbios_knl_Mailbox_maxTypeAlign__C 
*          0    000013d4    00000004     
                  000013d4    00000004     release_pem3.oem3 (.const:ti_sysbios_knl_Mailbox_maxTypeAlign__C)

.const:ti_sysbios_knl_Queue_Object__count__C 
*          0    000013d8    00000004     
                  000013d8    00000004     release_pem3.oem3 (.const:ti_sysbios_knl_Queue_Object__count__C)

.const:ti_sysbios_knl_Queue_Object__table__C 
*          0    000013dc    00000004     
                  000013dc    00000004     release_pem3.oem3 (.const:ti_sysbios_knl_Queue_Object__table__C)

.const:ti_sysbios_knl_Swi_Object__count__C 
*          0    000013e0    00000004     
                  000013e0    00000004     release_pem3.oem3 (.const:ti_sysbios_knl_Swi_Object__count__C)

.const:ti_sysbios_knl_Swi_Object__table__C 
*          0    000013e4    00000004     
                  000013e4    00000004     release_pem3.oem3 (.const:ti_sysbios_knl_Swi_Object__table__C)

.const:ti_sysbios_knl_Swi_numPriorities__C 
*          0    000013e8    00000004     
                  000013e8    00000004     release_pem3.oem3 (.const:ti_sysbios_knl_Swi_numPriorities__C)

.const:ti_sysbios_knl_Task_Object__count__C 
*          0    000013ec    00000004     
                  000013ec    00000004     release_pem3.oem3 (.const:ti_sysbios_knl_Task_Object__count__C)

.const:ti_sysbios_knl_Task_Object__table__C 
*          0    000013f0    00000004     
                  000013f0    00000004     release_pem3.oem3 (.const:ti_sysbios_knl_Task_Object__table__C)

.const:ti_sysbios_knl_Task_allBlockedFunc__C 
*          0    000013f4    00000004     
                  000013f4    00000004     release_pem3.oem3 (.const:ti_sysbios_knl_Task_allBlockedFunc__C)

.const:ti_sysbios_knl_Task_defaultStackHeap__C 
*          0    000013f8    00000004     
                  000013f8    00000004     release_pem3.oem3 (.const:ti_sysbios_knl_Task_defaultStackHeap__C)

.const:ti_sysbios_knl_Task_defaultStackSize__C 
*          0    000013fc    00000004     
                  000013fc    00000004     release_pem3.oem3 (.const:ti_sysbios_knl_Task_defaultStackSize__C)

.const:ti_sysbios_knl_Task_numConstructedTasks__C 
*          0    00001400    00000004     
                  00001400    00000004     release_pem3.oem3 (.const:ti_sysbios_knl_Task_numConstructedTasks__C)

[...]
1001c2a5  ti_sysbios_knl_Clock_TimerProxy_Module__startupDone__S                    
1001c2a9  ti_sysbios_knl_Clock_TimerProxy_getExpiredTicks__E                        
1001c2ad  ti_sysbios_knl_Clock_TimerProxy_getPeriod__E                              
1001c2b1  ti_sysbios_knl_Clock_delete                                               
1001c2b5  ti_sysbios_knl_Clock_destruct                                             
1001c2b9  ti_sysbios_knl_Clock_removeI__E                                           
1001c2bd  ti_sysbios_knl_Clock_setTimeout__E                                        
1001c2c1  ti_sysbios_knl_Mailbox_delete                                             
1001c2c5  ti_sysbios_knl_Mailbox_destruct                                           
1001c2c9  ti_sysbios_knl_Queue_delete                                               
1001c2cd  ti_sysbios_knl_Queue_destruct                                             
1001c2d1  ti_sysbios_knl_Queue_head__E                                              
1001c2d5  ti_sysbios_knl_Queue_next__E                                              
1001c2d9  ti_sysbios_knl_Semaphore_delete                                           
1001c2dd  ti_sysbios_knl_Semaphore_destruct                                         
1001c2e1  ti_sysbios_knl_Swi_delete                                                 
1001c2e5  ti_sysbios_knl_Swi_destruct                                               
1001c2e9  ti_sysbios_knl_Swi_postInit__I                                            
1001c2ed  ti_sysbios_knl_Task_SupportProxy_Module__startupDone__S                   
1001c2f1  ti_sysbios_knl_Task_SupportProxy_getStackAlignment__E                     
1001c2f5  ti_sysbios_knl_Task_SupportProxy_start__E                                 
1001c2f9  ti_sysbios_knl_Task_SupportProxy_swap__E                                  
1001c2fd  ti_sysbios_knl_Task_delete                                                
1001c301  ti_sysbios_knl_Task_destruct                                              
1001c305  ti_sysbios_knl_Task_startup__E                                            
1001c309  xdc_runtime_Startup_startMods__I                                          
1001c401  xdc_runtime_Core_createObject__I                                          
1001c483  xdc_runtime_Error_policySpin__E                                           
1001c485  xdc_runtime_Memory_alloc__E                                               
1001c4f5  xdc_runtime_Core_deleteObject__I                                          
1001c555  xdc_runtime_Startup_exec__E                                               
1001c5a5  xdc_runtime_Assert_raise__I                                               
1001c5ed  xdc_runtime_Core_assignParams__I                                          
1001c635  xdc_runtime_Core_constructObject__I                                       
1001c67d  xdc_runtime_System_atexit__E                                              
1001c6b5  xdc_runtime_System_processAtExit__E                                       
1001c6e9  xdc_runtime_Core_assignLabel__I                                           
1001c719  xdc_runtime_Text_cordText__E                                              
1001c745  xdc_runtime_System_abort__E                                               
1001c765  xdc_runtime_Error_raiseX__E                                               
1001c781  xdc_runtime_Memory_valloc__E                                              
1001c79d  xdc_runtime_Core_destructObject__I                                        
1001c7b5  xdc_runtime_Error_check__E                                                
1001c7cd  xdc_runtime_System_exit__E                                                
1001c7e5  xdc_runtime_Text_ropeText__E                                              
1001c7fd  xdc_runtime_Memory_free__E                                                
1001c80d  xdc_runtime_SysCallback_abort__E                                          
1001c81d  xdc_runtime_SysCallback_exit__E                                           
1001c82d  xdc_runtime_Timestamp_SupportProxy_get32__E                               
1001c82d  xdc_runtime_Timestamp_get32__E                                            
1001c849  xdc_runtime_Memory_calloc__E                                              
1001c855  xdc_runtime_Memory_getMaxDefaultTypeAlign__E                              
1001c875  xdc_runtime_Gate_leaveSystem__E                                           
1001c87b  xdc_runtime_System_Module_startup__E                                      
1001c881  xdc_runtime_Gate_enterSystem__E                                           
1001c885  xdc_runtime_Memory_HeapProxy_alloc__E                                     
1001c889  xdc_runtime_Memory_HeapProxy_free__E                                      
1001c88d  xdc_runtime_System_Module_GateProxy_enter__E                              
1001c891  xdc_runtime_System_Module_GateProxy_leave__E                              
1001c895  xdc_runtime_System_abortSpin__E                                           
1001c897  xdc_runtime_System_exitSpin__E                                            
1001c899  ti_sysbios_family_arm_m3_Hwi_dispatch__I                                  
1001c969  ti_sysbios_family_arm_m3_TaskSupport_buildTaskStack                       
1001c9b5  ti_sysbios_family_arm_m3_Hwi_initStacks__E                                
1001c9fd  ti_sysbios_family_arm_m3_Hwi_excHandlerAsm__I                             
1001ca1d  ti_sysbios_family_xxx_Hwi_switchAndRunFunc                                
1001ca3b  ti_sysbios_family_arm_m3_Hwi_pendSV__I                                    
1001ca53  ti_sysbios_family_arm_m3_Hwi_return                                       
1001ca55  ti_sysbios_family_arm_m3_TaskSupport_glue                                 
1001ca65  ti_sysbios_family_arm_m3_TaskSupport_swap__E                              
1001ca6d  ti_sysbios_knl_Task_swapReturn                                            
1001ca97  ti_sysbios_rom_cortexm_cc13xx_CC13xx_getRevision__E                       
20000000  ti_sysbios_family_arm_m3_Hwi_ramVectors                                   
20000100  ti_sysbios_knl_Task_Module__state__V                                      
20000144  ti_sysbios_family_arm_m3_Hwi_Module__state__V                             
20000178  ti_sysbios_knl_Clock_Module__state__V                                     
200001a4  ti_sysbios_BIOS_Module__state__V                                          
200001c8  ti_sysbios_knl_Swi_Module__state__V                                       
200001e4  ti_sysbios_family_arm_cc26xx_Timer_Module__state__V                       
200001ec  ti_sysbios_family_arm_cc26xx_TimestampProvider_Module__state__V           
200001f0  xdc_runtime_Startup_Module__state__V                                      
200001f8  xdc_runtime_System_Module__state__V                                       
20000200  xdc_runtime_Memory_Module__state__V                                       
20000e08  ti_sysbios_knl_Task_Instance_State_0_stack__A                             
20001008  uartCC26XXObjects                                                         
20001134  PIN_NumPins                                                               
200011c8  PIN_HandleTable                                                           
20001310  ti_sysbios_family_arm_m3_Hwi_dispatchTable                                
20001630  nodeRadioTask                                                             
20001680  nodeTask                                                                  
200016d0  uartTask                                                                  
20001850  fastReportTimeoutClock                                                    
20001874  uartParams                                                                
20001898  pv2wifi_commands                                                          
200018b8  receivedMessage                                                           
20001948  radioAccessSem                                                            
20001964  radioResultSem                                                            
20001a04  nodeEvent                                                                 
20001a18  radioOperationEvent                                                       
20001a4c  pv2wifi_                                                                  
20001a80  receivedNumber                                                            
20001a9c  uart                                                                      
20001aa4  driverlib_release_0_48412                                                 
20001aa8  __primary_heap_start__                                                    
20002aa8  __primary_heap_end__                                                      
20002d78  PowerCC26XX_module                                                        
20002e8c  pOverrides_sl_lr                                                          
20002ef4  pOverrides_hsm                                                            
20002f54  pOverrides_lrm                                                            
20002fb0  pOverrides_ook                                                            
20003064  pOverrides_fsk                                                            
200030bc  ti_sysbios_knl_Task_Object__table__V                                      
20003108  ti_sysbios_family_arm_cc26xx_Timer_Object__table__V                       
20003150  RF_pProp_fsk                                                              
20003154  RF_pProp_lrm                                                              
20003158  RF_pProp_ook                                                              
2000315c  RF_pProp_hsm                                                              
20003160  RF_pProp_sl_lr                                                            
20003164  RF_pProp_2_4G_fsk                                                         
20003168  RF_pCmdPropRadioDivSetup_fsk                                              
2000316c  RF_pCmdPropRadioDivSetup_lrm                                              
20003170  RF_pCmdPropRadioDivSetup_ook                                              
20003174  RF_pCmdRadioSetup_hsm                                                     
20003178  RF_pCmdPropRadioDivSetup_sl_lr                                            
2000317c  RF_pCmdPropRadioSetup_2_4G_fsk                                            
20003180  RF_pCmdTxHS                                                               
20003184  RF_pCmdRxHS                                                               
20003188  RF_pCmdFs_preDef                                                          
2000318c  RF_pCmdPropTx_preDef                                                      
20003190  RF_pCmdPropRxAdv_preDef                                                   
20003194  ti_sysbios_gates_GateMutex_Object__table__V                               
200031cc  RF_cmdPropRxAdv_preDef                                                    
200031fc  ti_sysbios_knl_Swi_Module_State_0_readyQ__A                               
2000322c  ti_sysbios_knl_Swi_Object__table__V                                       
2000325c  ti_sysbios_knl_Task_Module_State_0_readyQ__A                              
2000328c  RF_cmdPropRadioDivSetup                                                   
200032b4  RF_cmdPropRadioDivSetup_fsk                                               
200032dc  RF_cmdPropRadioDivSetup_lrm                                               
20003304  RF_cmdPropRadioDivSetup_ook                                               
2000332c  RF_cmdPropRadioDivSetup_sl_lr                                             
20003354  RF_cmdRxHS                                                                
20003378  ti_sysbios_knl_Clock_Object__table__V                                     
20003398  xdc_runtime_Error_IgnoreBlock                                             
200033d4  RF_cmdFs                                                                  
200033ec  RF_cmdFs_preDef                                                           
20003404  RF_cmdPropTx                                                              
2000341c  RF_cmdPropTx_preDef                                                       
20003434  RF_cmdRadioSetup_hsm                                                      
20003464  shapeovr                                                                  
2000347c  ti_sysbios_family_arm_m3_Hwi_Object__table__V                             
20003494  ti_sysbios_heaps_HeapMem_Object__table__V                                 
200034ac  RF_cmdTxHS                                                                
200034c0  RF_prop                                                                   
200034d0  RF_prop_fsk                                                               
200034e0  RF_prop_hsm                                                               
200034f0  RF_prop_lrm                                                               
20003500  RF_prop_ook                                                               
20003510  RF_prop_sl_lr                                                             
20003520  STATE_cardinal                                                            
20003524  toSendCRC                                                                 
20003528  nbytes                                                                    
2000352c  cnt                                                                       
2000353e  ti_sysbios_family_arm_m3_Hwi_Module_State_0_excActive__A                  
2000354c  _lock                                                                     
20003550  _unlock                                                                   
20003554  buttonPinTable                                                            
2000355c  pinTable                                                                  
20003564  ti_sysbios_family_arm_m3_Hwi_Module__root__V                              
2000356c  ti_sysbios_gates_GateHwi_Module__root__V                                  
20003574  ti_sysbios_gates_GateMutex_Module__root__V                                
2000357c  ti_sysbios_hal_Hwi_Module__root__V                                        
20003584  ti_sysbios_heaps_HeapMem_Module__root__V                                  
2000358c  ti_sysbios_knl_Clock_Module__root__V                                      
20003594  ti_sysbios_knl_Event_Module__root__V                                      
2000359c  ti_sysbios_knl_Mailbox_Module__root__V                                    
200035a4  ti_sysbios_knl_Queue_Module__root__V                                      
200035ac  ti_sysbios_knl_Semaphore_Module__root__V                                  
200035b4  ti_sysbios_knl_Swi_Module__root__V                                        
200035bc  ti_sysbios_knl_Task_Module__root__V                                       
200035c4  xdc_runtime_System_Module_State_0_atexitHandlers__A                       
200035cc  main_func_sp                                                              
200035d0  ti_sysbios_family_arm_m3_Hwi_Module_State_0_excContext__A                 
200035d4  ti_sysbios_family_arm_m3_Hwi_Module_State_0_excStack__A                   
200035d8  ti_sysbios_knl_Task_Module_State_0_idleTask__A                            
20004c00  __stack                                                                   
20005000  __STACK_END                                                               
e000e000  ti_sysbios_family_arm_m3_Hwi_nvic                                         
ffffffff  __TI_pprof_out_hndl                                                       
ffffffff  __TI_prof_data_size                                                       
ffffffff  __TI_prof_data_start                                                      
ffffffff  __binit__                                                                 
ffffffff  __c_args__                                                                
ffffffff  binit                                                                     
UNDEFED   HwiP_restore                                                              
UNDEFED   SHT$$INIT_ARRAY$$Base                                                     
UNDEFED   SHT$$INIT_ARRAY$$Limit                                                    
UNDEFED   ti_sysbios_BIOS_RtsGateProxy_Handle__label__S__mangled__                  
UNDEFED   ti_sysbios_BIOS_RtsGateProxy_Params__init__S__mangled__                   
UNDEFED   ti_sysbios_BIOS_RtsGateProxy_query__E__mangled__                          
UNDEFED   ti_sysbios_hal_Hwi_HwiProxy_Module__startupDone__S__mangled__             
UNDEFED   ti_sysbios_hal_Hwi_HwiProxy_Params__init__S__mangled__                    
UNDEFED   ti_sysbios_hal_Hwi_HwiProxy_disableInterrupt__E__mangled__                
UNDEFED   ti_sysbios_hal_Hwi_HwiProxy_enableInterrupt__E__mangled__                 
UNDEFED   ti_sysbios_hal_Hwi_HwiProxy_getStackInfo__E__mangled__                    
UNDEFED   ti_sysbios_hal_Hwi_HwiProxy_startup__E__mangled__                         
UNDEFED   ti_sysbios_hal_Hwi_HwiProxy_switchFromBootStack__E__mangled__             
UNDEFED   ti_sysbios_hal_Hwi_disableInterrupt__E                                    
UNDEFED   ti_sysbios_hal_Hwi_enableInterrupt__E                                     
UNDEFED   ti_sysbios_hal_Hwi_getStackInfo__E                                        
UNDEFED   ti_sysbios_hal_Hwi_startup__E                                             
UNDEFED   ti_sysbios_hal_Hwi_switchFromBootStack__E                                 
UNDEFED   ti_sysbios_heaps_HeapMem_Module_GateProxy_Handle__label__S__mangled__     
UNDEFED   ti_sysbios_heaps_HeapMem_Module_GateProxy_Params__init__S__mangled__      
UNDEFED   ti_sysbios_heaps_HeapMem_Module_GateProxy_query__E__mangled__             
UNDEFED   ti_sysbios_knl_Clock_TimerProxy_Module__startupDone__S__mangled__         
UNDEFED   ti_sysbios_knl_Clock_TimerProxy_startup__E__mangled__                     
UNDEFED   ti_sysbios_knl_Task_SupportProxy_Module__startupDone__S__mangled__        
UNDEFED   ti_sysbios_knl_Task_SupportProxy_getStackAlignment__E__mangled__          
UNDEFED   ti_sysbios_knl_Task_SupportProxy_start__E__mangled__                      
UNDEFED   ti_sysbios_knl_Task_SupportProxy_swap__E__mangled__                       
UNDEFED   xdc_runtime_Main_Module_GateProxy_Handle__label__S                        
UNDEFED   xdc_runtime_Main_Module_GateProxy_query__E                                
UNDEFED   xdc_runtime_Memory_HeapProxy_Handle__label__S__mangled__                  
UNDEFED   xdc_runtime_System_Module_GateProxy_Handle__label__S__mangled__           
UNDEFED   xdc_runtime_System_Module_GateProxy_query__E__mangled__                   
UNDEFED   xdc_runtime_System_SupportProxy_abort__E                                  
UNDEFED   xdc_runtime_System_SupportProxy_exit__E                                   
UNDEFED   xdc_runtime_Timestamp_SupportProxy_get64__E__mangled__                    
UNDEFED   xdc_runtime_Timestamp_SupportProxy_getFreq__E__mangled__                  
UNDEFED   xdc_runtime_Timestamp_get32__E                                            
UNDEFED   xdc_runtime_Timestamp_get64__E                                            
UNDEFED   xdc_runtime_Timestamp_getFreq__E                                          

[891 symbols]
