(---------------------------------------------------------------------)
(                                                                     )
(    Dangling Line, Via and Antenna Report                            )
(                                                                     )
(    Drawing          : CC13xxEM-7XD-7793.brd                         )
(    Software Version : 16.6S026                                      )
(    Date/Time        : Mon Jan 19 15:00:55 2015                      )
(                                                                     )
(---------------------------------------------------------------------)


Report methodology:
  - Dangling lines have at least one end not connected.
  - Dangling vias have one or no connection
      - Plus are not a test, thieving or netshort property via.
  - Antenna vias do not have connections on their start and end layers.
      - Plus they are not a thieving vias.
      - Optionally, VOLTAGE nets, testvias and through vias can be suppressed with
        the environment variable report_antennavia.
      - Section may be suppressed by variable report_noantennavia.
  - Not part of the current partition.
  - To suppress items in dangle report add the OK_DANGLE property to the via
    or connect line.



<< Dangling Vias >>
  Net                  Padstack               Location            Layers
  ---------------------------------------------------------------------------
  Dummy Net            08CIR04_SM           (129.549 136.470) TOP/BOTTOM 
  Dummy Net            08CIR04_SM           (131.549 136.470) TOP/BOTTOM 
  Dummy Net            08CIR04_SM           (133.549 136.470) TOP/BOTTOM 
  Dummy Net            08CIR04_SM           (135.549 136.470) TOP/BOTTOM 
  Dummy Net            08CIR04_SM           (137.549 136.470) TOP/BOTTOM 
  Dummy Net            08CIR04_SM           (139.549 136.470) TOP/BOTTOM 
  Dummy Net            08CIR04_SM           (141.549 136.470) TOP/BOTTOM 
  Dummy Net            08CIR04_SM           (143.549 136.470) TOP/BOTTOM 
  Dummy Net            08CIR04_SM           (145.549 136.470) TOP/BOTTOM 

<< Summary >>
  Total dangling lines:       0
  Total dangling vias:        9
  Total antenna vias:         0
