******************************************************************************
                  TI ARM Linker PC v15.12.3                    
******************************************************************************
>> Linked Fri Apr 21 19:59:39 2017

OUTPUT FILE NAME:   <uartecho_CC1350_LAUNCHXL_TI.out>
ENTRY POINT SYMBOL: "ResetISR"  address: 00004bdd


MEMORY CONFIGURATION

         name            origin    length      used     unused   attr    fill
----------------------  --------  ---------  --------  --------  ----  --------
  FLASH                 00000000   00020000  0000512a  0001aed6  R  X
  SRAM                  20000000   00005000  0000165d  000039a3  RW X


SEGMENT ALLOCATION MAP

run origin  load origin   length   init length attrs members
----------  ----------- ---------- ----------- ----- -------
00000000    00000000    000005ac   000005ac    r--
  00000000    00000000    0000003c   0000003c    r-- .resetVecs
  0000003c    0000003c    00000226   00000226    r-- .const
  00000268    00000268    00000344   00000344    r-- .cinit
00001000    00001000    00004b38   00004b38    r-x
  00001000    00001000    0000003c   0000003c    r-- .const:ti_sysbios_knl_Task_Object__PARAMS__C
  0000103c    0000103c    00000034   00000034    r-- .const:ti_sysbios_knl_Mailbox_Object__PARAMS__C
  00001070    00001070    00000030   00000030    r-- .const:ti_sysbios_family_arm_m3_Hwi_Object__PARAMS__C
  000010a0    000010a0    0000002c   0000002c    r-- .const:ti_sysbios_hal_Hwi_Object__PARAMS__C
  000010cc    000010cc    00000028   00000028    r-- .const:ti_sysbios_heaps_HeapMem_Module__FXNS__C
  000010f4    000010f4    00000028   00000028    r-- .const:ti_sysbios_knl_Swi_Object__PARAMS__C
  0000111c    0000111c    00000024   00000024    r-- .const:ti_sysbios_gates_GateHwi_Module__FXNS__C
  00001140    00001140    00000024   00000024    r-- .const:ti_sysbios_gates_GateMutex_Module__FXNS__C
  00001164    00001164    00000024   00000024    r-- .const:ti_sysbios_heaps_HeapMem_Object__PARAMS__C
  00001188    00001188    00000024   00000024    r-- .const:ti_sysbios_knl_Clock_Object__PARAMS__C
  000011ac    000011ac    00000024   00000024    r-- .const:ti_sysbios_knl_Semaphore_Object__PARAMS__C
  000011d0    000011d0    00000020   00000020    r-- .const:ti_sysbios_family_arm_m3_Hwi_Object__DESC__C
  000011f0    000011f0    00000020   00000020    r-- .const:ti_sysbios_gates_GateHwi_Object__DESC__C
  00001210    00001210    00000020   00000020    r-- .const:ti_sysbios_gates_GateMutex_Object__DESC__C
  00001230    00001230    00000020   00000020    r-- .const:ti_sysbios_hal_Hwi_Object__DESC__C
  00001250    00001250    00000020   00000020    r-- .const:ti_sysbios_heaps_HeapMem_Object__DESC__C
  00001270    00001270    00000020   00000020    r-- .const:ti_sysbios_knl_Clock_Object__DESC__C
  00001290    00001290    00000020   00000020    r-- .const:ti_sysbios_knl_Mailbox_Object__DESC__C
  000012b0    000012b0    00000020   00000020    r-- .const:ti_sysbios_knl_Queue_Object__DESC__C
  000012d0    000012d0    00000020   00000020    r-- .const:ti_sysbios_knl_Semaphore_Object__DESC__C
  000012f0    000012f0    00000020   00000020    r-- .const:ti_sysbios_knl_Swi_Object__DESC__C
  00001310    00001310    00000020   00000020    r-- .const:ti_sysbios_knl_Task_Object__DESC__C
  00001330    00001330    00000018   00000018    r-- .const:ti_sysbios_gates_GateHwi_Object__PARAMS__C
  00001348    00001348    00000018   00000018    r-- .const:ti_sysbios_gates_GateMutex_Object__PARAMS__C
  00001360    00001360    00000018   00000018    r-- .const:ti_sysbios_knl_Queue_Object__PARAMS__C
  00001378    00001378    00000008   00000008    r-- .const:ti_sysbios_knl_Idle_funcList__C
  00001384    00001384    00000004   00000004    r-- .const:ti_sysbios_family_arm_cc26xx_Timer_startupNeeded__C
  00001388    00001388    00000004   00000004    r-- .const:ti_sysbios_family_arm_m3_Hwi_E_alreadyDefined__C
  0000138c    0000138c    00000004   00000004    r-- .const:ti_sysbios_family_arm_m3_Hwi_E_hwiLimitExceeded__C
  00001390    00001390    00000004   00000004    r-- .const:ti_sysbios_family_arm_m3_Hwi_NUM_INTERRUPTS__C
  00001394    00001394    00000004   00000004    r-- .const:ti_sysbios_family_arm_m3_Hwi_Object__count__C
  00001398    00001398    00000004   00000004    r-- .const:ti_sysbios_family_arm_m3_Hwi_Object__table__C
  0000139c    0000139c    00000004   00000004    r-- .const:ti_sysbios_family_arm_m3_Hwi_ccr__C
  000013a0    000013a0    00000004   00000004    r-- .const:ti_sysbios_family_arm_m3_Hwi_excHandlerFunc__C
  000013a4    000013a4    00000004   00000004    r-- .const:ti_sysbios_family_arm_m3_Hwi_nullIsrFunc__C
  000013a8    000013a8    00000004   00000004    r-- .const:ti_sysbios_family_arm_m3_Hwi_numSparseInterrupts__C
  000013ac    000013ac    00000004   00000004    r-- .const:ti_sysbios_family_arm_m3_Hwi_priGroup__C
  000013b0    000013b0    00000004   00000004    r-- .const:ti_sysbios_family_arm_m3_TaskSupport_stackAlignment__C
  000013b4    000013b4    00000004   00000004    r-- .const:ti_sysbios_heaps_HeapMem_E_memory__C
  000013b8    000013b8    00000004   00000004    r-- .const:ti_sysbios_heaps_HeapMem_Module__gateObj__C
  000013bc    000013bc    00000004   00000004    r-- .const:ti_sysbios_heaps_HeapMem_Object__count__C
  000013c0    000013c0    00000004   00000004    r-- .const:ti_sysbios_heaps_HeapMem_Object__table__C
  000013c4    000013c4    00000004   00000004    r-- .const:ti_sysbios_heaps_HeapMem_reqAlign__C
  000013c8    000013c8    00000004   00000004    r-- .const:ti_sysbios_knl_Clock_serviceMargin__C
  000013cc    000013cc    00000004   00000004    r-- .const:ti_sysbios_knl_Mailbox_Object__count__C
  000013d0    000013d0    00000004   00000004    r-- .const:ti_sysbios_knl_Mailbox_Object__table__C
  000013d4    000013d4    00000004   00000004    r-- .const:ti_sysbios_knl_Mailbox_maxTypeAlign__C
  000013d8    000013d8    00000004   00000004    r-- .const:ti_sysbios_knl_Queue_Object__count__C
  000013dc    000013dc    00000004   00000004    r-- .const:ti_sysbios_knl_Queue_Object__table__C
  000013e0    000013e0    00000004   00000004    r-- .const:ti_sysbios_knl_Swi_Object__count__C
  000013e4    000013e4    00000004   00000004    r-- .const:ti_sysbios_knl_Swi_Object__table__C
  000013e8    000013e8    00000004   00000004    r-- .const:ti_sysbios_knl_Swi_numPriorities__C
  000013ec    000013ec    00000004   00000004    r-- .const:ti_sysbios_knl_Task_Object__count__C
  000013f0    000013f0    00000004   00000004    r-- .const:ti_sysbios_knl_Task_Object__table__C
  000013f4    000013f4    00000004   00000004    r-- .const:ti_sysbios_knl_Task_allBlockedFunc__C
  000013f8    000013f8    00000004   00000004    r-- .const:ti_sysbios_knl_Task_defaultStackHeap__C
  000013fc    000013fc    00000004   00000004    r-- .const:ti_sysbios_knl_Task_defaultStackSize__C
  00001400    00001400    00000004   00000004    r-- .const:ti_sysbios_knl_Task_numConstructedTasks__C
  00001406    00001406    00000002   00000002    r-- .const:ti_sysbios_family_arm_cc26xx_Timer_Module__id__C
  00001408    00001408    00000002   00000002    r-- .const:ti_sysbios_family_arm_cc26xx_TimestampProvider_useClockTimer__C
  0000140a    0000140a    00000002   00000002    r-- .const:ti_sysbios_family_arm_m3_Hwi_Module__id__C
  0000140c    0000140c    00000002   00000002    r-- .const:ti_sysbios_gates_GateHwi_Module__id__C
  0000140e    0000140e    00000002   00000002    r-- .const:ti_sysbios_gates_GateMutex_Module__id__C
  00001410    00001410    00000002   00000002    r-- .const:ti_sysbios_heaps_HeapMem_Module__id__C
  00001412    00001412    00000002   00000002    r-- .const:ti_sysbios_knl_Task_initStackFlag__C
  00001414    00001414    00000001   00000001    r-- .const:ti_sysbios_knl_Clock_tickMode__C
  00001418    00001418    00000008   00000008    r-- .const:xdc_runtime_Startup_firstFxns__C
  00001420    00001420    00000008   00000008    r-- .const:xdc_runtime_Startup_lastFxns__C
  00001428    00001428    00000004   00000004    r-- .const:xdc_runtime_Assert_E_assertFailed__C
  0000142c    0000142c    00000004   00000004    r-- .const:xdc_runtime_Error_E_memory__C
  00001430    00001430    00000004   00000004    r-- .const:xdc_runtime_Error_policyFxn__C
  00001434    00001434    00000004   00000004    r-- .const:xdc_runtime_IGateProvider_Interface__BASE__C
  00001438    00001438    00000004   00000004    r-- .const:xdc_runtime_IHeap_Interface__BASE__C
  0000143c    0000143c    00000004   00000004    r-- .const:xdc_runtime_IModule_Interface__BASE__C
  00001440    00001440    00000004   00000004    r-- .const:xdc_runtime_Main_Module__diagsEnabled__C
  00001444    00001444    00000004   00000004    r-- .const:xdc_runtime_Main_Module__diagsIncluded__C
  00001448    00001448    00000004   00000004    r-- .const:xdc_runtime_Main_Module__diagsMask__C
  0000144c    0000144c    00000004   00000004    r-- .const:xdc_runtime_Memory_defaultHeapInstance__C
  00001450    00001450    00000004   00000004    r-- .const:xdc_runtime_Startup_execImpl__C
  00001454    00001454    00000004   00000004    r-- .const:xdc_runtime_Startup_maxPasses__C
  00001458    00001458    00000004   00000004    r-- .const:xdc_runtime_Startup_sfxnRts__C
  0000145c    0000145c    00000004   00000004    r-- .const:xdc_runtime_Startup_sfxnTab__C
  00001460    00001460    00000004   00000004    r-- .const:xdc_runtime_Startup_startModsFxn__C
  00001464    00001464    00000004   00000004    r-- .const:xdc_runtime_SysCallback_abortFxn__C
  00001468    00001468    00000004   00000004    r-- .const:xdc_runtime_SysCallback_exitFxn__C
  0000146c    0000146c    00000004   00000004    r-- .const:xdc_runtime_System_abortFxn__C
  00001470    00001470    00000004   00000004    r-- .const:xdc_runtime_System_exitFxn__C
  00001474    00001474    00000004   00000004    r-- .const:xdc_runtime_System_maxAtexitHandlers__C
  00001478    00001478    00000004   00000004    r-- .const:xdc_runtime_Text_charTab__C
  0000147c    0000147c    00000004   00000004    r-- .const:xdc_runtime_Text_nameEmpty__C
  00001480    00001480    00000004   00000004    r-- .const:xdc_runtime_Text_nameStatic__C
  00001484    00001484    00000004   00000004    r-- .const:xdc_runtime_Text_nameUnknown__C
  00001488    00001488    00000002   00000002    r-- .const:xdc_runtime_Main_Module__id__C
  0000148a    0000148a    00000002   00000002    r-- .const:xdc_runtime_Memory_Module__id__C
  0000148c    0000148c    00000002   00000002    r-- .const:xdc_runtime_Text_charCnt__C
  0000148e    0000148e    00000002   00000002    r-- .const:xdc_runtime_Text_isLoaded__C
  00001490    00001490    00000001   00000001    r-- .const:xdc_runtime_Error_policy__C
  00001494    00001494    00000004   00000004    r-- .const:ti_sysbios_rom_ROM_AONRTCChannelEnable
  00001498    00001498    00000004   00000004    r-- .const:ti_sysbios_rom_ROM_AONRTCCompareValueSet
  0000149c    0000149c    00000004   00000004    r-- .const:ti_sysbios_rom_ROM_AONRTCCurrentCompareValueGet
  000014a0    000014a0    00000004   00000004    r-- .const:ti_sysbios_rom_ROM_AONRTCEventClear
  000014a4    000014a4    00000004   00000004    r-- .const:ti_sysbios_rom_ROM_ti_sysbios_family_arm_cc26xx_Timer_getCount64__E
  000014a8    000014a8    00000004   00000004    r-- .const:ti_sysbios_rom_ROM_ti_sysbios_family_arm_cc26xx_Timer_getCurrentTick__E
  000014ac    000014ac    00000004   00000004    r-- .const:ti_sysbios_rom_ROM_ti_sysbios_family_arm_cc26xx_Timer_getMaxTicks__E
  000014b0    000014b0    00000004   00000004    r-- .const:ti_sysbios_rom_ROM_ti_sysbios_family_arm_cc26xx_Timer_initDevice__I
  000014b4    000014b4    00000004   00000004    r-- .const:ti_sysbios_rom_ROM_ti_sysbios_family_arm_cc26xx_Timer_setNextTick__E
  000014b8    000014b8    00000004   00000004    r-- .const:ti_sysbios_rom_ROM_ti_sysbios_family_arm_cc26xx_Timer_setThreshold__I
  000014bc    000014bc    00000004   00000004    r-- .const:ti_sysbios_rom_ROM_ti_sysbios_family_arm_cc26xx_Timer_start__E
  000014c0    000014c0    00000004   00000004    r-- .const:ti_sysbios_rom_ROM_ti_sysbios_family_arm_cc26xx_TimestampProvider_get32__E
  000014c4    000014c4    00000004   00000004    r-- .const:ti_sysbios_rom_ROM_xdc_runtime_Startup_getState__I
  000014c8    000014c8    00000004   00000004    r-- .const:ti_sysbios_rom_ROM_xdc_runtime_System_SupportProxy_abort__E
  000014cc    000014cc    00000004   00000004    r-- .const:ti_sysbios_rom_ROM_xdc_runtime_System_SupportProxy_exit__E
  000014d0    000014d0    00000004   00000004    r-- .const:ti_sysbios_gates_GateMutex_Instance_State_sem__O
  000014d4    000014d4    00000004   00000004    r-- .const:ti_sysbios_knl_Clock_Module_State_clockQ__O
  000014d8    000014d8    00000004   00000004    r-- .const:ti_sysbios_knl_Mailbox_Instance_State_dataQue__O
  000014dc    000014dc    00000004   00000004    r-- .const:ti_sysbios_knl_Mailbox_Instance_State_dataSem__O
  000014e0    000014e0    00000004   00000004    r-- .const:ti_sysbios_knl_Mailbox_Instance_State_freeQue__O
  000014e4    000014e4    00000004   00000004    r-- .const:ti_sysbios_knl_Mailbox_Instance_State_freeSem__O
  000014e8    000014e8    00000004   00000004    r-- .const:ti_sysbios_knl_Semaphore_Instance_State_pendQ__O
  000014ec    000014ec    00000004   00000004    r-- .const:ti_sysbios_knl_Task_Module_State_inactiveQ__O
  000014f0    000014f0    00004648   00004648    r-x .text
0001ffa8    0001ffa8    00000058   00000058    r--
  0001ffa8    0001ffa8    00000058   00000058    r-- .ccfg
20000100    20000100    0000129a   00000000    rw-
  20000100    20000100    00000044   00000000    rw- .data:ti_sysbios_knl_Task_Module__state__V
  20000144    20000144    00000034   00000000    rw- .data:ti_sysbios_family_arm_m3_Hwi_Module__state__V
  20000178    20000178    0000002c   00000000    rw- .data:ti_sysbios_knl_Clock_Module__state__V
  200001a4    200001a4    00000024   00000000    rw- .data:ti_sysbios_BIOS_Module__state__V
  200001c8    200001c8    0000001c   00000000    rw- .data:ti_sysbios_knl_Swi_Module__state__V
  200001e4    200001e4    00000008   00000000    rw- .data:ti_sysbios_family_arm_cc26xx_Timer_Module__state__V
  200001ec    200001ec    00000004   00000000    rw- .data:ti_sysbios_family_arm_cc26xx_TimestampProvider_Module__state__V
  200001f0    200001f0    00000008   00000000    rw- .data:xdc_runtime_Startup_Module__state__V
  200001f8    200001f8    00000008   00000000    rw- .data:xdc_runtime_System_Module__state__V
  20000200    20000200    00000004   00000000    rw- .data:xdc_runtime_Memory_Module__state__V
  20000208    20000208    00000e47   00000000    rw- .bss
  20001050    20001050    0000034a   00000000    rw- .data
20004d00    20004d00    00000300   00000000    rw-
  20004d00    20004d00    00000300   00000000    rw- .stack


SECTION ALLOCATION MAP

 output                                  attributes/
section   page    origin      length       input sections
--------  ----  ----------  ----------   ----------------
.const     0    0000003c    00000226     
                  0000003c    0000004c     drivers_cc13xxware.aem3 : PowerCC26XX.oem3 (.const:resourceDB)
                  00000088    00000048     uartecho_pem3.oem3 (.const:.string)
                  000000d0    00000040     drivers_cc13xxware.aem3 : UARTCC26XX.oem3 (.const)
                  00000110    00000034     CC1350_LAUNCHXL.obj (.const:BoardGpioInitTable)
                  00000144    00000028     drivers_cc13xxware.aem3 : UARTCC26XX.oem3 (.const:UARTCC26XX_fxnTable)
                  0000016c    00000028     uartecho_pem3.oem3 (.const:xdc_runtime_Startup_sfxnTab__A)
                  00000194    00000024     drivers_cc13xxware.aem3 : UART.oem3 (.const:UART_defaultParams)
                  000001b8    00000020     CC1350_LAUNCHXL.obj (.const:uartCC26XXHWAttrs)
                  000001d8    00000018     CC1350_LAUNCHXL.obj (.const:UART_config)
                  000001f0    00000017     uartecho.obj (.const:.string:$P$T0$1)
                  00000207    00000001     uartecho_pem3.oem3 (.const:xdc_runtime_Text_charTab__A)
                  00000208    00000014     uartecho_pem3.oem3 (.const:xdc_runtime_Startup_sfxnRts__A)
                  0000021c    00000010     CC1350_LAUNCHXL.obj (.const:PowerCC26XX_config)
                  0000022c    0000000c     uartecho_pem3.oem3 (.const:xdc_runtime_Startup_firstFxns__A)
                  00000238    00000008     CC1350_LAUNCHXL.obj (.const:PINCC26XX_hwAttrs)
                  00000240    00000004     uartecho_pem3.oem3 (.const:ti_sysbios_knl_Clock_tickPeriod__C)
                  00000244    00000004     uartecho_pem3.oem3 (.const:ti_sysbios_knl_Clock_triggerClock__C)
                  00000248    00000004     uartecho_pem3.oem3 (.const:ti_sysbios_knl_Idle_funcList__A)
                  0000024c    00000004     uartecho_pem3.oem3 (.const:xdc_runtime_SysMin_bufSize__C)
                  00000250    00000004     uartecho_pem3.oem3 (.const:xdc_runtime_SysMin_outputFunc__C)
                  00000254    00000004     uartecho_pem3.oem3 (.const:xdc_runtime_System_extendFxn__C)
                  00000258    00000004     uartecho_pem3.oem3 (.const:xdc_runtime_Text_visitRopeFxn__C)
                  0000025c    00000002     uartecho_pem3.oem3 (.const:xdc_runtime_SysMin_flushAtExit__C)
                  0000025e    00000002     uartecho_pem3.oem3 (.const:xdc_runtime_Text_registryModsLastId__C)
                  00000260    00000002     uartecho_pem3.oem3 (.const:xdc_runtime_Text_unnamedModsLastId__C)

.cinit     0    00000268    00000344     
                  00000268    000001bf     (.cinit..data.load) [load image, compression = rle]
                  00000427    00000001     --HOLE-- [fill = 0]
                  00000428    0000002c     (.cinit..data:ti_sysbios_family_arm_m3_Hwi_Module__state__V.load) [load image, compression = rle]
                  00000454    00000004     --HOLE-- [fill = 0]
                  00000458    0000002c     (.cinit..data:ti_sysbios_knl_Task_Module__state__V.load) [load image, compression = rle]
                  00000484    00000004     --HOLE-- [fill = 0]
                  00000488    00000021     (.cinit..data:ti_sysbios_knl_Clock_Module__state__V.load) [load image, compression = rle]
                  000004a9    00000007     --HOLE-- [fill = 0]
                  000004b0    0000001f     (.cinit..data:ti_sysbios_BIOS_Module__state__V.load) [load image, compression = rle]
                  000004cf    00000001     --HOLE-- [fill = 0]
                  000004d0    00000011     (.cinit..data:ti_sysbios_knl_Swi_Module__state__V.load) [load image, compression = rle]
                  000004e1    00000007     --HOLE-- [fill = 0]
                  000004e8    0000000d     (.cinit..data:ti_sysbios_family_arm_cc26xx_Timer_Module__state__V.load) [load image, compression = rle]
                  000004f5    00000003     --HOLE-- [fill = 0]
                  000004f8    0000000d     (.cinit..data:xdc_runtime_System_Module__state__V.load) [load image, compression = rle]
                  00000505    00000003     --HOLE-- [fill = 0]
                  00000508    0000000b     (.cinit..bss.load) [load image, compression = rle]
                  00000513    00000005     --HOLE-- [fill = 0]
                  00000518    0000000a     (.cinit..data:xdc_runtime_Memory_Module__state__V.load) [load image, compression = rle]
                  00000522    00000006     --HOLE-- [fill = 0]
                  00000528    00000009     (.cinit..data:ti_sysbios_family_arm_cc26xx_TimestampProvider_Module__state__V.load) [load image, compression = rle]
                  00000531    00000007     --HOLE-- [fill = 0]
                  00000538    00000009     (.cinit..data:xdc_runtime_Startup_Module__state__V.load) [load image, compression = rle]
                  00000541    00000003     --HOLE-- [fill = 0]
                  00000544    00000008     (__TI_handler_table)
                  0000054c    00000060     (__TI_cinit_table)

.text      0    000014f0    00004648     
                  000014f0    00000338     rom_sysbios.aem3 : rom_sysbios.obj (.text:xdc_runtime_System_doPrint__I)
                  00001828    00000324     rtsv7M3_T_le_eabi.lib : trgdrv.obj (.text)
                  00001b4c    00000228     driverlib.lib : sys_ctrl.obj (.text:NOROM_SysCtrlSetRechargeBeforePowerDown)
                  00001d74    00000228     drivers_cc13xxware.aem3 : PowerCC26XX.oem3 (.text:Power_sleep)
                  00001f9c    000001f4     rtsv7M3_T_le_eabi.lib : ull_div_t2.obj (.text)
                  00002190    000001ec     drivers_cc13xxware.aem3 : PowerCC26XX_calibrateRCOSC.oem3 (.text:calibrateRcoscHf1)
                  0000237c    000001c4                             : PINCC26XX.oem3 (.text:PIN_init)
                  00002540    000001a0                             : PowerCC26XX_calibrateRCOSC.oem3 (.text:PowerCC26XX_doCalibrate)
                  000026e0    000001a0                             : UARTCC26XX.oem3 (.text:UARTCC26XX_open)
                  00002880    00000184     uartecho.obj (.text:main)
                  00002a04    00000130     driverlib.lib : setup_rom.obj (.text:NOROM_SetupAfterColdResetWakeupFromShutDownCfg3)
                  00002b34    0000012c     drivers_cc13xxware.aem3 : PowerCC26XX.oem3 (.text:Power_init)
                  00002c60    0000011c                             : UARTCC26XX.oem3 (.text:UARTCC26XX_read)
                  00002d7c    00000110                             : UARTCC26XX.oem3 (.text:UARTCC26XX_hwiIntFxn)
                  00002e8c    000000fc                             : UARTCC26XX.oem3 (.text:UARTCC26XX_write)
                  00002f88    000000f8     uartecho_pem3.oem3 (.text:xdc_runtime_System_printfExtend__I)
                  00003080    000000f0     driverlib.lib : setup_rom.obj (.text:NOROM_SetupAfterColdResetWakeupFromShutDownCfg2)
                  00003170    000000e0     drivers_cc13xxware.aem3 : PINCC26XX.oem3 (.text:PINCC26XX_setIoCfg)
                  00003250    000000d4     power_cc13xx_tirtos.aem3 : PowerCC26XX_tirtos.oem3 (.text:PowerCC26XX_standbyPolicy)
                  00003324    000000d4     drivers_cc13xxware.aem3 : PowerCC26XX.oem3 (.text:Power_releaseDependency)
                  000033f8    000000d0                             : PowerCC26XX.oem3 (.text:Power_setDependency)
                  000034c8    000000c8                             : UARTCC26XX.oem3 (.text:UARTCC26XX_initHw)
                  00003590    000000c0     driverlib.lib : setup.obj (.text:TrimAfterColdResetWakeupFromShutDown)
                  00003650    000000a8                   : setup.obj (.text:NOROM_SetupTrimDevice)
                  000036f8    000000a4                   : setup_rom.obj (.text:NOROM_SetupAfterColdResetWakeupFromShutDownCfg1)
                  0000379c    000000a0     auto_init.aem3 : auto_init.oem3 (.text)
                  0000383c    0000009c     rtsv7M3_T_le_eabi.lib : memcpy_t2.obj (.text)
                  000038d8    0000009a     rom_sysbios.aem3 : rom_sysbios.obj (.text:xdc_runtime_Text_putSite__E)
                  00003972    00000002     drivers_cc13xxware.aem3 : PowerCC26XX.oem3 (.text:emptyClockFunc)
                  00003974    00000098     rom_sysbios.aem3 : rom_sysbios.obj (.text:ti_sysbios_knl_Clock_workFuncDynamic__E)
                  00003a0c    00000094     drivers_cc13xxware.aem3 : PINCC26XX.oem3 (.text:PIN_open)
                  00003aa0    00000094                             : UARTCC26XX.oem3 (.text:writeFinishedDoCallback)
                  00003b34    00000094     rom_sysbios.aem3 : rom_sysbios.obj (.text:xdc_runtime_Text_putMod__E)
                  00003bc8    00000090     drivers_cc13xxware.aem3 : PowerCC26XX.oem3 (.text:switchXOSCHFclockFunc)
                  00003c58    0000008c                             : UARTCC26XX.oem3 (.text:UARTCC26XX_initIO)
                  00003ce4    0000008c                             : UARTCC26XX.oem3 (.text:UARTCC26XX_writeCancel)
                  00003d70    0000008c                             : PowerCC26XX.oem3 (.text:disableLFClockQualifiers)
                  00003dfc    00000088                             : PowerCC26XX_calibrateRCOSC.oem3 (.text:calibrateRcoscHf2)
                  00003e84    00000088     uartecho.obj (.text:echoFxn)
                  00003f0c    0000007a     rtsv7M3_T_le_eabi.lib : memset_t2.obj (.text)
                  00003f86    00000002                           : i_div0.obj (.text)
                  00003f88    00000078     drivers_cc13xxware.aem3 : UARTCC26XX.oem3 (.text:UARTCC26XX_close)
                  00004000    00000074     driverlib.lib : setup_rom.obj (.text:NOROM_SetupSetVddrLevel)
                  00004074    00000074     drivers_cc13xxware.aem3 : PowerCC26XX_calibrateRCOSC.oem3 (.text:PowerCC26XX_auxISR)
                  000040e8    00000074                             : UARTCC26XX.oem3 (.text:writeTxFifoFlush)
                  0000415c    00000070     driverlib.lib : chipinfo.obj (.text:NOROM_ChipInfo_GetHwRevision)
                  000041cc    0000006d     rom_sysbios.aem3 : rom_sysbios.obj (.text:xdc_runtime_System_formatNum__I)
                  00004239    00000001     --HOLE-- [fill = 0]
                  0000423a    00000002                      : rom_sysbios.obj (.text:ti_sysbios_BIOS_linkedWithIncorrectBootLibrary__E)
                  0000423c    0000006c     driverlib.lib : setup_rom.obj (.text:NOROM_SetupGetTrimForAmpcompCtrl)
                  000042a8    0000006c     drivers_cc13xxware.aem3 : PowerCC26XX.oem3 (.text:PowerCC26XX_calibrate)
                  00004314    0000006c                             : UARTCC26XX.oem3 (.text:UARTCC26XX_readCancel)
                  00004380    0000006a     rtsv7M3_T_le_eabi.lib : copy_decompress_rle.obj (.text)
                  000043ea    00000002     uartecho_pem3.oem3 (.text:ti_sysbios_BIOS_nullFunc__I)
                  000043ec    00000068     driverlib.lib : setup_rom.obj (.text:NOROM_SetupGetTrimForAnabypassValue1)
                  00004454    00000068                   : sys_ctrl.obj (.text:NOROM_SysCtrl_DCDC_VoltageConditionalControl)
                  000044bc    00000068     rtsv7M3_T_le_eabi.lib : trgmsg.obj (.text)
                  00004524    00000064     driverlib.lib : osc.obj (.text:NOROM_OSCHF_AttemptToSwitchToXosc)
                  00004588    00000064     drivers_cc13xxware.aem3 : UARTCC26XX.oem3 (.text:UARTCC26XX_control)
                  000045ec    00000064     rom_sysbios.aem3 : rom_sysbios.obj (.text:ti_sysbios_family_arm_cc26xx_Timer_start__E)
                  00004650    00000060     driverlib.lib : osc.obj (.text:NOROM_OSCClockSourceSet)
                  000046b0    00000060     drivers_cc13xxware.aem3 : PowerCC26XX_calibrateRCOSC.oem3 (.text:PowerCC26XX_RCOSC_clockFunc)
                  00004710    00000060                             : PowerCC26XX_calibrateRCOSC.oem3 (.text:updateSubSecInc)
                  00004770    0000005c     driverlib.lib : sys_ctrl.obj (.text:NOROM_SysCtrlAdjustRechargeAfterPowerDown)
                  000047cc    0000005c     drivers_cc13xxware.aem3 : PINCC26XX.oem3 (.text:PIN_remove)
                  00004828    0000005c     uartecho_pem3.oem3 (.text:xdc_runtime_Startup_getState__I)
                  00004884    0000005b     rom_sysbios.aem3 : rom_sysbios.obj (.text:xdc_runtime_Text_putLab__E)
                  000048df    00000001     --HOLE-- [fill = 0]
                  000048e0    00000058     drivers_cc13xxware.aem3 : PowerCC26XX_calibrateRCOSC.oem3 (.text:PowerCC26XX_initiateCalibration)
                  00004938    00000054                             : PowerCC26XX.oem3 (.text:configureXOSCHF)
                  0000498c    00000050     driverlib.lib : setup_rom.obj (.text:NOROM_SetupSetCacheModeAccordingToCcfgSetting)
                  000049dc    0000004c     rtsv7M3_T_le_eabi.lib : cpy_tbl.obj (.text)
                  00004a28    0000004c     drivers_cc13xxware.aem3 : UARTCC26XX.oem3 (.text:startTxFifoEmptyClk)
                  00004a74    00000048     driverlib.lib : chipinfo.obj (.text:NOROM_ChipInfo_GetChipFamily)
                  00004abc    00000048     drivers_cc13xxware.aem3 : PINCC26XX.oem3 (.text:PIN_setOutputEnable)
                  00004b04    00000048                             : PINCC26XX.oem3 (.text:PIN_swi)
                  00004b4c    00000048                             : PowerCC26XX.oem3 (.text:notify)
                  00004b94    00000046                             : RingBuf.oem3 (.text:RingBuf_put)
                  00004bda    00000002     rom_sysbios.aem3 : rom_sysbios.obj (.text:ti_sysbios_knl_Clock_triggerFunc__I)
                  00004bdc    00000044     boot.aem3 : boot.oem3 (.text)
                  00004c20    00000044     rom_sysbios.aem3 : rom_sysbios.obj (.text:xdc_runtime_SysMin_flush__E)
                  00004c64    00000044                      : rom_sysbios.obj (.text:xdc_runtime_Text_xprintf__I)
                  00004ca8    00000040     drivers_cc13xxware.aem3 : RingBuf.oem3 (.text:RingBuf_get)
                  00004ce8    00000040     rtsv7M3_T_le_eabi.lib : u_divt2.obj (.text)
                  00004d28    0000003c     driverlib.lib : osc.obj (.text:NOROM_OSC_HPOSCRelativeFrequencyOffsetGet)
                  00004d64    0000003c     drivers_cc13xxware.aem3 : PINCC26XX.oem3 (.text:PIN_setOutputValue)
                  00004da0    0000003c                             : UARTCC26XX.oem3 (.text:UARTCC26XX_swiIntFxn)
                  00004ddc    00000038                             : UART.oem3 (.text:UART_init)
                  00004e14    00000038                             : UARTCC26XX.oem3 (.text:readData)
                  00004e4c    00000038     rom_sysbios.aem3 : rom_sysbios.obj (.text:ti_sysbios_family_arm_cc26xx_Timer_getCurrentTick__E)
                  00004e84    00000038     drivers_cc13xxware.aem3 : UARTCC26XX.oem3 (.text:writeData)
                  00004ebc    00000038     rom_sysbios.aem3 : rom_sysbios.obj (.text:xdc_runtime_SysMin_putch__E)
                  00004ef4    00000034     driverlib.lib : osc.obj (.text:NOROM_OSCHF_SwitchToRcOscTurnOffXosc)
                  00004f28    00000034     drivers_cc13xxware.aem3 : PINCC26XX.oem3 (.text:PIN_setConfig)
                  00004f5c    00000034                             : UARTCC26XX.oem3 (.text:readData2RingBuf)
                  00004f90    00000032     rom_sysbios.aem3 : rom_sysbios.obj (.text:ti_sysbios_family_arm_cc26xx_Timer_setNextTick__E)
                  00004fc2    00000002     uartecho_pem3.oem3 (.text:ti_sysbios_rom_cortexm_cc13xx_CC13xx_badRomRevision__E)
                  00004fc4    00000030     driverlib.lib : setup_rom.obj (.text:NOROM_SetupSetAonRtcSubSecInc)
                  00004ff4    00000030     drivers_cc13xxware.aem3 : PowerCC26XX.oem3 (.text:Power_releaseConstraint)
                  00005024    00000030                             : PowerCC26XX.oem3 (.text:Power_setConstraint)
                  00005054    00000030                             : UART.oem3 (.text:UART_open)
                  00005084    00000030     uartecho_pem3.oem3 (.text:ti_sysbios_BIOS_atExitFunc__I)
                  000050b4    00000030     uartecho_pem3.oem3 (.text:ti_sysbios_BIOS_startFunc__I)
                  000050e4    00000030     rom_sysbios.aem3 : rom_sysbios.obj (.text:ti_sysbios_family_arm_cc26xx_Timer_initDevice__I)
                  00005114    00000030                      : rom_sysbios.obj (.text:ti_sysbios_family_arm_cc26xx_Timer_setThreshold__I)
                  00005144    00000030                      : rom_sysbios.obj (.text:xdc_runtime_SysMin_abort__E)
                  00005174    0000002f                      : rom_sysbios.obj (.text:xdc_runtime_Text_printVisFxn__I)
                  000051a3    00000001     --HOLE-- [fill = 0]
                  000051a4    0000002c     driverlib.lib : ddi.obj (.text:NOROM_DDI32RegWrite)
                  000051d0    0000002c                   : osc.obj (.text:NOROM_OSCClockSourceGet)
                  000051fc    0000002c                   : setup_rom.obj (.text:NOROM_SetupGetTrimForRadcExtCfg)
                  00005228    0000002c     drivers_cc13xxware.aem3 : PINCC26XX.oem3 (.text:PINCC26XX_setMux)
                  00005254    0000002c     rom_sysbios.aem3 : rom_sysbios.obj (.text:ti_sysbios_knl_Clock_getTicksUntilInterrupt__E)
                  00005280    0000002a                      : rom_sysbios.obj (.text:xdc_runtime_System_putchar__I)
                  000052aa    00000002                      : rom_sysbios.obj (.text:xdc_runtime_SysCallback_defaultAbort)
                  000052ac    00000028     driverlib.lib : aon_batmon.obj (.text:NOROM_AONBatMonTemperatureGetDegC)
                  000052d4    00000028     drivers_cc13xxware.aem3 : PowerCC26XX.oem3 (.text:Power_registerNotify)
                  000052fc    00000028     driverlib.lib : adi.obj (.text:SafeHapiVoid)
                  00005324    00000028     rom_sysbios.aem3 : rom_sysbios.obj (.text:ti_sysbios_family_arm_cc26xx_Timer_getMaxTicks__E)
                  0000534c    00000026     drivers_cc13xxware.aem3 : List.oem3 (.text:List_put)
                  00005372    00000002     rom_sysbios.aem3 : rom_sysbios.obj (.text:xdc_runtime_SysCallback_defaultExit)
                  00005374    00000024     drivers_cc13xxware.aem3 : PINCC26XX.oem3 (.text:PINCC26XX_getPinCount)
                  00005398    00000024                             : PowerCC26XX_calibrateRCOSC.oem3 (.text:getTdcSemaphore)
                  000053bc    00000024     uartecho_pem3.oem3 (.text:ti_sysbios_BIOS_registerRTSLock__I)
                  000053e0    00000024     uartecho_pem3.oem3 (.text:ti_sysbios_BIOS_removeRTSLock__I)
                  00005404    00000024     rom_sysbios.aem3 : rom_sysbios.obj (.text:xdc_runtime_System_vprintf__E)
                  00005428    00000022     uartecho_pem3.oem3 (.text:xdc_runtime_SysMin_output__I)
                  0000544a    00000002     --HOLE-- [fill = 0]
                  0000544c    00000020     driverlib.lib : setup_rom.obj (.text:NOROM_SetupGetTrimForXoscHfCtl)
                  0000546c    00000020     drivers_cc13xxware.aem3 : PowerCC26XX.oem3 (.text:Power_unregisterNotify)
                  0000548c    00000020     uartecho_pem3.oem3 (.text:ti_sysbios_BIOS_rtsLock__I)
                  000054ac    00000020     rom_sysbios.aem3 : rom_sysbios.obj (.text:ti_sysbios_knl_Clock_stop__E)
                  000054cc    00000020                      : rom_sysbios.obj (.text:xdc_runtime_Registry_findById__E)
                  000054ec    00000020                      : rom_sysbios.obj (.text:xdc_runtime_SysMin_Module_startup__E)
                  0000550c    0000001e     drivers_cc13xxware.aem3 : PINCC26XX.oem3 (.text:PIN_close)
                  0000552a    0000001e                             : PowerCC26XX.oem3 (.text:Power_getTransitionLatency)
                  00005548    0000001c     driverlib.lib : setup_rom.obj (.text:NOROM_SetupGetTrimForAmpcompTh2)
                  00005564    0000001c                   : setup_rom.obj (.text:NOROM_SetupGetTrimForRcOscLfRtuneCtuneTrim)
                  00005580    0000001c     drivers_cc13xxware.aem3 : PINCC26XX.oem3 (.text:PINCC26XX_setIoCfgMux)
                  0000559c    0000001c                             : PINCC26XX.oem3 (.text:PIN_hwi)
                  000055b8    0000001c     rom_sysbios.aem3 : rom_sysbios.obj (.text:ti_sysbios_family_arm_cc26xx_Timer_dynamicStub__E)
                  000055d4    0000001c                      : rom_sysbios.obj (.text:xdc_runtime_SysMin_exit__E)
                  000055f0    0000001a     drivers_cc13xxware.aem3 : List.oem3 (.text:List_remove)
                  0000560a    0000001a     rom_sysbios.aem3 : rom_sysbios_config.obj (.text:xdc_runtime_System_printf__E)
                  00005624    00000018     driverlib.lib : aon_rtc.obj (.text:NOROM_AONRTCCurrentCompareValueGet)
                  0000563c    00000018                   : chipinfo.obj (.text:NOROM_ChipInfo_GetPackageType)
                  00005654    00000018                   : osc.obj (.text:NOROM_OSCHF_TurnOnXosc)
                  0000566c    00000018                   : setup_rom.obj (.text:NOROM_SetupGetTrimForAdcShModeEn)
                  00005684    00000018                   : setup_rom.obj (.text:NOROM_SetupGetTrimForAdcShVbufEn)
                  0000569c    00000018                   : setup_rom.obj (.text:NOROM_SetupGetTrimForAmpcompTh1)
                  000056b4    00000018                   : setup_rom.obj (.text:NOROM_SetupGetTrimForDblrLoopFilterResetVoltage)
                  000056cc    00000018                   : setup_rom.obj (.text:NOROM_SetupGetTrimForRcOscLfIBiasTrim)
                  000056e4    00000018                   : setup_rom.obj (.text:NOROM_SetupGetTrimForXoscLfRegulatorAndCmirrwrRatio)
                  000056fc    00000018     drivers_cc13xxware.aem3 : PowerCC26XX.oem3 (.text:Power_idleFunc)
                  00005714    00000018                             : UARTCC26XX.oem3 (.text:UARTCC26XX_init)
                  0000572c    00000018                             : UART.oem3 (.text:UART_Params_init)
                  00005744    00000018                             : PowerCC26XX.oem3 (.text:configureRFCoreClocks)
                  0000575c    00000018     rtsv7M3_T_le_eabi.lib : args_main.obj (.text)
                  00005774    00000018                           : ll_mul_t2.obj (.text)
                  0000578c    00000018     uartecho_pem3.oem3 (.text:ti_sysbios_BIOS_rtsUnlock__I)
                  000057a4    00000018     rom_sysbios.aem3 : rom_sysbios.obj (.text:ti_sysbios_knl_Swi_or__E)
                  000057bc    00000018     uartecho_pem3.oem3 (.text:ti_sysbios_rom_cortexm_cc13xx_CC13xx_checkRevision__E)
                  000057d4    00000016     driverlib.lib : chipinfo.obj (.text:NOROM_ThisCodeIsBuiltForCC13xxHwRev20AndLater_HaltIfViolated)
                  000057ea    00000016     rtsv7M3_T_le_eabi.lib : strcpy.obj (.text)
                  00005800    00000016     uartecho_pem3.oem3 (.text:ti_sysbios_BIOS_exitFunc__I)
                  00005816    00000016     uartecho.obj (.text:ti_sysbios_knl_Task_Params_init)
                  0000582c    00000014     driverlib.lib : aon_rtc.obj (.text:NOROM_AONRTCCurrent64BitValueGet)
                  00005840    00000014     rtsv7M3_T_le_eabi.lib : _lock.obj (.text)
                  00005854    00000014                           : strlen.obj (.text)
                  00005868    00000014     uartecho_pem3.oem3 (.text:ti_sysbios_knl_Clock_doTick__I)
                  0000587c    00000012     drivers_cc13xxware.aem3 : RingBuf.oem3 (.text:RingBuf_construct)
                  0000588e    00000012     uartecho_pem3.oem3 (.text:xdc_runtime_Startup_exec__I)
                  000058a0    00000010     driverlib.lib : setup_rom.obj (.text:NOROM_SetupGetTrimForXoscHfFastStart)
                  000058b0    00000010                   : setup_rom.obj (.text:NOROM_SetupGetTrimForXoscHfIbiastherm)
                  000058c0    00000010     drivers_cc13xxware.aem3 : UARTCC26XX.oem3 (.text:uartPostNotify)
                  000058d0    00000010     rom_sysbios.aem3 : rom_sysbios.obj (.text:xdc_runtime_SysMin_ready__E)
                  000058e0    00000010                      : rom_sysbios.obj (.text:xdc_runtime_System_vsnprintf__E)
                  000058f0    0000000e     driverlib.lib : vims.obj (.text:NOROM_VIMSModeGet)
                  000058fe    0000000e     rtsv7M3_T_le_eabi.lib : copy_decompress_none.obj (.text:decompress:none)
                  0000590c    0000000e     rom_sysbios.aem3 : rom_sysbios.obj (.text:ti_sysbios_family_arm_cc26xx_TimestampProvider_get32__E)
                  0000591a    0000000c     driverlib.lib : cpu.obj (.text:NOROM_CPUcpsid)
                  00005926    0000000c                   : cpu.obj (.text:NOROM_CPUcpsie)
                  00005932    00000002     --HOLE-- [fill = 0]
                  00005934    0000000c     drivers_cc13xxware.aem3 : PowerCC26XX.oem3 (.text:Power_getConstraintMask)
                  00005940    0000000c                             : PowerCC26XX.oem3 (.text:Power_getDependencyCount)
                  0000594c    0000000c     rom_sysbios.aem3 : rom_sysbios.obj (.text:ti_sysbios_knl_Swi_getTrigger__E)
                  00005958    0000000c     uartecho_pem3.oem3 (.text:xdc_runtime_Startup_reset__I)
                  00005964    0000000c     rom_sysbios.aem3 : rom_sysbios.obj (.text:xdc_runtime_Startup_rtsDone__E)
                  00005970    0000000a     drivers_cc13xxware.aem3 : List.oem3 (.text:List_empty)
                  0000597a    0000000a                             : UART.oem3 (.text:UART_read)
                  00005984    0000000a                             : UART.oem3 (.text:UART_write)
                  0000598e    00000008                             : UARTCC26XX.oem3 (.text:readSemCallback)
                  00005996    00000008                             : UARTCC26XX.oem3 (.text:writeSemCallback)
                  0000599e    00000008     uartecho_pem3.oem3 (.text:xdc_runtime_Text_visitRope__I)
                  000059a6    00000006     drivers_cc13xxware.aem3 : UARTCC26XX.oem3 (.text:UARTCC26XX_readPolling)
                  000059ac    00000006                             : UARTCC26XX.oem3 (.text:UARTCC26XX_writePolling)
                  000059b2    00000006     rtsv7M3_T_le_eabi.lib : copy_decompress_rle.obj (.text:decompress:rle24)
                  000059b8    00000004     tirtosport.aem3 : HwiP_tirtos.oem3 (.text:HwiP_disable)
                  000059bc    00000004     drivers_cc13xxware.aem3 : List.oem3 (.text:List_head)
                  000059c0    00000004                             : List.oem3 (.text:List_next)
                  000059c4    00000004                             : PowerCC26XX.oem3 (.text:nopResourceHandler)
                  000059c8    00000004     rom_sysbios.aem3 : rom_sysbios.obj (.text:ti_sysbios_family_arm_cc26xx_Timer_getCount64__E)
                  000059cc    00000004                      : rom_sysbios.obj (.text:xdc_runtime_System_printf_va__F)
                  000059d0    00000008     (.tramp.xdc_runtime_Startup_startMods__I.1)
                  000059d8    00000008     (.tramp.ti_sysbios_knl_Clock_logTick__E.1)
                  000059e0    00000008     (.tramp.ti_sysbios_knl_Task_Params__init__S.1)
                  000059e8    00000008     (.tramp.ti_sysbios_BIOS_RtsGateProxy_leave__E.1)
                  000059f0    00000008     (.tramp.ti_sysbios_BIOS_RtsGateProxy_enter__E.1)
                  000059f8    00000008     (.tramp.ti_sysbios_knl_Task_startup__E.1)
                  00005a00    00000008     (.tramp.ti_sysbios_knl_Swi_startup__E.1)
                  00005a08    00000008     (.tramp.ti_sysbios_hal_Hwi_startup__E.1)
                  00005a10    00000008     (.tramp.ti_sysbios_family_arm_cc26xx_Timer_startup__E.1)
                  00005a18    00000008     (.tramp.xdc_runtime_System_atexit__E.1)
                  00005a20    00000008     (.tramp.ti_sysbios_BIOS_setThreadType__E.1)
                  00005a28    00000008     (.tramp.xdc_runtime_Gate_leaveSystem__E.1)
                  00005a30    00000008     (.tramp.xdc_runtime_Gate_enterSystem__E.1)
                  00005a38    00000008     (.tramp.xdc_runtime_System_exit__E.1)
                  00005a40    00000008     (.tramp.ti_sysbios_knl_Clock_destruct.1)
                  00005a48    00000008     (.tramp.ti_sysbios_knl_Semaphore_destruct.1)
                  00005a50    00000008     (.tramp.ti_sysbios_knl_Swi_destruct.1)
                  00005a58    00000008     (.tramp.ti_sysbios_family_arm_m3_Hwi_destruct.1)
                  00005a60    00000008     (.tramp.ti_sysbios_knl_Semaphore_post__E.1)
                  00005a68    00000008     (.tramp.ti_sysbios_knl_Clock_scheduleNextTick__E.1)
                  00005a70    00000008     (.tramp.ti_sysbios_knl_Clock_walkQueueDynamic__E.1)
                  00005a78    00000008     (.tramp.ti_sysbios_knl_Clock_TimerProxy_getCurrentTick__E.1)
                  00005a80    00000008     (.tramp.ti_sysbios_BIOS_getCpuFreq__E.1)
                  00005a88    00000008     (.tramp.ti_sysbios_knl_Swi_post__E.1)
                  00005a90    00000008     (.tramp.ti_sysbios_knl_Semaphore_pend__E.1)
                  00005a98    00000008     (.tramp.ti_sysbios_knl_Clock_setTimeout__E.1)
                  00005aa0    00000008     (.tramp.ti_sysbios_BIOS_start__E.1)
                  00005aa8    00000008     (.tramp.ti_sysbios_knl_Task_construct.1)
                  00005ab0    00000008     (.tramp.xdc_runtime_System_abort__E.1)
                  00005ab8    00000008     (.tramp.ti_sysbios_knl_Clock_construct.1)
                  00005ac0    00000008     (.tramp.ti_sysbios_knl_Clock_Params__init__S.1)
                  00005ac8    00000008     (.tramp.ti_sysbios_family_arm_m3_Hwi_restoreFxn__E.1)
                  00005ad0    00000008     (.tramp.ti_sysbios_family_arm_m3_Hwi_disableFxn__E.1)
                  00005ad8    00000008     (.tramp.ti_sysbios_knl_Clock_start__E.1)
                  00005ae0    00000008     (.tramp.xdc_runtime_System_abortSpin__E.1)
                  00005ae8    00000008     (.tramp.ti_sysbios_knl_Swi_construct.1)
                  00005af0    00000008     (.tramp.ti_sysbios_knl_Swi_Params__init__S.1)
                  00005af8    00000008     (.tramp.ti_sysbios_family_arm_m3_Hwi_construct.1)
                  00005b00    00000008     (.tramp.ti_sysbios_family_arm_m3_Hwi_Params__init__S.1)
                  00005b08    00000008     (.tramp.ti_sysbios_knl_Semaphore_construct.1)
                  00005b10    00000008     (.tramp.ti_sysbios_knl_Semaphore_Params__init__S.1)
                  00005b18    00000008     (.tramp.ti_sysbios_knl_Task_restore__E.1)
                  00005b20    00000008     (.tramp.ti_sysbios_knl_Swi_restore__E.1)
                  00005b28    00000008     (.tramp.ti_sysbios_knl_Swi_disable__E.1)
                  00005b30    00000008     (.tramp.ti_sysbios_knl_Task_disable__E.1)

.init_array 
*          0    00000000    00000000     UNINITIALIZED

.resetVecs 
*          0    00000000    0000003c     
                  00000000    0000003c     uartecho_pem3.oem3 (.resetVecs)

.binit     0    00000000    00000000     

.const:ti_sysbios_knl_Task_Object__PARAMS__C 
*          0    00001000    0000003c     
                  00001000    0000003c     uartecho_pem3.oem3 (.const:ti_sysbios_knl_Task_Object__PARAMS__C)

.const:ti_sysbios_knl_Mailbox_Object__PARAMS__C 
*          0    0000103c    00000034     
                  0000103c    00000034     uartecho_pem3.oem3 (.const:ti_sysbios_knl_Mailbox_Object__PARAMS__C)

.const:ti_sysbios_family_arm_m3_Hwi_Object__PARAMS__C 
*          0    00001070    00000030     
                  00001070    00000030     uartecho_pem3.oem3 (.const:ti_sysbios_family_arm_m3_Hwi_Object__PARAMS__C)

.const:ti_sysbios_hal_Hwi_Object__PARAMS__C 
*          0    000010a0    0000002c     
                  000010a0    0000002c     uartecho_pem3.oem3 (.const:ti_sysbios_hal_Hwi_Object__PARAMS__C)

.const:ti_sysbios_heaps_HeapMem_Module__FXNS__C 
*          0    000010cc    00000028     
                  000010cc    00000028     uartecho_pem3.oem3 (.const:ti_sysbios_heaps_HeapMem_Module__FXNS__C)

.const:ti_sysbios_knl_Swi_Object__PARAMS__C 
*          0    000010f4    00000028     
                  000010f4    00000028     uartecho_pem3.oem3 (.const:ti_sysbios_knl_Swi_Object__PARAMS__C)

.const:ti_sysbios_gates_GateHwi_Module__FXNS__C 
*          0    0000111c    00000024     
                  0000111c    00000024     uartecho_pem3.oem3 (.const:ti_sysbios_gates_GateHwi_Module__FXNS__C)

.const:ti_sysbios_gates_GateMutex_Module__FXNS__C 
*          0    00001140    00000024     
                  00001140    00000024     uartecho_pem3.oem3 (.const:ti_sysbios_gates_GateMutex_Module__FXNS__C)

.const:ti_sysbios_heaps_HeapMem_Object__PARAMS__C 
*          0    00001164    00000024     
                  00001164    00000024     uartecho_pem3.oem3 (.const:ti_sysbios_heaps_HeapMem_Object__PARAMS__C)

.const:ti_sysbios_knl_Clock_Object__PARAMS__C 
*          0    00001188    00000024     
                  00001188    00000024     uartecho_pem3.oem3 (.const:ti_sysbios_knl_Clock_Object__PARAMS__C)

.const:ti_sysbios_knl_Semaphore_Object__PARAMS__C 
*          0    000011ac    00000024     
                  000011ac    00000024     uartecho_pem3.oem3 (.const:ti_sysbios_knl_Semaphore_Object__PARAMS__C)

.const:ti_sysbios_family_arm_m3_Hwi_Object__DESC__C 
*          0    000011d0    00000020     
                  000011d0    00000020     uartecho_pem3.oem3 (.const:ti_sysbios_family_arm_m3_Hwi_Object__DESC__C)

.const:ti_sysbios_gates_GateHwi_Object__DESC__C 
*          0    000011f0    00000020     
                  000011f0    00000020     uartecho_pem3.oem3 (.const:ti_sysbios_gates_GateHwi_Object__DESC__C)

.const:ti_sysbios_gates_GateMutex_Object__DESC__C 
*          0    00001210    00000020     
                  00001210    00000020     uartecho_pem3.oem3 (.const:ti_sysbios_gates_GateMutex_Object__DESC__C)

.const:ti_sysbios_hal_Hwi_Object__DESC__C 
*          0    00001230    00000020     
                  00001230    00000020     uartecho_pem3.oem3 (.const:ti_sysbios_hal_Hwi_Object__DESC__C)

.const:ti_sysbios_heaps_HeapMem_Object__DESC__C 
*          0    00001250    00000020     
                  00001250    00000020     uartecho_pem3.oem3 (.const:ti_sysbios_heaps_HeapMem_Object__DESC__C)

.const:ti_sysbios_knl_Clock_Object__DESC__C 
*          0    00001270    00000020     
                  00001270    00000020     uartecho_pem3.oem3 (.const:ti_sysbios_knl_Clock_Object__DESC__C)

.const:ti_sysbios_knl_Mailbox_Object__DESC__C 
*          0    00001290    00000020     
                  00001290    00000020     uartecho_pem3.oem3 (.const:ti_sysbios_knl_Mailbox_Object__DESC__C)

.const:ti_sysbios_knl_Queue_Object__DESC__C 
*          0    000012b0    00000020     
                  000012b0    00000020     uartecho_pem3.oem3 (.const:ti_sysbios_knl_Queue_Object__DESC__C)

.const:ti_sysbios_knl_Semaphore_Object__DESC__C 
*          0    000012d0    00000020     
                  000012d0    00000020     uartecho_pem3.oem3 (.const:ti_sysbios_knl_Semaphore_Object__DESC__C)

.const:ti_sysbios_knl_Swi_Object__DESC__C 
*          0    000012f0    00000020     
                  000012f0    00000020     uartecho_pem3.oem3 (.const:ti_sysbios_knl_Swi_Object__DESC__C)

.const:ti_sysbios_knl_Task_Object__DESC__C 
*          0    00001310    00000020     
                  00001310    00000020     uartecho_pem3.oem3 (.const:ti_sysbios_knl_Task_Object__DESC__C)

.const:ti_sysbios_gates_GateHwi_Object__PARAMS__C 
*          0    00001330    00000018     
                  00001330    00000018     uartecho_pem3.oem3 (.const:ti_sysbios_gates_GateHwi_Object__PARAMS__C)

.const:ti_sysbios_gates_GateMutex_Object__PARAMS__C 
*          0    00001348    00000018     
                  00001348    00000018     uartecho_pem3.oem3 (.const:ti_sysbios_gates_GateMutex_Object__PARAMS__C)

.const:ti_sysbios_knl_Queue_Object__PARAMS__C 
*          0    00001360    00000018     
                  00001360    00000018     uartecho_pem3.oem3 (.const:ti_sysbios_knl_Queue_Object__PARAMS__C)

.const:ti_sysbios_knl_Idle_funcList__C 
*          0    00001378    00000008     
                  00001378    00000008     uartecho_pem3.oem3 (.const:ti_sysbios_knl_Idle_funcList__C)

.const:ti_sysbios_family_arm_cc26xx_Timer_startupNeeded__C 
*          0    00001384    00000004     
                  00001384    00000004     uartecho_pem3.oem3 (.const:ti_sysbios_family_arm_cc26xx_Timer_startupNeeded__C)

.const:ti_sysbios_family_arm_m3_Hwi_E_alreadyDefined__C 
*          0    00001388    00000004     
                  00001388    00000004     uartecho_pem3.oem3 (.const:ti_sysbios_family_arm_m3_Hwi_E_alreadyDefined__C)

.const:ti_sysbios_family_arm_m3_Hwi_E_hwiLimitExceeded__C 
*          0    0000138c    00000004     
                  0000138c    00000004     uartecho_pem3.oem3 (.const:ti_sysbios_family_arm_m3_Hwi_E_hwiLimitExceeded__C)

.const:ti_sysbios_family_arm_m3_Hwi_NUM_INTERRUPTS__C 
*          0    00001390    00000004     
                  00001390    00000004     uartecho_pem3.oem3 (.const:ti_sysbios_family_arm_m3_Hwi_NUM_INTERRUPTS__C)

.const:ti_sysbios_family_arm_m3_Hwi_Object__count__C 
*          0    00001394    00000004     
                  00001394    00000004     uartecho_pem3.oem3 (.const:ti_sysbios_family_arm_m3_Hwi_Object__count__C)

.const:ti_sysbios_family_arm_m3_Hwi_Object__table__C 
*          0    00001398    00000004     
                  00001398    00000004     uartecho_pem3.oem3 (.const:ti_sysbios_family_arm_m3_Hwi_Object__table__C)

.const:ti_sysbios_family_arm_m3_Hwi_ccr__C 
*          0    0000139c    00000004     
                  0000139c    00000004     uartecho_pem3.oem3 (.const:ti_sysbios_family_arm_m3_Hwi_ccr__C)

.const:ti_sysbios_family_arm_m3_Hwi_excHandlerFunc__C 
*          0    000013a0    00000004     
                  000013a0    00000004     uartecho_pem3.oem3 (.const:ti_sysbios_family_arm_m3_Hwi_excHandlerFunc__C)

.const:ti_sysbios_family_arm_m3_Hwi_nullIsrFunc__C 
*          0    000013a4    00000004     
                  000013a4    00000004     uartecho_pem3.oem3 (.const:ti_sysbios_family_arm_m3_Hwi_nullIsrFunc__C)

.const:ti_sysbios_family_arm_m3_Hwi_numSparseInterrupts__C 
*          0    000013a8    00000004     
                  000013a8    00000004     uartecho_pem3.oem3 (.const:ti_sysbios_family_arm_m3_Hwi_numSparseInterrupts__C)

.const:ti_sysbios_family_arm_m3_Hwi_priGroup__C 
*          0    000013ac    00000004     
                  000013ac    00000004     uartecho_pem3.oem3 (.const:ti_sysbios_family_arm_m3_Hwi_priGroup__C)

.const:ti_sysbios_family_arm_m3_TaskSupport_stackAlignment__C 
*          0    000013b0    00000004     
                  000013b0    00000004     uartecho_pem3.oem3 (.const:ti_sysbios_family_arm_m3_TaskSupport_stackAlignment__C)

.const:ti_sysbios_heaps_HeapMem_E_memory__C 
*          0    000013b4    00000004     
                  000013b4    00000004     uartecho_pem3.oem3 (.const:ti_sysbios_heaps_HeapMem_E_memory__C)

.const:ti_sysbios_heaps_HeapMem_Module__gateObj__C 
*          0    000013b8    00000004     
                  000013b8    00000004     uartecho_pem3.oem3 (.const:ti_sysbios_heaps_HeapMem_Module__gateObj__C)

.const:ti_sysbios_heaps_HeapMem_Object__count__C 
*          0    000013bc    00000004     
                  000013bc    00000004     uartecho_pem3.oem3 (.const:ti_sysbios_heaps_HeapMem_Object__count__C)

.const:ti_sysbios_heaps_HeapMem_Object__table__C 
*          0    000013c0    00000004     
                  000013c0    00000004     uartecho_pem3.oem3 (.const:ti_sysbios_heaps_HeapMem_Object__table__C)

.const:ti_sysbios_heaps_HeapMem_reqAlign__C 
*          0    000013c4    00000004     
                  000013c4    00000004     uartecho_pem3.oem3 (.const:ti_sysbios_heaps_HeapMem_reqAlign__C)

.const:ti_sysbios_knl_Clock_serviceMargin__C 
*          0    000013c8    00000004     
                  000013c8    00000004     uartecho_pem3.oem3 (.const:ti_sysbios_knl_Clock_serviceMargin__C)

.const:ti_sysbios_knl_Mailbox_Object__count__C 
*          0    000013cc    00000004     
                  000013cc    00000004     uartecho_pem3.oem3 (.const:ti_sysbios_knl_Mailbox_Object__count__C)

.const:ti_sysbios_knl_Mailbox_Object__table__C 
*          0    000013d0    00000004     
                  000013d0    00000004     uartecho_pem3.oem3 (.const:ti_sysbios_knl_Mailbox_Object__table__C)

.const:ti_sysbios_knl_Mailbox_maxTypeAlign__C 
*          0    000013d4    00000004     
                  000013d4    00000004     uartecho_pem3.oem3 (.const:ti_sysbios_knl_Mailbox_maxTypeAlign__C)

.const:ti_sysbios_knl_Queue_Object__count__C 
*          0    000013d8    00000004     
                  000013d8    00000004     uartecho_pem3.oem3 (.const:ti_sysbios_knl_Queue_Object__count__C)

.const:ti_sysbios_knl_Queue_Object__table__C 
*          0    000013dc    00000004     
                  000013dc    00000004     uartecho_pem3.oem3 (.const:ti_sysbios_knl_Queue_Object__table__C)

.const:ti_sysbios_knl_Swi_Object__count__C 
*          0    000013e0    00000004     
                  000013e0    00000004     uartecho_pem3.oem3 (.const:ti_sysbios_knl_Swi_Object__count__C)

.const:ti_sysbios_knl_Swi_Object__table__C 
*          0    000013e4    00000004     
                  000013e4    00000004     uartecho_pem3.oem3 (.const:ti_sysbios_knl_Swi_Object__table__C)

.const:ti_sysbios_knl_Swi_numPriorities__C 
*          0    000013e8    00000004     
                  000013e8    00000004     uartecho_pem3.oem3 (.const:ti_sysbios_knl_Swi_numPriorities__C)

.const:ti_sysbios_knl_Task_Object__count__C 
*          0    000013ec    00000004     
                  000013ec    00000004     uartecho_pem3.oem3 (.const:ti_sysbios_knl_Task_Object__count__C)

.const:ti_sysbios_knl_Task_Object__table__C 
*          0    000013f0    00000004     
                  000013f0    00000004     uartecho_pem3.oem3 (.const:ti_sysbios_knl_Task_Object__table__C)

.const:ti_sysbios_knl_Task_allBlockedFunc__C 
*          0    000013f4    00000004     
                  000013f4    00000004     uartecho_pem3.oem3 (.const:ti_sysbios_knl_Task_allBlockedFunc__C)

.const:ti_sysbios_knl_Task_defaultStackHeap__C 
*          0    000013f8    00000004     
                  000013f8    00000004     uartecho_pem3.oem3 (.const:ti_sysbios_knl_Task_defaultStackHeap__C)

.const:ti_sysbios_knl_Task_defaultStackSize__C 
*          0    000013fc    00000004     
                  000013fc    00000004     uartecho_pem3.oem3 (.const:ti_sysbios_knl_Task_defaultStackSize__C)

.const:ti_sysbios_knl_Task_numConstructedTasks__C 
*          0    00001400    00000004     
                  00001400    00000004     uartecho_pem3.oem3 (.const:ti_sysbios_knl_Task_numConstructedTasks__C)

.const:ti_sysbios_family_arm_cc26xx_Timer_Module__id__C 
*          0    00001406    00000002     
                  00001406    00000002     uartecho_pem3.oem3 (.const:ti_sysbios_family_arm_cc26xx_Timer_Module__id__C)

.const:ti_sysbios_family_arm_cc26xx_TimestampProvider_useClockTimer__C 
*          0    00001408    00000002     
                  00001408    00000002     uartecho_pem3.oem3 (.const:ti_sysbios_family_arm_cc26xx_TimestampProvider_useClockTimer__C)

.const:ti_sysbios_family_arm_m3_Hwi_Module__id__C 
*          0    0000140a    00000002     
                  0000140a    00000002     uartecho_pem3.oem3 (.const:ti_sysbios_family_arm_m3_Hwi_Module__id__C)

.const:ti_sysbios_gates_GateHwi_Module__id__C 
*          0    0000140c    00000002     
                  0000140c    00000002     uartecho_pem3.oem3 (.const:ti_sysbios_gates_GateHwi_Module__id__C)

.const:ti_sysbios_gates_GateMutex_Module__id__C 
*          0    0000140e    00000002     
                  0000140e    00000002     uartecho_pem3.oem3 (.const:ti_sysbios_gates_GateMutex_Module__id__C)

.const:ti_sysbios_heaps_HeapMem_Module__id__C 
*          0    00001410    00000002     
                  00001410    00000002     uartecho_pem3.oem3 (.const:ti_sysbios_heaps_HeapMem_Module__id__C)

.const:ti_sysbios_knl_Task_initStackFlag__C 
*          0    00001412    00000002     
                  00001412    00000002     uartecho_pem3.oem3 (.const:ti_sysbios_knl_Task_initStackFlag__C)

.const:ti_sysbios_knl_Clock_tickMode__C 
*          0    00001414    00000001     
                  00001414    00000001     uartecho_pem3.oem3 (.const:ti_sysbios_knl_Clock_tickMode__C)

.const:xdc_runtime_Startup_firstFxns__C 
*          0    00001418    00000008     
                  00001418    00000008     uartecho_pem3.oem3 (.const:xdc_runtime_Startup_firstFxns__C)

.const:xdc_runtime_Startup_lastFxns__C 
*          0    00001420    00000008     
                  00001420    00000008     uartecho_pem3.oem3 (.const:xdc_runtime_Startup_lastFxns__C)

.const:xdc_runtime_Assert_E_assertFailed__C 
*          0    00001428    00000004     
                  00001428    00000004     uartecho_pem3.oem3 (.const:xdc_runtime_Assert_E_assertFailed__C)

.const:xdc_runtime_Error_E_memory__C 
*          0    0000142c    00000004     
                  0000142c    00000004     uartecho_pem3.oem3 (.const:xdc_runtime_Error_E_memory__C)

.const:xdc_runtime_Error_policyFxn__C 
*          0    00001430    00000004     
                  00001430    00000004     uartecho_pem3.oem3 (.const:xdc_runtime_Error_policyFxn__C)

.const:xdc_runtime_IGateProvider_Interface__BASE__C 
*          0    00001434    00000004     
                  00001434    00000004     uartecho_pem3.oem3 (.const:xdc_runtime_IGateProvider_Interface__BASE__C)

.const:xdc_runtime_IHeap_Interface__BASE__C 
*          0    00001438    00000004     
                  00001438    00000004     uartecho_pem3.oem3 (.const:xdc_runtime_IHeap_Interface__BASE__C)

.const:xdc_runtime_IModule_Interface__BASE__C 
*          0    0000143c    00000004     
                  0000143c    00000004     uartecho_pem3.oem3 (.const:xdc_runtime_IModule_Interface__BASE__C)

.const:xdc_runtime_Main_Module__diagsEnabled__C 
*          0    00001440    00000004     
                  00001440    00000004     uartecho_pem3.oem3 (.const:xdc_runtime_Main_Module__diagsEnabled__C)

.const:xdc_runtime_Main_Module__diagsIncluded__C 
*          0    00001444    00000004     
                  00001444    00000004     uartecho_pem3.oem3 (.const:xdc_runtime_Main_Module__diagsIncluded__C)

.const:xdc_runtime_Main_Module__diagsMask__C 
*          0    00001448    00000004     
                  00001448    00000004     uartecho_pem3.oem3 (.const:xdc_runtime_Main_Module__diagsMask__C)

.const:xdc_runtime_Memory_defaultHeapInstance__C 
*          0    0000144c    00000004     
                  0000144c    00000004     uartecho_pem3.oem3 (.const:xdc_runtime_Memory_defaultHeapInstance__C)

.const:xdc_runtime_Startup_execImpl__C 
*          0    00001450    00000004     
                  00001450    00000004     uartecho_pem3.oem3 (.const:xdc_runtime_Startup_execImpl__C)

.const:xdc_runtime_Startup_maxPasses__C 
*          0    00001454    00000004     
                  00001454    00000004     uartecho_pem3.oem3 (.const:xdc_runtime_Startup_maxPasses__C)

.const:xdc_runtime_Startup_sfxnRts__C 
*          0    00001458    00000004     
                  00001458    00000004     uartecho_pem3.oem3 (.const:xdc_runtime_Startup_sfxnRts__C)

.const:xdc_runtime_Startup_sfxnTab__C 
*          0    0000145c    00000004     
                  0000145c    00000004     uartecho_pem3.oem3 (.const:xdc_runtime_Startup_sfxnTab__C)

.const:xdc_runtime_Startup_startModsFxn__C 
*          0    00001460    00000004     
                  00001460    00000004     uartecho_pem3.oem3 (.const:xdc_runtime_Startup_startModsFxn__C)

.const:xdc_runtime_SysCallback_abortFxn__C 
*          0    00001464    00000004     
                  00001464    00000004     uartecho_pem3.oem3 (.const:xdc_runtime_SysCallback_abortFxn__C)

.const:xdc_runtime_SysCallback_exitFxn__C 
*          0    00001468    00000004     
                  00001468    00000004     uartecho_pem3.oem3 (.const:xdc_runtime_SysCallback_exitFxn__C)

.const:xdc_runtime_System_abortFxn__C 
*          0    0000146c    00000004     
                  0000146c    00000004     uartecho_pem3.oem3 (.const:xdc_runtime_System_abortFxn__C)

.const:xdc_runtime_System_exitFxn__C 
*          0    00001470    00000004     
                  00001470    00000004     uartecho_pem3.oem3 (.const:xdc_runtime_System_exitFxn__C)

.const:xdc_runtime_System_maxAtexitHandlers__C 
*          0    00001474    00000004     
                  00001474    00000004     uartecho_pem3.oem3 (.const:xdc_runtime_System_maxAtexitHandlers__C)

.const:xdc_runtime_Text_charTab__C 
*          0    00001478    00000004     
                  00001478    00000004     uartecho_pem3.oem3 (.const:xdc_runtime_Text_charTab__C)

.const:xdc_runtime_Text_nameEmpty__C 
*          0    0000147c    00000004     
                  0000147c    00000004     uartecho_pem3.oem3 (.const:xdc_runtime_Text_nameEmpty__C)

.const:xdc_runtime_Text_nameStatic__C 
*          0    00001480    00000004     
                  00001480    00000004     uartecho_pem3.oem3 (.const:xdc_runtime_Text_nameStatic__C)

.const:xdc_runtime_Text_nameUnknown__C 
*          0    00001484    00000004     
                  00001484    00000004     uartecho_pem3.oem3 (.const:xdc_runtime_Text_nameUnknown__C)

.const:xdc_runtime_Main_Module__id__C 
*          0    00001488    00000002     
                  00001488    00000002     uartecho_pem3.oem3 (.const:xdc_runtime_Main_Module__id__C)

.const:xdc_runtime_Memory_Module__id__C 
*          0    0000148a    00000002     
                  0000148a    00000002     uartecho_pem3.oem3 (.const:xdc_runtime_Memory_Module__id__C)

.const:xdc_runtime_Text_charCnt__C 
*          0    0000148c    00000002     
                  0000148c    00000002     uartecho_pem3.oem3 (.const:xdc_runtime_Text_charCnt__C)

.const:xdc_runtime_Text_isLoaded__C 
*          0    0000148e    00000002     
                  0000148e    00000002     uartecho_pem3.oem3 (.const:xdc_runtime_Text_isLoaded__C)

.const:xdc_runtime_Error_policy__C 
*          0    00001490    00000001     
                  00001490    00000001     uartecho_pem3.oem3 (.const:xdc_runtime_Error_policy__C)

.const:ti_sysbios_rom_ROM_AONRTCChannelEnable 
*          0    00001494    00000004     
                  00001494    00000004     uartecho_pem3.oem3 (.const:ti_sysbios_rom_ROM_AONRTCChannelEnable)

.const:ti_sysbios_rom_ROM_AONRTCCompareValueSet 
*          0    00001498    00000004     
                  00001498    00000004     uartecho_pem3.oem3 (.const:ti_sysbios_rom_ROM_AONRTCCompareValueSet)

.const:ti_sysbios_rom_ROM_AONRTCCurrentCompareValueGet 
*          0    0000149c    00000004     
                  0000149c    00000004     uartecho_pem3.oem3 (.const:ti_sysbios_rom_ROM_AONRTCCurrentCompareValueGet)

.const:ti_sysbios_rom_ROM_AONRTCEventClear 
*          0    000014a0    00000004     
                  000014a0    00000004     uartecho_pem3.oem3 (.const:ti_sysbios_rom_ROM_AONRTCEventClear)

.const:ti_sysbios_rom_ROM_ti_sysbios_family_arm_cc26xx_Timer_getCount64__E 
*          0    000014a4    00000004     
                  000014a4    00000004     uartecho_pem3.oem3 (.const:ti_sysbios_rom_ROM_ti_sysbios_family_arm_cc26xx_Timer_getCount64__E)

.const:ti_sysbios_rom_ROM_ti_sysbios_family_arm_cc26xx_Timer_getCurrentTick__E 
*          0    000014a8    00000004     
                  000014a8    00000004     uartecho_pem3.oem3 (.const:ti_sysbios_rom_ROM_ti_sysbios_family_arm_cc26xx_Timer_getCurrentTick__E)

.const:ti_sysbios_rom_ROM_ti_sysbios_family_arm_cc26xx_Timer_getMaxTicks__E 
*          0    000014ac    00000004     
                  000014ac    00000004     uartecho_pem3.oem3 (.const:ti_sysbios_rom_ROM_ti_sysbios_family_arm_cc26xx_Timer_getMaxTicks__E)

.const:ti_sysbios_rom_ROM_ti_sysbios_family_arm_cc26xx_Timer_initDevice__I 
*          0    000014b0    00000004     
                  000014b0    00000004     uartecho_pem3.oem3 (.const:ti_sysbios_rom_ROM_ti_sysbios_family_arm_cc26xx_Timer_initDevice__I)

.const:ti_sysbios_rom_ROM_ti_sysbios_family_arm_cc26xx_Timer_setNextTick__E 
*          0    000014b4    00000004     
                  000014b4    00000004     uartecho_pem3.oem3 (.const:ti_sysbios_rom_ROM_ti_sysbios_family_arm_cc26xx_Timer_setNextTick__E)

.const:ti_sysbios_rom_ROM_ti_sysbios_family_arm_cc26xx_Timer_setThreshold__I 
*          0    000014b8    00000004     
                  000014b8    00000004     uartecho_pem3.oem3 (.const:ti_sysbios_rom_ROM_ti_sysbios_family_arm_cc26xx_Timer_setThreshold__I)

.const:ti_sysbios_rom_ROM_ti_sysbios_family_arm_cc26xx_Timer_start__E 
*          0    000014bc    00000004     
                  000014bc    00000004     uartecho_pem3.oem3 (.const:ti_sysbios_rom_ROM_ti_sysbios_family_arm_cc26xx_Timer_start__E)

.const:ti_sysbios_rom_ROM_ti_sysbios_family_arm_cc26xx_TimestampProvider_get32__E 
*          0    000014c0    00000004     
                  000014c0    00000004     uartecho_pem3.oem3 (.const:ti_sysbios_rom_ROM_ti_sysbios_family_arm_cc26xx_TimestampProvider_get32__E)

.const:ti_sysbios_rom_ROM_xdc_runtime_Startup_getState__I 
*          0    000014c4    00000004     
                  000014c4    00000004     uartecho_pem3.oem3 (.const:ti_sysbios_rom_ROM_xdc_runtime_Startup_getState__I)

.const:ti_sysbios_rom_ROM_xdc_runtime_System_SupportProxy_abort__E 
*          0    000014c8    00000004     
                  000014c8    00000004     uartecho_pem3.oem3 (.const:ti_sysbios_rom_ROM_xdc_runtime_System_SupportProxy_abort__E)

.const:ti_sysbios_rom_ROM_xdc_runtime_System_SupportProxy_exit__E 
*          0    000014cc    00000004     
                  000014cc    00000004     uartecho_pem3.oem3 (.const:ti_sysbios_rom_ROM_xdc_runtime_System_SupportProxy_exit__E)

.const:ti_sysbios_gates_GateMutex_Instance_State_sem__O 
*          0    000014d0    00000004     
                  000014d0    00000004     uartecho_pem3.oem3 (.const:ti_sysbios_gates_GateMutex_Instance_State_sem__O)

.const:ti_sysbios_knl_Clock_Module_State_clockQ__O 
*          0    000014d4    00000004     
                  000014d4    00000004     uartecho_pem3.oem3 (.const:ti_sysbios_knl_Clock_Module_State_clockQ__O)

.const:ti_sysbios_knl_Mailbox_Instance_State_dataQue__O 
*          0    000014d8    00000004     
                  000014d8    00000004     uartecho_pem3.oem3 (.const:ti_sysbios_knl_Mailbox_Instance_State_dataQue__O)

.const:ti_sysbios_knl_Mailbox_Instance_State_dataSem__O 
*          0    000014dc    00000004     
                  000014dc    00000004     uartecho_pem3.oem3 (.const:ti_sysbios_knl_Mailbox_Instance_State_dataSem__O)

.const:ti_sysbios_knl_Mailbox_Instance_State_freeQue__O 
*          0    000014e0    00000004     
                  000014e0    00000004     uartecho_pem3.oem3 (.const:ti_sysbios_knl_Mailbox_Instance_State_freeQue__O)

.const:ti_sysbios_knl_Mailbox_Instance_State_freeSem__O 
*          0    000014e4    00000004     
                  000014e4    00000004     uartecho_pem3.oem3 (.const:ti_sysbios_knl_Mailbox_Instance_State_freeSem__O)

.const:ti_sysbios_knl_Semaphore_Instance_State_pendQ__O 
*          0    000014e8    00000004     
                  000014e8    00000004     uartecho_pem3.oem3 (.const:ti_sysbios_knl_Semaphore_Instance_State_pendQ__O)

.const:ti_sysbios_knl_Task_Module_State_inactiveQ__O 
*          0    000014ec    00000004     
                  000014ec    00000004     uartecho_pem3.oem3 (.const:ti_sysbios_knl_Task_Module_State_inactiveQ__O)

.ccfg      0    0001ffa8    00000058     
                  0001ffa8    00000058     ccfg.obj (.ccfg:retain)

.vecs      0    20000000    000000c8     NOLOAD SECTION
                  20000000    000000c8     uartecho_pem3.oem3 (.vecs)

.data:ti_sysbios_knl_Task_Module__state__V 
*          0    20000100    00000044     UNINITIALIZED
                  20000100    00000044     uartecho_pem3.oem3 (.data:ti_sysbios_knl_Task_Module__state__V)

.data:ti_sysbios_family_arm_m3_Hwi_Module__state__V 
*          0    20000144    00000034     UNINITIALIZED
                  20000144    00000034     uartecho_pem3.oem3 (.data:ti_sysbios_family_arm_m3_Hwi_Module__state__V)

.data:ti_sysbios_knl_Clock_Module__state__V 
*          0    20000178    0000002c     UNINITIALIZED
                  20000178    0000002c     uartecho_pem3.oem3 (.data:ti_sysbios_knl_Clock_Module__state__V)

.data:ti_sysbios_BIOS_Module__state__V 
*          0    200001a4    00000024     UNINITIALIZED
                  200001a4    00000024     uartecho_pem3.oem3 (.data:ti_sysbios_BIOS_Module__state__V)

.data:ti_sysbios_knl_Swi_Module__state__V 
*          0    200001c8    0000001c     UNINITIALIZED
                  200001c8    0000001c     uartecho_pem3.oem3 (.data:ti_sysbios_knl_Swi_Module__state__V)

.data:ti_sysbios_family_arm_cc26xx_Timer_Module__state__V 
*          0    200001e4    00000008     UNINITIALIZED
                  200001e4    00000008     uartecho_pem3.oem3 (.data:ti_sysbios_family_arm_cc26xx_Timer_Module__state__V)

.data:ti_sysbios_family_arm_cc26xx_TimestampProvider_Module__state__V 
*          0    200001ec    00000004     UNINITIALIZED
                  200001ec    00000004     uartecho_pem3.oem3 (.data:ti_sysbios_family_arm_cc26xx_TimestampProvider_Module__state__V)

.data:xdc_runtime_Startup_Module__state__V 
*          0    200001f0    00000008     UNINITIALIZED
                  200001f0    00000008     uartecho_pem3.oem3 (.data:xdc_runtime_Startup_Module__state__V)

.data:xdc_runtime_System_Module__state__V 
*          0    200001f8    00000008     UNINITIALIZED
                  200001f8    00000008     uartecho_pem3.oem3 (.data:xdc_runtime_System_Module__state__V)

.data:xdc_runtime_Memory_Module__state__V 
*          0    20000200    00000004     UNINITIALIZED
                  20000200    00000004     uartecho_pem3.oem3 (.data:xdc_runtime_Memory_Module__state__V)

.bss       0    20000208    00000e47     UNINITIALIZED
                  20000208    00000400     (.common:ti_sysbios_heaps_HeapMem_Instance_State_0_buf__A)
                  20000608    00000300     (.common:task0Stack)
                  20000908    00000200     uartecho_pem3.oem3 (.bss:taskStackSection)
                  20000b08    0000012c     (.common:uartCC26XXObjects)
                  20000c34    00000120     rtsv7M3_T_le_eabi.lib : trgmsg.obj (.bss:_CIOBUF_)
                  20000d54    000000c8     (.common:ti_sysbios_family_arm_m3_Hwi_dispatchTable)
                  20000e1c    00000080     (.common:xdc_runtime_SysMin_Module_State_0_outbuf__A)
                  20000e9c    0000007c     drivers_cc13xxware.aem3 : PINCC26XX.oem3 (.bss:PIN_HandleTable)
                  20000f18    00000050     (.common:task0Struct)
                  20000f68    00000034                             : PINCC26XX.oem3 (.bss:PinSwi)
                  20000f9c    00000020     (.common:PinGpioConfigTable)
                  20000fbc    00000020     (.common:uartCC26XXRingBuffer)
                  20000fdc    0000001c     (.common:PinHwi)
                  20000ff8    0000001c     (.common:PinSem)
                  20001014    00000014     driverlib.lib : osc.obj (.bss:oscHfGlobals)
                  20001028    0000000c     uartecho.obj (.bss:ledPinState)
                  20001034    00000008     rtsv7M3_T_le_eabi.lib : trgdrv.obj (.bss:parmbuf)
                  2000103c    00000008     driverlib.lib : sys_ctrl.obj (.bss:powerQualGlobals)
                  20001044    00000004     (.common:PIN_NumPins)
                  20001048    00000004     (.common:pPinGpio)
                  2000104c    00000001     (.common:driverlib_release_0_47020)
                  2000104d    00000001     (.common:uartRxPowerConstraint)
                  2000104e    00000001     (.common:uartTxPowerConstraint)

.data      0    20001050    0000034a     UNINITIALIZED
                  20001050    00000110     drivers_cc13xxware.aem3 : PowerCC26XX.oem3 (.data:PowerCC26XX_module)
                  20001160    0000004c     uartecho_pem3.oem3 (.data:ti_sysbios_knl_Task_Object__table__V)
                  200011ac    00000004     drivers_cc13xxware.aem3 : UART.oem3 (.data)
                  200011b0    00000048     uartecho_pem3.oem3 (.data:ti_sysbios_family_arm_cc26xx_Timer_Object__table__V)
                  200011f8    00000038     uartecho_pem3.oem3 (.data:ti_sysbios_gates_GateMutex_Object__table__V)
                  20001230    00000030     uartecho_pem3.oem3 (.data:ti_sysbios_knl_Swi_Module_State_0_readyQ__A)
                  20001260    00000030     uartecho_pem3.oem3 (.data:ti_sysbios_knl_Swi_Object__table__V)
                  20001290    00000020     uartecho_pem3.oem3 (.data:ti_sysbios_knl_Clock_Object__table__V)
                  200012b0    00000020     uartecho_pem3.oem3 (.data:ti_sysbios_knl_Task_Module_State_0_readyQ__A)
                  200012d0    00000018     uartecho_pem3.oem3 (.data:ti_sysbios_family_arm_m3_Hwi_Object__table__V)
                  200012e8    00000018     uartecho_pem3.oem3 (.data:ti_sysbios_heaps_HeapMem_Object__table__V)
                  20001300    0000000c     uartecho.obj (.data:ledPinTable)
                  2000130c    0000000c     uartecho_pem3.oem3 (.data:xdc_runtime_SysMin_Module__state__V)
                  20001318    00000008     rtsv7M3_T_le_eabi.lib : _lock.obj (.data:$O1$$)
                  20001320    00000008     uartecho_pem3.oem3 (.data:ti_sysbios_family_arm_m3_Hwi_Module__root__V)
                  20001328    00000008     uartecho_pem3.oem3 (.data:ti_sysbios_gates_GateHwi_Module__root__V)
                  20001330    00000008     uartecho_pem3.oem3 (.data:ti_sysbios_gates_GateMutex_Module__root__V)
                  20001338    00000008     uartecho_pem3.oem3 (.data:ti_sysbios_hal_Hwi_Module__root__V)
                  20001340    00000008     uartecho_pem3.oem3 (.data:ti_sysbios_heaps_HeapMem_Module__root__V)
                  20001348    00000008     uartecho_pem3.oem3 (.data:ti_sysbios_knl_Clock_Module__root__V)
                  20001350    00000008     uartecho_pem3.oem3 (.data:ti_sysbios_knl_Mailbox_Module__root__V)
                  20001358    00000008     uartecho_pem3.oem3 (.data:ti_sysbios_knl_Queue_Module__root__V)
                  20001360    00000008     uartecho_pem3.oem3 (.data:ti_sysbios_knl_Semaphore_Module__root__V)
                  20001368    00000008     uartecho_pem3.oem3 (.data:ti_sysbios_knl_Swi_Module__root__V)
                  20001370    00000008     uartecho_pem3.oem3 (.data:ti_sysbios_knl_Task_Module__root__V)
                  20001378    00000008     uartecho_pem3.oem3 (.data:xdc_runtime_Registry_Module__state__V)
                  20001380    00000008     uartecho_pem3.oem3 (.data:xdc_runtime_System_Module_State_0_atexitHandlers__A)
                  20001388    00000004     rtsv7M3_T_le_eabi.lib : stkdepth_vars.obj (.data)
                  2000138c    00000004     uartecho_pem3.oem3 (.data:ti_sysbios_family_arm_m3_Hwi_Module_State_0_excContext__A)
                  20001390    00000004     uartecho_pem3.oem3 (.data:ti_sysbios_family_arm_m3_Hwi_Module_State_0_excStack__A)
                  20001394    00000004     uartecho_pem3.oem3 (.data:ti_sysbios_knl_Task_Module_State_0_idleTask__A)
                  20001398    00000002     uartecho_pem3.oem3 (.data:ti_sysbios_family_arm_m3_Hwi_Module_State_0_excActive__A)

.stack     0    20004d00    00000300     UNINITIALIZED
                  20004d00    00000300     --HOLE--

.bootVecs 
*          0    00000000    00000008     DSECT
                  00000000    00000008     boot.aem3 : boot.oem3 (.bootVecs)

xdc.meta   0    00000000    0000012d     COPY SECTION
                  00000000    0000012d     uartecho_pem3.oem3 (xdc.meta)

xdc.noload 
*          0    00000000    00000000     COPY SECTION

MODULE SUMMARY

       Module                            code    ro data   rw data
       ------                            ----    -------   -------
    .\
       uartecho.obj                      546     23        872    
       CC1350_LAUNCHXL.obj               0       132       332    
       ccfg.obj                          0       88        0      
    +--+---------------------------------+-------+---------+---------+
[...]
1001c175  ti_sysbios_BIOS_RtsGateProxy_Params__init__S                              
1001c175  ti_sysbios_gates_GateMutex_Params__init__S                                
1001c175  ti_sysbios_heaps_HeapMem_Module_GateProxy_Params__init__S                 
1001c181  ti_sysbios_knl_Clock_Params__init__S                                      
1001c18d  ti_sysbios_knl_Clock_getTimerHandle__E                                    
1001c199  ti_sysbios_knl_Mailbox_Params__init__S                                    
1001c1a5  ti_sysbios_knl_Queue_dequeue__E                                           
1001c1b1  ti_sysbios_knl_Queue_enqueue__E                                           
1001c1bd  ti_sysbios_knl_Semaphore_Params__init__S                                  
1001c1c9  ti_sysbios_knl_Swi_Params__init__S                                        
1001c1d5  ti_sysbios_knl_Task_Params__init__S                                       
1001c1e1  ti_sysbios_knl_Task_self__E                                               
1001c1ed  ti_sysbios_hal_Hwi_Instance_finalize__E                                   
1001c1f7  ti_sysbios_family_arm_m3_Hwi_doSwiRestore__I                              
1001c1ff  ti_sysbios_family_arm_m3_Hwi_startup__E                                   
1001c207  ti_sysbios_knl_Idle_loop__E                                               
1001c20f  ti_sysbios_family_arm_m3_Hwi_doTaskRestore__I                             
1001c215  ti_sysbios_family_arm_m3_Hwi_restoreFxn__E                                
1001c21b  ti_sysbios_gates_GateHwi_leave__E                                         
1001c227  ti_sysbios_knl_Queue_Instance_init__E                                     
1001c22d  ti_sysbios_knl_Queue_elemClear__E                                         
1001c233  ti_sysbios_knl_Swi_Module_startup__E                                      
1001c239  ti_sysbios_knl_Swi_startup__E                                             
1001c23f  ti_sysbios_knl_Task_enable__E                                             
1001c245  ti_sysbios_BIOS_RtsGateProxy_enter__E                                     
1001c249  ti_sysbios_BIOS_RtsGateProxy_leave__E                                     
1001c24d  ti_sysbios_family_arm_cc26xx_Timer_getExpiredTicks__E                     
1001c251  ti_sysbios_family_arm_cc26xx_Timer_getPeriod__E                           
1001c255  ti_sysbios_family_arm_cc26xx_Timer_setPeriod__E                           
1001c259  ti_sysbios_family_arm_m3_Hwi_delete                                       
1001c25d  ti_sysbios_family_arm_m3_Hwi_destruct                                     
1001c261  ti_sysbios_family_arm_m3_TaskSupport_Module__startupDone__S               
1001c265  ti_sysbios_gates_GateHwi_query__E                                         
1001c265  xdc_runtime_System_Module_GateProxy_query__E                              
1001c269  ti_sysbios_gates_GateMutex_delete                                         
1001c26d  ti_sysbios_gates_GateMutex_destruct                                       
1001c271  ti_sysbios_BIOS_RtsGateProxy_query__E                                     
1001c271  ti_sysbios_gates_GateMutex_query__E                                       
1001c271  ti_sysbios_heaps_HeapMem_Module_GateProxy_query__E                        
1001c275  ti_sysbios_hal_Hwi_HwiProxy_Module__startupDone__S                        
1001c279  ti_sysbios_hal_Hwi_HwiProxy_delete                                        
1001c27d  ti_sysbios_hal_Hwi_HwiProxy_disableInterrupt__E                           
1001c27d  ti_sysbios_hal_Hwi_disableInterrupt__E                                    
1001c281  ti_sysbios_hal_Hwi_HwiProxy_enableInterrupt__E                            
1001c281  ti_sysbios_hal_Hwi_enableInterrupt__E                                     
1001c285  ti_sysbios_hal_Hwi_HwiProxy_getStackInfo__E                               
1001c285  ti_sysbios_hal_Hwi_getStackInfo__E                                        
1001c289  ti_sysbios_hal_Hwi_HwiProxy_startup__E                                    
1001c289  ti_sysbios_hal_Hwi_startup__E                                             
1001c28d  ti_sysbios_hal_Hwi_HwiProxy_switchFromBootStack__E                        
1001c291  ti_sysbios_hal_Hwi_delete                                                 
1001c295  ti_sysbios_hal_Hwi_switchFromBootStack__E                                 
1001c299  ti_sysbios_heaps_HeapMem_Module_GateProxy_enter__E                        
1001c29d  ti_sysbios_heaps_HeapMem_Module_GateProxy_leave__E                        
1001c2a1  ti_sysbios_heaps_HeapMem_isBlocking__E                                    
1001c2a5  ti_sysbios_knl_Clock_TimerProxy_Module__startupDone__S                    
1001c2a9  ti_sysbios_knl_Clock_TimerProxy_getExpiredTicks__E                        
1001c2ad  ti_sysbios_knl_Clock_TimerProxy_getPeriod__E                              
1001c2b1  ti_sysbios_knl_Clock_delete                                               
1001c2b5  ti_sysbios_knl_Clock_destruct                                             
1001c2b9  ti_sysbios_knl_Clock_removeI__E                                           
1001c2bd  ti_sysbios_knl_Clock_setTimeout__E                                        
1001c2c1  ti_sysbios_knl_Mailbox_delete                                             
1001c2c5  ti_sysbios_knl_Mailbox_destruct                                           
1001c2c9  ti_sysbios_knl_Queue_delete                                               
1001c2cd  ti_sysbios_knl_Queue_destruct                                             
1001c2d1  ti_sysbios_knl_Queue_head__E                                              
1001c2d5  ti_sysbios_knl_Queue_next__E                                              
1001c2d9  ti_sysbios_knl_Semaphore_delete                                           
1001c2dd  ti_sysbios_knl_Semaphore_destruct                                         
1001c2e1  ti_sysbios_knl_Swi_delete                                                 
1001c2e5  ti_sysbios_knl_Swi_destruct                                               
1001c2e9  ti_sysbios_knl_Swi_postInit__I                                            
1001c2ed  ti_sysbios_knl_Task_SupportProxy_Module__startupDone__S                   
1001c2f1  ti_sysbios_knl_Task_SupportProxy_getStackAlignment__E                     
1001c2f5  ti_sysbios_knl_Task_SupportProxy_start__E                                 
1001c2f9  ti_sysbios_knl_Task_SupportProxy_swap__E                                  
1001c2fd  ti_sysbios_knl_Task_delete                                                
1001c301  ti_sysbios_knl_Task_destruct                                              
1001c305  ti_sysbios_knl_Task_startup__E                                            
1001c309  xdc_runtime_Startup_startMods__I                                          
1001c401  xdc_runtime_Core_createObject__I                                          
1001c483  xdc_runtime_Error_policySpin__E                                           
1001c485  xdc_runtime_Memory_alloc__E                                               
1001c4f5  xdc_runtime_Core_deleteObject__I                                          
1001c555  xdc_runtime_Startup_exec__E                                               
1001c5a5  xdc_runtime_Assert_raise__I                                               
1001c5ed  xdc_runtime_Core_assignParams__I                                          
1001c635  xdc_runtime_Core_constructObject__I                                       
1001c67d  xdc_runtime_System_atexit__E                                              
1001c6b5  xdc_runtime_System_processAtExit__E                                       
1001c6e9  xdc_runtime_Core_assignLabel__I                                           
1001c719  xdc_runtime_Text_cordText__E                                              
1001c745  xdc_runtime_System_abort__E                                               
1001c765  xdc_runtime_Error_raiseX__E                                               
1001c781  xdc_runtime_Memory_valloc__E                                              
1001c79d  xdc_runtime_Core_destructObject__I                                        
1001c7b5  xdc_runtime_Error_check__E                                                
1001c7cd  xdc_runtime_System_exit__E                                                
1001c7e5  xdc_runtime_Text_ropeText__E                                              
1001c7fd  xdc_runtime_Memory_free__E                                                
1001c80d  xdc_runtime_SysCallback_abort__E                                          
1001c81d  xdc_runtime_SysCallback_exit__E                                           
1001c82d  xdc_runtime_Timestamp_SupportProxy_get32__E                               
1001c82d  xdc_runtime_Timestamp_get32__E                                            
1001c83d  xdc_runtime_Error_init__E                                                 
1001c849  xdc_runtime_Memory_calloc__E                                              
1001c855  xdc_runtime_Memory_getMaxDefaultTypeAlign__E                              
1001c875  xdc_runtime_Gate_leaveSystem__E                                           
1001c87b  xdc_runtime_System_Module_startup__E                                      
1001c881  xdc_runtime_Gate_enterSystem__E                                           
1001c885  xdc_runtime_Memory_HeapProxy_alloc__E                                     
1001c889  xdc_runtime_Memory_HeapProxy_free__E                                      
1001c88d  xdc_runtime_System_Module_GateProxy_enter__E                              
1001c891  xdc_runtime_System_Module_GateProxy_leave__E                              
1001c895  xdc_runtime_System_abortSpin__E                                           
1001c897  xdc_runtime_System_exitSpin__E                                            
1001c899  ti_sysbios_family_arm_m3_Hwi_dispatch__I                                  
1001c969  ti_sysbios_family_arm_m3_TaskSupport_buildTaskStack                       
1001c9b5  ti_sysbios_family_arm_m3_Hwi_initStacks__E                                
1001c9fd  ti_sysbios_family_arm_m3_Hwi_excHandlerAsm__I                             
1001ca1d  ti_sysbios_family_xxx_Hwi_switchAndRunFunc                                
1001ca3b  ti_sysbios_family_arm_m3_Hwi_pendSV__I                                    
1001ca53  ti_sysbios_family_arm_m3_Hwi_return                                       
1001ca55  ti_sysbios_family_arm_m3_TaskSupport_glue                                 
1001ca65  ti_sysbios_family_arm_m3_TaskSupport_swap__E                              
1001ca6d  ti_sysbios_knl_Task_swapReturn                                            
1001ca97  ti_sysbios_rom_cortexm_cc13xx_CC13xx_getRevision__E                       
20000000  ti_sysbios_family_arm_m3_Hwi_ramVectors                                   
20000100  ti_sysbios_knl_Task_Module__state__V                                      
20000144  ti_sysbios_family_arm_m3_Hwi_Module__state__V                             
20000178  ti_sysbios_knl_Clock_Module__state__V                                     
200001a4  ti_sysbios_BIOS_Module__state__V                                          
200001c8  ti_sysbios_knl_Swi_Module__state__V                                       
200001e4  ti_sysbios_family_arm_cc26xx_Timer_Module__state__V                       
200001ec  ti_sysbios_family_arm_cc26xx_TimestampProvider_Module__state__V           
200001f0  xdc_runtime_Startup_Module__state__V                                      
200001f8  xdc_runtime_System_Module__state__V                                       
20000200  xdc_runtime_Memory_Module__state__V                                       
20000208  ti_sysbios_heaps_HeapMem_Instance_State_0_buf__A                          
20000608  task0Stack                                                                
20000908  ti_sysbios_knl_Task_Instance_State_0_stack__A                             
20000b08  uartCC26XXObjects                                                         
20000c34  __CIOBUF_                                                                 
20000d54  ti_sysbios_family_arm_m3_Hwi_dispatchTable                                
20000e1c  xdc_runtime_SysMin_Module_State_0_outbuf__A                               
20000e9c  PIN_HandleTable                                                           
20000f18  task0Struct                                                               
20000fbc  uartCC26XXRingBuffer                                                      
20001044  PIN_NumPins                                                               
2000104c  driverlib_release_0_47020                                                 
20001050  PowerCC26XX_module                                                        
20001160  ti_sysbios_knl_Task_Object__table__V                                      
200011b0  ti_sysbios_family_arm_cc26xx_Timer_Object__table__V                       
200011f8  ti_sysbios_gates_GateMutex_Object__table__V                               
20001230  ti_sysbios_knl_Swi_Module_State_0_readyQ__A                               
20001260  ti_sysbios_knl_Swi_Object__table__V                                       
20001290  ti_sysbios_knl_Clock_Object__table__V                                     
200012b0  ti_sysbios_knl_Task_Module_State_0_readyQ__A                              
200012d0  ti_sysbios_family_arm_m3_Hwi_Object__table__V                             
200012e8  ti_sysbios_heaps_HeapMem_Object__table__V                                 
20001300  ledPinTable                                                               
2000130c  xdc_runtime_SysMin_Module__state__V                                       
20001318  _lock                                                                     
2000131c  _unlock                                                                   
20001320  ti_sysbios_family_arm_m3_Hwi_Module__root__V                              
20001328  ti_sysbios_gates_GateHwi_Module__root__V                                  
20001330  ti_sysbios_gates_GateMutex_Module__root__V                                
20001338  ti_sysbios_hal_Hwi_Module__root__V                                        
20001340  ti_sysbios_heaps_HeapMem_Module__root__V                                  
20001348  ti_sysbios_knl_Clock_Module__root__V                                      
20001350  ti_sysbios_knl_Mailbox_Module__root__V                                    
20001358  ti_sysbios_knl_Queue_Module__root__V                                      
20001360  ti_sysbios_knl_Semaphore_Module__root__V                                  
20001368  ti_sysbios_knl_Swi_Module__root__V                                        
20001370  ti_sysbios_knl_Task_Module__root__V                                       
20001378  xdc_runtime_Registry_Module__state__V                                     
20001380  xdc_runtime_System_Module_State_0_atexitHandlers__A                       
20001388  main_func_sp                                                              
2000138c  ti_sysbios_family_arm_m3_Hwi_Module_State_0_excContext__A                 
20001390  ti_sysbios_family_arm_m3_Hwi_Module_State_0_excStack__A                   
20001394  ti_sysbios_knl_Task_Module_State_0_idleTask__A                            
20001398  ti_sysbios_family_arm_m3_Hwi_Module_State_0_excActive__A                  
20004d00  __stack                                                                   
20005000  __STACK_END                                                               
e000e000  ti_sysbios_family_arm_m3_Hwi_nvic                                         
ffffffff  __TI_pprof_out_hndl                                                       
ffffffff  __TI_prof_data_size                                                       
ffffffff  __TI_prof_data_start                                                      
ffffffff  __binit__                                                                 
ffffffff  __c_args__                                                                
ffffffff  binit                                                                     
UNDEFED   HwiP_restore                                                              
UNDEFED   SHT$$INIT_ARRAY$$Base                                                     
UNDEFED   SHT$$INIT_ARRAY$$Limit                                                    
UNDEFED   ti_sysbios_BIOS_RtsGateProxy_Handle__label__S__mangled__                  
UNDEFED   ti_sysbios_BIOS_RtsGateProxy_Object__delete__S__mangled__                 
UNDEFED   ti_sysbios_BIOS_RtsGateProxy_Params__init__S__mangled__                   
UNDEFED   ti_sysbios_BIOS_RtsGateProxy_query__E__mangled__                          
UNDEFED   ti_sysbios_hal_Hwi_HwiProxy_Module__startupDone__S__mangled__             
UNDEFED   ti_sysbios_hal_Hwi_HwiProxy_Object__delete__S__mangled__                  
UNDEFED   ti_sysbios_hal_Hwi_HwiProxy_Params__init__S__mangled__                    
UNDEFED   ti_sysbios_hal_Hwi_HwiProxy_disableInterrupt__E__mangled__                
UNDEFED   ti_sysbios_hal_Hwi_HwiProxy_enableInterrupt__E__mangled__                 
UNDEFED   ti_sysbios_hal_Hwi_HwiProxy_getStackInfo__E__mangled__                    
UNDEFED   ti_sysbios_hal_Hwi_HwiProxy_startup__E__mangled__                         
UNDEFED   ti_sysbios_hal_Hwi_HwiProxy_switchFromBootStack__E__mangled__             
UNDEFED   ti_sysbios_hal_Hwi_disableInterrupt__E                                    
UNDEFED   ti_sysbios_hal_Hwi_enableInterrupt__E                                     
UNDEFED   ti_sysbios_hal_Hwi_getStackInfo__E                                        
UNDEFED   ti_sysbios_hal_Hwi_startup__E                                             
UNDEFED   ti_sysbios_hal_Hwi_switchFromBootStack__E                                 
UNDEFED   ti_sysbios_heaps_HeapMem_Module_GateProxy_Handle__label__S__mangled__     
UNDEFED   ti_sysbios_heaps_HeapMem_Module_GateProxy_Object__delete__S__mangled__    
UNDEFED   ti_sysbios_heaps_HeapMem_Module_GateProxy_Params__init__S__mangled__      
UNDEFED   ti_sysbios_heaps_HeapMem_Module_GateProxy_query__E__mangled__             
UNDEFED   ti_sysbios_knl_Clock_TimerProxy_Module__startupDone__S__mangled__         
UNDEFED   ti_sysbios_knl_Clock_TimerProxy_startup__E__mangled__                     
UNDEFED   ti_sysbios_knl_Task_SupportProxy_Module__startupDone__S__mangled__        
UNDEFED   ti_sysbios_knl_Task_SupportProxy_getStackAlignment__E__mangled__          
UNDEFED   ti_sysbios_knl_Task_SupportProxy_start__E__mangled__                      
UNDEFED   ti_sysbios_knl_Task_SupportProxy_swap__E__mangled__                       
UNDEFED   xdc_runtime_Main_Module_GateProxy_Handle__label__S                        
UNDEFED   xdc_runtime_Main_Module_GateProxy_Object__delete__S                       
UNDEFED   xdc_runtime_Main_Module_GateProxy_query__E                                
UNDEFED   xdc_runtime_Memory_HeapProxy_Handle__label__S__mangled__                  
UNDEFED   xdc_runtime_Memory_HeapProxy_Object__delete__S__mangled__                 
UNDEFED   xdc_runtime_System_Module_GateProxy_Handle__label__S__mangled__           
UNDEFED   xdc_runtime_System_Module_GateProxy_Object__delete__S__mangled__          
UNDEFED   xdc_runtime_System_Module_GateProxy_query__E__mangled__                   
UNDEFED   xdc_runtime_Timestamp_SupportProxy_get64__E__mangled__                    
UNDEFED   xdc_runtime_Timestamp_SupportProxy_getFreq__E__mangled__                  
UNDEFED   xdc_runtime_Timestamp_get32__E                                            
UNDEFED   xdc_runtime_Timestamp_get64__E                                            
UNDEFED   xdc_runtime_Timestamp_getFreq__E                                          

[764 symbols]
